2026-05-16 00:11:06,815 | INFO | ai.pipeline | ============================================================
2026-05-16 00:11:06,815 | INFO | ai.pipeline |    AI Traffic Intelligence Engine — Starting
2026-05-16 00:11:06,816 | INFO | ai.pipeline | ============================================================
2026-05-16 00:11:06,816 | INFO | ai.core.detector | Loading YOLO model: models/yolov8n.pt on device=cpu
2026-05-16 00:11:06,868 | INFO | ai.core.detector | Model loaded successfully.
2026-05-16 00:11:06,868 | INFO | ai.core.tracker | VehicleTracker initialized | px/m=91.4 | stop_threshold=3.0 km/h
2026-05-16 00:11:06,869 | INFO | ai.core.lane_manager | LaneManager initialized with 2 lanes.
2026-05-16 00:11:06,881 | INFO | ai.pipeline | All modules initialized successfully.
2026-05-16 00:12:00,698 | INFO | ai.pipeline | Camera opened | source=0 | resolution=1280x720
2026-05-16 00:12:00,698 | INFO | ai.pipeline | Pipeline running — press Q to stop.
2026-05-16 00:12:20,525 | INFO | ai.analytics.event_logger | Snapshot saved: outputs/snapshot_1778870540.json
2026-05-16 00:12:30,647 | INFO | ai.analytics.event_logger | Snapshot saved: outputs/snapshot_1778870550.json
2026-05-16 00:12:40,741 | INFO | ai.analytics.event_logger | Snapshot saved: outputs/snapshot_1778870560.json
2026-05-16 00:12:50,746 | INFO | ai.analytics.event_logger | Snapshot saved: outputs/snapshot_1778870570.json
2026-05-16 00:13:00,827 | INFO | ai.analytics.event_logger | Snapshot saved: outputs/snapshot_1778870580.json
2026-05-16 00:13:10,857 | INFO | ai.analytics.event_logger | Snapshot saved: outputs/snapshot_1778870590.json
2026-05-16 00:13:20,899 | INFO | ai.analytics.event_logger | Snapshot saved: outputs/snapshot_1778870600.json
2026-05-16 00:13:30,956 | INFO | ai.analytics.event_logger | Snapshot saved: outputs/snapshot_1778870610.json
2026-05-16 00:13:41,122 | INFO | ai.analytics.event_logger | Snapshot saved: outputs/snapshot_1778870621.json
2026-05-16 00:13:51,254 | INFO | ai.analytics.event_logger | Snapshot saved: outputs/snapshot_1778870631.json
2026-05-16 00:14:01,316 | INFO | ai.analytics.event_logger | Snapshot saved: outputs/snapshot_1778870641.json
2026-05-16 00:14:11,385 | INFO | ai.analytics.event_logger | Snapshot saved: outputs/snapshot_1778870651.json
2026-05-16 00:14:21,419 | INFO | ai.analytics.event_logger | Snapshot saved: outputs/snapshot_1778870661.json
2026-05-16 00:14:31,493 | INFO | ai.analytics.event_logger | Snapshot saved: outputs/snapshot_1778870671.json
2026-05-16 00:14:31,497 | INFO | ai.pipeline | Shutdown requested.
2026-05-16 00:14:31,963 | INFO | ai.pipeline | Session ended | frames=893 | duration=151.3s | avg_fps=5.9
