2026-05-16 01:21:47,839 | INFO | ai.pipeline | ============================================================
2026-05-16 01:21:47,839 | INFO | ai.pipeline |    AI Traffic Intelligence Engine — Starting
2026-05-16 01:21:47,840 | INFO | ai.pipeline | ============================================================
2026-05-16 01:21:47,840 | INFO | ai.core.detector | Loading YOLO model: models/yolov8n.pt on device=cpu
2026-05-16 01:21:47,862 | INFO | ai.core.detector | Model loaded successfully.
2026-05-16 01:21:47,862 | INFO | ai.core.tracker | VehicleTracker initialized | px/m=91.4 | stop_threshold=3.0 km/h
2026-05-16 01:21:47,862 | INFO | ai.core.lane_manager | LaneManager initialized with 2 lanes.
2026-05-16 01:21:47,866 | INFO | ai.analytics.traffic_analyzer | Homography built (inliers=4/4)
2026-05-16 01:21:47,866 | INFO | ai.analytics.event_logger | EventLogger ready. Snapshots -> outputs/
2026-05-16 01:21:47,866 | INFO | ai.pipeline | All modules initialized successfully.
2026-05-16 01:21:47,881 | INFO | ai.pipeline | Camera opened | source=datasets/traffic.mp4 | resolution=640x360
2026-05-16 01:21:47,881 | INFO | ai.pipeline | Pipeline running — press Q to stop.
2026-05-16 01:21:48,522 | WARNING | ai.pipeline | Sudden stop detected — track IDs: [1, 3, 4, 5, 6]
2026-05-16 01:21:48,613 | WARNING | ai.pipeline | Sudden stop detected — track IDs: [1, 2, 3, 4, 5, 6]
2026-05-16 01:21:48,701 | WARNING | ai.pipeline | Sudden stop detected — track IDs: [1, 3, 4, 5, 6]
2026-05-16 01:21:48,776 | WARNING | ai.pipeline | Sudden stop detected — track IDs: [1, 3, 4, 5, 6]
2026-05-16 01:21:48,853 | WARNING | ai.pipeline | Sudden stop detected — track IDs: [1, 3, 4, 5, 6, 9]
2026-05-16 01:21:48,931 | WARNING | ai.pipeline | Sudden stop detected — track IDs: [1, 3, 4, 5, 6, 9]
2026-05-16 01:21:49,010 | WARNING | ai.pipeline | Sudden stop detected — track IDs: [1, 3, 4, 5, 6, 9]
2026-05-16 01:21:49,084 | WARNING | ai.pipeline | Sudden stop detected — track IDs: [3, 4, 5, 6, 9]
2026-05-16 01:21:49,163 | WARNING | ai.pipeline | Sudden stop detected — track IDs: [3, 4, 5, 6, 9]
2026-05-16 01:21:49,244 | WARNING | ai.pipeline | Sudden stop detected — track IDs: [3, 4, 5, 6, 9]
2026-05-16 01:21:49,317 | WARNING | ai.pipeline | Sudden stop detected — track IDs: [3, 4, 5, 6, 9]
2026-05-16 01:21:49,394 | WARNING | ai.pipeline | Sudden stop detected — track IDs: [3, 5, 6, 9]
2026-05-16 01:21:49,471 | WARNING | ai.pipeline | Sudden stop detected — track IDs: [3, 4, 5, 6, 9]
2026-05-16 01:21:49,545 | WARNING | ai.pipeline | Sudden stop detected — track IDs: [3, 4, 5, 6, 9, 16]
2026-05-16 01:21:49,623 | WARNING | ai.pipeline | Sudden stop detected — track IDs: [3, 4, 5, 6, 9, 13, 16]
2026-05-16 01:21:49,704 | WARNING | ai.pipeline | Sudden stop detected — track IDs: [3, 4, 5, 6, 9, 13, 16]
2026-05-16 01:21:49,782 | WARNING | ai.pipeline | Sudden stop detected — track IDs: [3, 4, 5, 6, 9, 13, 16]
2026-05-16 01:21:49,860 | WARNING | ai.pipeline | Sudden stop detected — track IDs: [3, 4, 5, 6, 9, 13, 16]
2026-05-16 01:21:49,937 | WARNING | ai.pipeline | Sudden stop detected — track IDs: [3, 4, 5, 6, 9, 13, 16]
2026-05-16 01:21:50,013 | WARNING | ai.pipeline | Sudden stop detected — track IDs: [3, 4, 5, 6, 9, 13, 16]
2026-05-16 01:21:50,089 | WARNING | ai.pipeline | Sudden stop detected — track IDs: [3, 4, 5, 6, 9, 13, 16]
2026-05-16 01:21:50,168 | WARNING | ai.pipeline | Sudden stop detected — track IDs: [3, 4, 5, 6, 9, 13, 16]
2026-05-16 01:21:50,244 | WARNING | ai.pipeline | Sudden stop detected — track IDs: [3, 4, 5, 6, 9, 13, 16]
2026-05-16 01:21:50,320 | WARNING | ai.pipeline | Sudden stop detected — track IDs: [3, 4, 5, 6, 9, 13, 16, 19]
2026-05-16 01:21:50,398 | WARNING | ai.pipeline | Sudden stop detected — track IDs: [3, 4, 5, 6, 9, 13, 16, 19]
2026-05-16 01:21:50,478 | WARNING | ai.pipeline | Sudden stop detected — track IDs: [3, 4, 5, 6, 9, 13, 16, 19]
2026-05-16 01:21:50,553 | WARNING | ai.pipeline | Sudden stop detected — track IDs: [3, 4, 5, 6, 9, 13, 16, 19]
2026-05-16 01:21:50,633 | WARNING | ai.pipeline | Sudden stop detected — track IDs: [3, 4, 5, 6, 9, 13, 16, 19]
2026-05-16 01:21:50,710 | WARNING | ai.pipeline | Sudden stop detected — track IDs: [3, 4, 5, 6, 9, 13, 16, 19]
2026-05-16 01:21:50,789 | WARNING | ai.pipeline | Sudden stop detected — track IDs: [3, 4, 5, 6, 9, 13, 16, 19]
2026-05-16 01:21:50,864 | WARNING | ai.pipeline | Sudden stop detected — track IDs: [3, 4, 5, 6, 9, 13, 16, 19]
2026-05-16 01:21:50,944 | WARNING | ai.pipeline | Sudden stop detected — track IDs: [3, 4, 5, 6, 9, 13, 16, 19]
2026-05-16 01:21:51,020 | WARNING | ai.pipeline | Sudden stop detected — track IDs: [3, 4, 5, 6, 9, 13, 16, 19]
2026-05-16 01:21:51,096 | WARNING | ai.pipeline | Sudden stop detected — track IDs: [3, 4, 5, 6, 9, 13, 16]
2026-05-16 01:21:51,174 | WARNING | ai.pipeline | Sudden stop detected — track IDs: [3, 4, 5, 6, 9, 13, 16, 19]
2026-05-16 01:21:51,252 | WARNING | ai.pipeline | Sudden stop detected — track IDs: [3, 4, 5, 6, 9, 13, 16]
2026-05-16 01:21:51,327 | WARNING | ai.pipeline | Sudden stop detected — track IDs: [3, 4, 5, 6, 9, 13, 16, 20]
2026-05-16 01:21:51,407 | WARNING | ai.pipeline | Sudden stop detected — track IDs: [3, 4, 5, 6, 9, 13, 16, 20]
2026-05-16 01:21:51,485 | WARNING | ai.pipeline | Sudden stop detected — track IDs: [3, 4, 5, 6, 9, 13, 16, 19, 20]
2026-05-16 01:21:51,563 | WARNING | ai.pipeline | Sudden stop detected — track IDs: [3, 4, 5, 6, 9, 13, 16, 19, 20, 22]
2026-05-16 01:21:51,647 | WARNING | ai.pipeline | Sudden stop detected — track IDs: [3, 4, 5, 6, 9, 13, 16, 19, 20, 22]
2026-05-16 01:21:51,719 | WARNING | ai.pipeline | Sudden stop detected — track IDs: [3, 4, 5, 6, 9, 13, 16, 19, 20, 22]
2026-05-16 01:21:51,796 | WARNING | ai.pipeline | Sudden stop detected — track IDs: [3, 4, 5, 6, 9, 13, 16, 19, 20, 22]
2026-05-16 01:21:51,873 | WARNING | ai.pipeline | Sudden stop detected — track IDs: [3, 4, 5, 6, 9, 13, 16, 19, 22]
2026-05-16 01:21:51,950 | WARNING | ai.pipeline | Sudden stop detected — track IDs: [3, 4, 5, 6, 9, 13, 16, 19, 22]
2026-05-16 01:21:52,029 | WARNING | ai.pipeline | Sudden stop detected — track IDs: [3, 4, 5, 6, 9, 13, 16, 19, 20, 22]
2026-05-16 01:21:52,107 | WARNING | ai.pipeline | Sudden stop detected — track IDs: [3, 4, 5, 6, 9, 13, 16, 19, 20, 22]
2026-05-16 01:21:52,180 | WARNING | ai.pipeline | Sudden stop detected — track IDs: [3, 4, 5, 6, 9, 13, 16, 19, 20, 22]
2026-05-16 01:21:52,261 | WARNING | ai.pipeline | Sudden stop detected — track IDs: [3, 4, 5, 6, 13, 16, 19, 20, 22, 24]
2026-05-16 01:21:52,338 | WARNING | ai.pipeline | Sudden stop detected — track IDs: [3, 4, 5, 6, 13, 16, 19, 20, 22, 24]
2026-05-16 01:21:52,415 | WARNING | ai.pipeline | Sudden stop detected — track IDs: [3, 4, 5, 6, 13, 16, 19, 20, 22, 24]
2026-05-16 01:21:52,496 | WARNING | ai.pipeline | Sudden stop detected — track IDs: [3, 4, 5, 6, 13, 16, 19, 20, 22, 24]
2026-05-16 01:21:52,573 | WARNING | ai.pipeline | Sudden stop detected — track IDs: [3, 4, 5, 6, 13, 16, 19, 20, 22, 24]
2026-05-16 01:21:52,650 | WARNING | ai.pipeline | Sudden stop detected — track IDs: [3, 4, 5, 6, 13, 16, 19, 20, 22, 24]
2026-05-16 01:21:52,728 | WARNING | ai.pipeline | Sudden stop detected — track IDs: [3, 4, 5, 13, 16, 19, 20, 22, 24]
2026-05-16 01:21:52,805 | WARNING | ai.pipeline | Sudden stop detected — track IDs: [3, 4, 5, 13, 16, 19, 20, 22, 24]
2026-05-16 01:21:52,883 | WARNING | ai.pipeline | Sudden stop detected — track IDs: [3, 4, 5, 13, 16, 19, 20, 22, 24]
2026-05-16 01:21:52,962 | WARNING | ai.pipeline | Sudden stop detected — track IDs: [3, 4, 5, 6, 13, 16, 19, 20, 22, 24]
2026-05-16 01:21:53,035 | WARNING | ai.pipeline | Sudden stop detected — track IDs: [3, 4, 5, 13, 16, 19, 20, 22, 24]
2026-05-16 01:21:53,116 | WARNING | ai.pipeline | Sudden stop detected — track IDs: [3, 4, 5, 13, 16, 19, 20, 22, 24]
2026-05-16 01:21:53,195 | WARNING | ai.pipeline | Sudden stop detected — track IDs: [3, 4, 5, 13, 16, 19, 20, 22, 24]
2026-05-16 01:21:53,273 | WARNING | ai.pipeline | Sudden stop detected — track IDs: [3, 4, 5, 13, 16, 19, 20, 22, 24]
2026-05-16 01:21:53,349 | WARNING | ai.pipeline | Sudden stop detected — track IDs: [3, 4, 5, 13, 16, 19, 20, 22, 24]
2026-05-16 01:21:53,427 | WARNING | ai.pipeline | Sudden stop detected — track IDs: [3, 4, 5, 13, 16, 19, 20, 22, 24, 28]
2026-05-16 01:21:53,503 | WARNING | ai.pipeline | Sudden stop detected — track IDs: [3, 4, 5, 16, 19, 20, 22, 24, 28]
2026-05-16 01:21:53,582 | WARNING | ai.pipeline | Sudden stop detected — track IDs: [3, 4, 5, 16, 19, 20, 22, 24, 28]
2026-05-16 01:21:53,661 | WARNING | ai.pipeline | Sudden stop detected — track IDs: [3, 4, 5, 16, 19, 20, 22, 24, 28]
2026-05-16 01:21:53,738 | WARNING | ai.pipeline | Sudden stop detected — track IDs: [3, 4, 5, 6, 16, 19, 20, 22, 24, 28]
2026-05-16 01:21:53,816 | WARNING | ai.pipeline | Sudden stop detected — track IDs: [3, 4, 5, 6, 16, 19, 20, 24, 28]
2026-05-16 01:21:53,892 | WARNING | ai.pipeline | Sudden stop detected — track IDs: [3, 4, 5, 6, 16, 19, 20, 24, 28]
2026-05-16 01:21:53,971 | WARNING | ai.pipeline | Sudden stop detected — track IDs: [3, 4, 5, 6, 16, 19, 20, 24, 28, 32]
2026-05-16 01:21:54,049 | WARNING | ai.pipeline | Sudden stop detected — track IDs: [3, 4, 5, 6, 16, 19, 20, 24, 28, 32]
2026-05-16 01:21:54,124 | WARNING | ai.pipeline | Sudden stop detected — track IDs: [3, 4, 5, 6, 16, 19, 20, 24, 28, 32]
2026-05-16 01:21:54,201 | WARNING | ai.pipeline | Sudden stop detected — track IDs: [3, 4, 5, 6, 16, 19, 20, 24, 28, 32]
2026-05-16 01:21:54,277 | WARNING | ai.pipeline | Sudden stop detected — track IDs: [3, 4, 5, 6, 16, 19, 20, 24, 28, 32]
2026-05-16 01:21:54,356 | WARNING | ai.pipeline | Sudden stop detected — track IDs: [3, 4, 5, 6, 16, 19, 20, 24, 28, 32]
2026-05-16 01:21:54,433 | WARNING | ai.pipeline | Sudden stop detected — track IDs: [3, 4, 5, 6, 16, 19, 20, 24, 28, 32, 34]
2026-05-16 01:21:54,512 | WARNING | ai.pipeline | Sudden stop detected — track IDs: [3, 4, 5, 6, 16, 19, 20, 24, 28, 32, 34]
2026-05-16 01:21:54,589 | WARNING | ai.pipeline | Sudden stop detected — track IDs: [3, 4, 5, 6, 16, 19, 20, 24, 28, 32, 34]
2026-05-16 01:21:54,665 | WARNING | ai.pipeline | Sudden stop detected — track IDs: [3, 4, 5, 6, 16, 19, 20, 24, 28, 32, 34]
2026-05-16 01:21:54,745 | WARNING | ai.pipeline | Sudden stop detected — track IDs: [3, 4, 5, 6, 16, 19, 20, 24, 28, 32, 34]
2026-05-16 01:21:54,821 | WARNING | ai.pipeline | Sudden stop detected — track IDs: [3, 4, 5, 6, 16, 19, 20, 24, 28, 32, 34]
2026-05-16 01:21:54,900 | WARNING | ai.pipeline | Sudden stop detected — track IDs: [3, 4, 5, 6, 16, 19, 20, 24, 28, 32, 34]
2026-05-16 01:21:54,982 | WARNING | ai.pipeline | Sudden stop detected — track IDs: [3, 4, 5, 6, 16, 19, 20, 24, 28, 32, 34]
2026-05-16 01:21:55,054 | WARNING | ai.pipeline | Sudden stop detected — track IDs: [3, 4, 5, 6, 16, 19, 20, 28, 32, 34]
2026-05-16 01:21:55,134 | WARNING | ai.pipeline | Sudden stop detected — track IDs: [3, 4, 6, 16, 19, 20, 28, 32, 34]
2026-05-16 01:21:55,211 | WARNING | ai.pipeline | Sudden stop detected — track IDs: [3, 4, 6, 16, 19, 20, 28, 32, 34]
2026-05-16 01:21:55,290 | WARNING | ai.pipeline | Sudden stop detected — track IDs: [3, 4, 6, 16, 19, 20, 28, 32, 34, 36]
2026-05-16 01:21:55,290 | WARNING | ai.pipeline | Wrong-way vehicle — track IDs: [4]
2026-05-16 01:21:55,368 | WARNING | ai.pipeline | Sudden stop detected — track IDs: [3, 4, 6, 16, 19, 20, 28, 32, 34, 36]
2026-05-16 01:21:55,446 | WARNING | ai.pipeline | Sudden stop detected — track IDs: [3, 4, 6, 16, 19, 20, 28, 32, 34]
2026-05-16 01:21:55,523 | WARNING | ai.pipeline | Sudden stop detected — track IDs: [3, 4, 6, 16, 19, 20, 28, 32, 34]
2026-05-16 01:21:55,600 | WARNING | ai.pipeline | Sudden stop detected — track IDs: [3, 4, 6, 16, 19, 20, 28, 32, 34]
2026-05-16 01:21:55,677 | WARNING | ai.pipeline | Sudden stop detected — track IDs: [3, 4, 6, 16, 19, 20, 28, 32, 34]
2026-05-16 01:21:55,753 | WARNING | ai.pipeline | Sudden stop detected — track IDs: [3, 4, 6, 19, 20, 28, 32, 34]
2026-05-16 01:21:55,831 | WARNING | ai.pipeline | Sudden stop detected — track IDs: [3, 4, 6, 19, 20, 28, 32, 34, 36]
2026-05-16 01:21:55,910 | WARNING | ai.pipeline | Sudden stop detected — track IDs: [3, 4, 6, 19, 20, 28, 32, 34]
2026-05-16 01:21:55,989 | WARNING | ai.pipeline | Sudden stop detected — track IDs: [3, 4, 6, 19, 20, 28, 32, 34, 36]
2026-05-16 01:21:56,065 | WARNING | ai.pipeline | Sudden stop detected — track IDs: [3, 4, 6, 19, 20, 28, 32, 34]
2026-05-16 01:21:56,141 | WARNING | ai.pipeline | Sudden stop detected — track IDs: [3, 4, 6, 19, 20, 28, 32, 34, 36]
2026-05-16 01:21:56,220 | WARNING | ai.pipeline | Sudden stop detected — track IDs: [3, 4, 6, 19, 20, 28, 32, 34, 36]
2026-05-16 01:21:56,296 | WARNING | ai.pipeline | Sudden stop detected — track IDs: [3, 4, 6, 19, 20, 28, 32, 33, 34, 36]
2026-05-16 01:21:56,376 | WARNING | ai.pipeline | Sudden stop detected — track IDs: [3, 4, 6, 19, 20, 28, 32, 33, 36]
2026-05-16 01:21:56,452 | WARNING | ai.pipeline | Sudden stop detected — track IDs: [3, 4, 6, 19, 20, 28, 32, 33, 36]
2026-05-16 01:21:56,529 | WARNING | ai.pipeline | Sudden stop detected — track IDs: [3, 4, 6, 19, 20, 28, 32, 33, 34, 36]
2026-05-16 01:21:56,608 | WARNING | ai.pipeline | Sudden stop detected — track IDs: [3, 4, 6, 19, 20, 32, 33, 34, 36]
2026-05-16 01:21:56,688 | WARNING | ai.pipeline | Sudden stop detected — track IDs: [3, 4, 6, 19, 20, 32, 33, 36]
2026-05-16 01:21:56,765 | WARNING | ai.pipeline | Sudden stop detected — track IDs: [3, 4, 19, 20, 32, 33, 36]
2026-05-16 01:21:56,847 | WARNING | ai.pipeline | Sudden stop detected — track IDs: [3, 4, 19, 20, 32, 33, 36]
2026-05-16 01:21:56,920 | WARNING | ai.pipeline | Sudden stop detected — track IDs: [3, 4, 19, 20, 32, 33, 36]
2026-05-16 01:21:56,996 | WARNING | ai.pipeline | Sudden stop detected — track IDs: [3, 4, 19, 20, 32, 33, 36]
2026-05-16 01:21:57,074 | WARNING | ai.pipeline | Sudden stop detected — track IDs: [3, 4, 19, 20, 32, 33, 36]
2026-05-16 01:21:57,152 | WARNING | ai.pipeline | Sudden stop detected — track IDs: [3, 4, 19, 20, 32, 33, 36, 40]
2026-05-16 01:21:57,232 | WARNING | ai.pipeline | Sudden stop detected — track IDs: [3, 4, 19, 20, 32, 33, 36, 40]
2026-05-16 01:21:57,312 | WARNING | ai.pipeline | Sudden stop detected — track IDs: [3, 4, 19, 20, 32, 33, 36, 40]
2026-05-16 01:21:57,384 | WARNING | ai.pipeline | Sudden stop detected — track IDs: [3, 4, 19, 20, 32, 33, 36, 40]
2026-05-16 01:21:57,460 | WARNING | ai.pipeline | Sudden stop detected — track IDs: [3, 4, 19, 20, 32, 33, 36, 40]
2026-05-16 01:21:57,540 | WARNING | ai.pipeline | Sudden stop detected — track IDs: [3, 4, 19, 20, 32, 33, 36, 39, 40]
2026-05-16 01:21:57,618 | WARNING | ai.pipeline | Sudden stop detected — track IDs: [3, 4, 19, 20, 32, 33, 36, 39, 40]
2026-05-16 01:21:57,695 | WARNING | ai.pipeline | Sudden stop detected — track IDs: [3, 4, 19, 20, 32, 33, 36, 39, 40]
2026-05-16 01:21:57,772 | WARNING | ai.pipeline | Sudden stop detected — track IDs: [3, 4, 19, 20, 32, 33, 36, 39, 40]
2026-05-16 01:21:57,848 | WARNING | ai.pipeline | Sudden stop detected — track IDs: [3, 4, 19, 20, 32, 33, 36, 39, 40]
2026-05-16 01:21:57,928 | WARNING | ai.pipeline | Sudden stop detected — track IDs: [3, 4, 19, 20, 32, 33, 36, 39, 40, 42]
2026-05-16 01:21:57,928 | INFO | ai.analytics.event_logger | Snapshot saved: outputs/snapshot_1778874717.json
2026-05-16 01:21:58,005 | WARNING | ai.pipeline | Sudden stop detected — track IDs: [3, 4, 19, 20, 32, 33, 36, 39, 40, 42]
2026-05-16 01:21:58,082 | WARNING | ai.pipeline | Sudden stop detected — track IDs: [3, 4, 19, 20, 32, 33, 36, 39, 40, 42]
2026-05-16 01:21:58,158 | WARNING | ai.pipeline | Sudden stop detected — track IDs: [3, 4, 19, 20, 32, 33, 36, 39, 40, 42]
2026-05-16 01:21:58,239 | WARNING | ai.pipeline | Sudden stop detected — track IDs: [3, 4, 19, 20, 32, 33, 36, 39, 40, 42]
2026-05-16 01:21:58,316 | WARNING | ai.pipeline | Sudden stop detected — track IDs: [3, 4, 19, 20, 32, 33, 36, 39, 40, 42]
2026-05-16 01:21:58,392 | WARNING | ai.pipeline | Sudden stop detected — track IDs: [3, 4, 19, 20, 32, 33, 36, 39, 40, 42, 43]
2026-05-16 01:21:58,469 | WARNING | ai.pipeline | Sudden stop detected — track IDs: [3, 4, 19, 20, 32, 33, 36, 39, 40, 42, 43]
2026-05-16 01:21:58,556 | WARNING | ai.pipeline | Sudden stop detected — track IDs: [3, 4, 19, 20, 32, 33, 36, 39, 40, 42, 43]
2026-05-16 01:21:58,635 | WARNING | ai.pipeline | Sudden stop detected — track IDs: [3, 4, 19, 20, 32, 33, 36, 39, 40, 42, 43]
2026-05-16 01:21:58,721 | WARNING | ai.pipeline | Sudden stop detected — track IDs: [3, 4, 19, 20, 32, 33, 36, 39, 40, 42, 43]
2026-05-16 01:21:58,792 | WARNING | ai.pipeline | Sudden stop detected — track IDs: [3, 19, 20, 32, 33, 36, 39, 40, 42, 43]
2026-05-16 01:21:58,870 | WARNING | ai.pipeline | Sudden stop detected — track IDs: [3, 19, 20, 32, 33, 36, 39, 40, 42, 43]
2026-05-16 01:21:58,945 | WARNING | ai.pipeline | Sudden stop detected — track IDs: [3, 19, 20, 32, 33, 36, 39, 40, 42, 43]
2026-05-16 01:21:59,024 | WARNING | ai.pipeline | Sudden stop detected — track IDs: [3, 19, 20, 32, 36, 39, 40, 42, 43, 45]
2026-05-16 01:21:59,105 | WARNING | ai.pipeline | Sudden stop detected — track IDs: [3, 19, 20, 32, 33, 36, 39, 40, 42, 45]
2026-05-16 01:21:59,182 | WARNING | ai.pipeline | Sudden stop detected — track IDs: [19, 20, 32, 36, 39, 40, 42, 45, 47]
2026-05-16 01:21:59,258 | WARNING | ai.pipeline | Sudden stop detected — track IDs: [19, 20, 32, 36, 39, 40, 42, 43, 45, 47]
2026-05-16 01:21:59,334 | WARNING | ai.pipeline | Sudden stop detected — track IDs: [19, 20, 32, 36, 39, 40, 42, 43, 45, 47]
2026-05-16 01:21:59,411 | WARNING | ai.pipeline | Sudden stop detected — track IDs: [19, 20, 32, 36, 39, 40, 42, 45]
2026-05-16 01:21:59,495 | WARNING | ai.pipeline | Sudden stop detected — track IDs: [19, 20, 32, 36, 39, 40, 42, 43, 45]
2026-05-16 01:21:59,569 | WARNING | ai.pipeline | Sudden stop detected — track IDs: [19, 20, 32, 36, 39, 40, 42, 43, 45]
2026-05-16 01:21:59,648 | WARNING | ai.pipeline | Sudden stop detected — track IDs: [19, 20, 32, 36, 39, 40, 42, 43, 45, 47]
2026-05-16 01:21:59,727 | WARNING | ai.pipeline | Sudden stop detected — track IDs: [19, 20, 32, 36, 39, 42, 43, 45]
2026-05-16 01:21:59,803 | WARNING | ai.pipeline | Sudden stop detected — track IDs: [19, 20, 32, 36, 39, 42, 43, 45]
2026-05-16 01:21:59,882 | WARNING | ai.pipeline | Sudden stop detected — track IDs: [19, 20, 32, 36, 39, 42, 43, 45, 47]
2026-05-16 01:21:59,958 | WARNING | ai.pipeline | Sudden stop detected — track IDs: [19, 20, 32, 36, 39, 42, 43, 45, 47]
2026-05-16 01:22:00,038 | WARNING | ai.pipeline | Sudden stop detected — track IDs: [19, 20, 32, 36, 42, 43, 45, 47]
2026-05-16 01:22:00,114 | WARNING | ai.pipeline | Sudden stop detected — track IDs: [19, 20, 32, 36, 42, 43, 45, 47]
2026-05-16 01:22:00,192 | WARNING | ai.pipeline | Sudden stop detected — track IDs: [19, 20, 32, 36, 42, 43, 45, 47]
2026-05-16 01:22:00,270 | WARNING | ai.pipeline | Sudden stop detected — track IDs: [19, 20, 32, 36, 42, 43, 45, 47]
2026-05-16 01:22:00,345 | WARNING | ai.pipeline | Sudden stop detected — track IDs: [19, 20, 32, 36, 42, 43, 45, 47]
2026-05-16 01:22:00,427 | WARNING | ai.pipeline | Sudden stop detected — track IDs: [19, 20, 32, 36, 42, 43, 45, 47]
2026-05-16 01:22:00,503 | WARNING | ai.pipeline | Sudden stop detected — track IDs: [19, 20, 32, 36, 42, 43, 45, 47]
2026-05-16 01:22:00,581 | WARNING | ai.pipeline | Sudden stop detected — track IDs: [19, 20, 32, 36, 42, 43, 45, 47]
2026-05-16 01:22:00,659 | WARNING | ai.pipeline | Sudden stop detected — track IDs: [19, 20, 32, 36, 42, 43, 45, 47]
2026-05-16 01:22:00,735 | WARNING | ai.pipeline | Sudden stop detected — track IDs: [19, 20, 32, 36, 42, 43, 45, 47]
2026-05-16 01:22:00,812 | WARNING | ai.pipeline | Sudden stop detected — track IDs: [19, 20, 32, 36, 42, 43, 45, 47]
2026-05-16 01:22:00,890 | WARNING | ai.pipeline | Sudden stop detected — track IDs: [19, 20, 32, 36, 42, 43, 45, 47]
2026-05-16 01:22:00,967 | WARNING | ai.pipeline | Sudden stop detected — track IDs: [19, 20, 32, 36, 42, 43, 45, 47]
2026-05-16 01:22:01,047 | WARNING | ai.pipeline | Sudden stop detected — track IDs: [19, 20, 32, 36, 42, 43, 45, 47]
2026-05-16 01:22:01,120 | WARNING | ai.pipeline | Sudden stop detected — track IDs: [19, 20, 32, 36, 42, 43, 45, 47]
2026-05-16 01:22:01,198 | WARNING | ai.pipeline | Sudden stop detected — track IDs: [19, 20, 32, 36, 42, 43, 45, 47]
2026-05-16 01:22:01,275 | WARNING | ai.pipeline | Sudden stop detected — track IDs: [19, 20, 32, 36, 42, 43, 47]
2026-05-16 01:22:01,351 | WARNING | ai.pipeline | Sudden stop detected — track IDs: [19, 20, 32, 36, 42, 43, 47]
2026-05-16 01:22:01,431 | WARNING | ai.pipeline | Sudden stop detected — track IDs: [19, 20, 32, 36, 42, 43, 47]
2026-05-16 01:22:01,509 | WARNING | ai.pipeline | Sudden stop detected — track IDs: [19, 20, 32, 36, 42, 43, 47]
2026-05-16 01:22:01,587 | WARNING | ai.pipeline | Sudden stop detected — track IDs: [19, 20, 32, 36, 42, 43, 47]
2026-05-16 01:22:01,663 | WARNING | ai.pipeline | Sudden stop detected — track IDs: [19, 20, 32, 36, 42, 43, 47]
2026-05-16 01:22:01,741 | WARNING | ai.pipeline | Sudden stop detected — track IDs: [19, 20, 32, 36, 42, 43, 47]
2026-05-16 01:22:01,818 | WARNING | ai.pipeline | Sudden stop detected — track IDs: [19, 20, 32, 36, 42, 43, 47]
2026-05-16 01:22:01,897 | WARNING | ai.pipeline | Sudden stop detected — track IDs: [19, 20, 32, 36, 42, 43, 47]
2026-05-16 01:22:01,972 | WARNING | ai.pipeline | Sudden stop detected — track IDs: [19, 20, 32, 36, 42, 43, 47]
2026-05-16 01:22:02,053 | WARNING | ai.pipeline | Sudden stop detected — track IDs: [19, 20, 32, 36, 42, 43, 47]
2026-05-16 01:22:02,124 | WARNING | ai.pipeline | Sudden stop detected — track IDs: [19, 20, 32, 36, 42, 43, 47]
2026-05-16 01:22:02,203 | WARNING | ai.pipeline | Sudden stop detected — track IDs: [19, 20, 32, 36, 42, 43, 47]
2026-05-16 01:22:02,281 | WARNING | ai.pipeline | Sudden stop detected — track IDs: [19, 20, 32, 36, 42, 43, 47]
2026-05-16 01:22:02,360 | WARNING | ai.pipeline | Sudden stop detected — track IDs: [19, 20, 32, 36, 42, 43, 47]
2026-05-16 01:22:02,435 | WARNING | ai.pipeline | Sudden stop detected — track IDs: [19, 20, 32, 36, 42, 43, 47]
2026-05-16 01:22:02,514 | WARNING | ai.pipeline | Sudden stop detected — track IDs: [19, 20, 32, 36, 42, 43, 47]
2026-05-16 01:22:02,593 | WARNING | ai.pipeline | Sudden stop detected — track IDs: [19, 20, 32, 36, 42, 43, 47]
2026-05-16 01:22:02,670 | WARNING | ai.pipeline | Sudden stop detected — track IDs: [19, 20, 32, 36, 42, 43, 47]
2026-05-16 01:22:02,746 | WARNING | ai.pipeline | Sudden stop detected — track IDs: [19, 20, 32, 36, 42, 43, 47]
2026-05-16 01:22:02,825 | WARNING | ai.pipeline | Sudden stop detected — track IDs: [19, 20, 32, 36, 42, 43, 47, 49]
2026-05-16 01:22:02,901 | WARNING | ai.pipeline | Sudden stop detected — track IDs: [19, 20, 32, 36, 42, 43, 47, 49]
2026-05-16 01:22:02,979 | WARNING | ai.pipeline | Sudden stop detected — track IDs: [19, 20, 32, 36, 42, 43, 47, 49]
2026-05-16 01:22:03,058 | WARNING | ai.pipeline | Sudden stop detected — track IDs: [19, 20, 32, 36, 42, 43, 47, 49]
2026-05-16 01:22:03,141 | WARNING | ai.pipeline | Sudden stop detected — track IDs: [19, 20, 32, 36, 42, 43, 47, 49]
2026-05-16 01:22:03,215 | WARNING | ai.pipeline | Sudden stop detected — track IDs: [19, 20, 32, 36, 42, 43, 47, 49]
2026-05-16 01:22:03,292 | WARNING | ai.pipeline | Sudden stop detected — track IDs: [19, 20, 32, 36, 42, 43, 47, 49]
2026-05-16 01:22:03,368 | WARNING | ai.pipeline | Sudden stop detected — track IDs: [19, 20, 32, 36, 42, 43, 47, 49]
2026-05-16 01:22:03,445 | WARNING | ai.pipeline | Sudden stop detected — track IDs: [19, 20, 32, 36, 42, 43, 47, 49]
2026-05-16 01:22:03,525 | WARNING | ai.pipeline | Sudden stop detected — track IDs: [19, 20, 32, 36, 42, 43, 47, 49, 52]
2026-05-16 01:22:03,599 | WARNING | ai.pipeline | Sudden stop detected — track IDs: [19, 20, 32, 36, 42, 43, 47, 49, 52]
2026-05-16 01:22:03,678 | WARNING | ai.pipeline | Sudden stop detected — track IDs: [19, 20, 32, 36, 42, 43, 47, 49, 52]
2026-05-16 01:22:03,756 | WARNING | ai.pipeline | Sudden stop detected — track IDs: [19, 20, 32, 36, 42, 43, 47, 49, 52]
2026-05-16 01:22:03,833 | WARNING | ai.pipeline | Sudden stop detected — track IDs: [20, 32, 36, 42, 43, 47, 49, 52]
2026-05-16 01:22:03,912 | WARNING | ai.pipeline | Sudden stop detected — track IDs: [20, 32, 36, 42, 43, 47, 49, 52]
2026-05-16 01:22:03,989 | WARNING | ai.pipeline | Sudden stop detected — track IDs: [20, 32, 36, 42, 43, 47, 49, 52]
2026-05-16 01:22:04,067 | WARNING | ai.pipeline | Sudden stop detected — track IDs: [20, 32, 36, 42, 43, 47, 49, 52, 54]
2026-05-16 01:22:04,144 | WARNING | ai.pipeline | Sudden stop detected — track IDs: [20, 32, 36, 42, 43, 47, 49, 52, 54]
2026-05-16 01:22:04,220 | WARNING | ai.pipeline | Sudden stop detected — track IDs: [20, 32, 36, 42, 43, 47, 49, 52, 54]
2026-05-16 01:22:04,295 | WARNING | ai.pipeline | Sudden stop detected — track IDs: [20, 32, 36, 42, 43, 47, 49, 52, 54]
2026-05-16 01:22:04,376 | WARNING | ai.pipeline | Sudden stop detected — track IDs: [20, 32, 36, 42, 43, 47, 49, 52, 54]
2026-05-16 01:22:04,456 | WARNING | ai.pipeline | Sudden stop detected — track IDs: [20, 32, 36, 42, 43, 47, 49, 52, 54]
2026-05-16 01:22:04,533 | WARNING | ai.pipeline | Sudden stop detected — track IDs: [32, 36, 42, 43, 47, 49, 52, 54]
2026-05-16 01:22:04,609 | WARNING | ai.pipeline | Sudden stop detected — track IDs: [32, 36, 42, 43, 47, 49, 52, 55]
2026-05-16 01:22:04,688 | WARNING | ai.pipeline | Sudden stop detected — track IDs: [32, 36, 42, 43, 47, 49, 52, 54, 55]
2026-05-16 01:22:04,763 | WARNING | ai.pipeline | Sudden stop detected — track IDs: [32, 36, 42, 43, 47, 49, 52, 54, 55]
2026-05-16 01:22:04,843 | WARNING | ai.pipeline | Sudden stop detected — track IDs: [36, 42, 43, 47, 49, 52, 54, 55]
2026-05-16 01:22:04,922 | WARNING | ai.pipeline | Sudden stop detected — track IDs: [36, 42, 43, 47, 49, 52, 54, 55, 56]
2026-05-16 01:22:04,999 | WARNING | ai.pipeline | Sudden stop detected — track IDs: [36, 42, 43, 47, 49, 52, 54, 55, 56]
2026-05-16 01:22:05,078 | WARNING | ai.pipeline | Sudden stop detected — track IDs: [36, 42, 43, 47, 49, 52, 54, 55, 56]
2026-05-16 01:22:05,155 | WARNING | ai.pipeline | Sudden stop detected — track IDs: [36, 42, 43, 47, 49, 52, 54, 55, 56]
2026-05-16 01:22:05,231 | WARNING | ai.pipeline | Sudden stop detected — track IDs: [36, 42, 43, 47, 49, 52, 54, 55]
2026-05-16 01:22:05,310 | WARNING | ai.pipeline | Sudden stop detected — track IDs: [36, 42, 43, 47, 49, 52, 54, 55]
2026-05-16 01:22:05,390 | WARNING | ai.pipeline | Sudden stop detected — track IDs: [36, 42, 43, 47, 49, 52, 54, 55]
2026-05-16 01:22:05,466 | WARNING | ai.pipeline | Sudden stop detected — track IDs: [36, 42, 43, 47, 52, 54, 55]
2026-05-16 01:22:05,543 | WARNING | ai.pipeline | Sudden stop detected — track IDs: [36, 42, 43, 47, 52, 54, 55, 56]
2026-05-16 01:22:05,621 | WARNING | ai.pipeline | Sudden stop detected — track IDs: [36, 42, 43, 47, 52, 54, 55, 56]
2026-05-16 01:22:05,700 | WARNING | ai.pipeline | Sudden stop detected — track IDs: [36, 42, 43, 47, 52, 54, 55, 56]
2026-05-16 01:22:05,777 | WARNING | ai.pipeline | Sudden stop detected — track IDs: [36, 42, 43, 47, 52, 54, 55, 56]
2026-05-16 01:22:05,854 | WARNING | ai.pipeline | Sudden stop detected — track IDs: [36, 42, 43, 47, 52, 54, 55, 56]
2026-05-16 01:22:05,930 | WARNING | ai.pipeline | Sudden stop detected — track IDs: [36, 42, 43, 47, 52, 54, 55, 56]
2026-05-16 01:22:06,007 | WARNING | ai.pipeline | Sudden stop detected — track IDs: [36, 42, 43, 47, 52, 54, 55, 56]
2026-05-16 01:22:06,085 | WARNING | ai.pipeline | Sudden stop detected — track IDs: [36, 42, 43, 47, 52, 54, 55, 56]
2026-05-16 01:22:06,166 | WARNING | ai.pipeline | Sudden stop detected — track IDs: [36, 42, 43, 47, 52, 54, 55, 56]
2026-05-16 01:22:06,241 | WARNING | ai.pipeline | Sudden stop detected — track IDs: [36, 42, 43, 47, 52, 54, 55, 56]
2026-05-16 01:22:06,320 | WARNING | ai.pipeline | Sudden stop detected — track IDs: [36, 42, 43, 47, 52, 54, 55, 56]
2026-05-16 01:22:06,397 | WARNING | ai.pipeline | Sudden stop detected — track IDs: [36, 42, 43, 47, 52, 54, 55, 56]
2026-05-16 01:22:06,476 | WARNING | ai.pipeline | Sudden stop detected — track IDs: [42, 43, 47, 52, 54, 55, 56]
2026-05-16 01:22:06,551 | WARNING | ai.pipeline | Sudden stop detected — track IDs: [42, 43, 47, 52, 54, 55, 56]
2026-05-16 01:22:06,629 | WARNING | ai.pipeline | Sudden stop detected — track IDs: [42, 43, 47, 52, 54, 55, 56]
2026-05-16 01:22:06,706 | WARNING | ai.pipeline | Sudden stop detected — track IDs: [42, 43, 47, 52, 54, 55, 56]
2026-05-16 01:22:06,783 | WARNING | ai.pipeline | Sudden stop detected — track IDs: [42, 43, 47, 52, 54, 55, 56]
2026-05-16 01:22:06,861 | WARNING | ai.pipeline | Sudden stop detected — track IDs: [42, 43, 47, 52, 54, 55, 56]
2026-05-16 01:22:06,939 | WARNING | ai.pipeline | Sudden stop detected — track IDs: [42, 43, 47, 52, 54, 55, 56]
2026-05-16 01:22:07,019 | WARNING | ai.pipeline | Sudden stop detected — track IDs: [42, 43, 47, 52, 54, 55, 56]
2026-05-16 01:22:07,096 | WARNING | ai.pipeline | Sudden stop detected — track IDs: [42, 43, 47, 52, 54, 55, 56]
2026-05-16 01:22:07,173 | WARNING | ai.pipeline | Sudden stop detected — track IDs: [42, 43, 47, 52, 54, 55, 56, 60]
2026-05-16 01:22:07,256 | WARNING | ai.pipeline | Sudden stop detected — track IDs: [42, 43, 47, 52, 54, 55, 56, 60]
2026-05-16 01:22:07,330 | WARNING | ai.pipeline | Sudden stop detected — track IDs: [42, 43, 47, 52, 54, 55, 56, 60]
2026-05-16 01:22:07,408 | WARNING | ai.pipeline | Sudden stop detected — track IDs: [42, 43, 47, 52, 54, 55, 56, 60]
2026-05-16 01:22:07,485 | WARNING | ai.pipeline | Sudden stop detected — track IDs: [42, 43, 47, 52, 54, 55, 56, 60]
2026-05-16 01:22:07,561 | WARNING | ai.pipeline | Sudden stop detected — track IDs: [42, 43, 47, 52, 54, 55, 56, 60]
2026-05-16 01:22:07,638 | WARNING | ai.pipeline | Sudden stop detected — track IDs: [42, 43, 47, 52, 54, 55, 56, 60]
2026-05-16 01:22:07,720 | WARNING | ai.pipeline | Sudden stop detected — track IDs: [42, 43, 47, 52, 54, 55, 56, 60]
2026-05-16 01:22:07,795 | WARNING | ai.pipeline | Sudden stop detected — track IDs: [42, 43, 47, 52, 54, 56, 60]
2026-05-16 01:22:07,874 | WARNING | ai.pipeline | Sudden stop detected — track IDs: [42, 43, 47, 52, 54, 55, 56, 60]
2026-05-16 01:22:07,949 | WARNING | ai.pipeline | Sudden stop detected — track IDs: [42, 43, 47, 52, 54, 56, 60, 62]
2026-05-16 01:22:07,950 | INFO | ai.analytics.event_logger | Snapshot saved: outputs/snapshot_1778874727.json
2026-05-16 01:22:08,028 | WARNING | ai.pipeline | Sudden stop detected — track IDs: [42, 43, 47, 52, 54, 56, 60, 62, 63]
2026-05-16 01:22:08,105 | WARNING | ai.pipeline | Sudden stop detected — track IDs: [42, 43, 47, 52, 54, 56, 60, 63]
2026-05-16 01:22:08,182 | WARNING | ai.pipeline | Sudden stop detected — track IDs: [42, 43, 47, 52, 54, 56, 60, 63]
2026-05-16 01:22:08,266 | WARNING | ai.pipeline | Sudden stop detected — track IDs: [42, 43, 47, 52, 54, 56, 60, 63]
2026-05-16 01:22:08,340 | WARNING | ai.pipeline | Sudden stop detected — track IDs: [42, 43, 47, 52, 54, 56, 60, 63]
2026-05-16 01:22:08,418 | WARNING | ai.pipeline | Sudden stop detected — track IDs: [42, 43, 47, 52, 54, 56, 60, 63]
2026-05-16 01:22:08,495 | WARNING | ai.pipeline | Sudden stop detected — track IDs: [42, 43, 47, 52, 54, 56, 60, 63]
2026-05-16 01:22:08,573 | WARNING | ai.pipeline | Sudden stop detected — track IDs: [42, 43, 47, 52, 54, 56, 60, 63, 65, 66]
2026-05-16 01:22:08,648 | WARNING | ai.pipeline | Sudden stop detected — track IDs: [42, 47, 52, 54, 56, 60, 63, 65, 66]
2026-05-16 01:22:08,729 | WARNING | ai.pipeline | Sudden stop detected — track IDs: [42, 47, 52, 54, 56, 60, 62, 63, 65, 66]
2026-05-16 01:22:08,808 | WARNING | ai.pipeline | Sudden stop detected — track IDs: [42, 47, 52, 54, 56, 60, 62, 63, 65, 66, 67]
2026-05-16 01:22:08,883 | WARNING | ai.pipeline | Sudden stop detected — track IDs: [42, 47, 52, 54, 56, 60, 62, 63, 65, 66, 67]
2026-05-16 01:22:08,961 | WARNING | ai.pipeline | Sudden stop detected — track IDs: [42, 47, 52, 54, 56, 60, 62, 63, 65, 66, 67]
2026-05-16 01:22:09,038 | WARNING | ai.pipeline | Sudden stop detected — track IDs: [42, 47, 52, 54, 56, 60, 62, 63, 65, 66, 67]
2026-05-16 01:22:09,116 | WARNING | ai.pipeline | Sudden stop detected — track IDs: [42, 47, 52, 54, 56, 60, 62, 63, 65, 66, 67]
2026-05-16 01:22:09,193 | WARNING | ai.pipeline | Sudden stop detected — track IDs: [42, 47, 52, 54, 56, 60, 62, 63, 65, 66, 67, 68]
2026-05-16 01:22:09,271 | WARNING | ai.pipeline | Sudden stop detected — track IDs: [42, 47, 52, 54, 56, 60, 62, 63, 65, 66, 67, 68]
2026-05-16 01:22:09,349 | WARNING | ai.pipeline | Sudden stop detected — track IDs: [42, 47, 52, 54, 56, 60, 62, 63, 65, 66, 67, 68]
2026-05-16 01:22:09,426 | WARNING | ai.pipeline | Sudden stop detected — track IDs: [42, 47, 52, 54, 56, 60, 62, 63, 65, 66, 68]
2026-05-16 01:22:09,502 | WARNING | ai.pipeline | Sudden stop detected — track IDs: [42, 47, 52, 54, 56, 60, 62, 63, 65, 66, 67, 68]
2026-05-16 01:22:09,581 | WARNING | ai.pipeline | Sudden stop detected — track IDs: [42, 47, 52, 54, 56, 60, 62, 63, 65, 66, 67, 68]
2026-05-16 01:22:09,659 | WARNING | ai.pipeline | Sudden stop detected — track IDs: [42, 47, 52, 54, 56, 60, 62, 63, 65, 66, 68]
2026-05-16 01:22:09,736 | WARNING | ai.pipeline | Sudden stop detected — track IDs: [42, 47, 52, 54, 56, 60, 62, 63, 65, 66, 67, 68]
2026-05-16 01:22:09,816 | WARNING | ai.pipeline | Sudden stop detected — track IDs: [42, 47, 52, 54, 56, 60, 62, 63, 65, 66, 67, 68]
2026-05-16 01:22:09,894 | WARNING | ai.pipeline | Sudden stop detected — track IDs: [42, 47, 52, 54, 56, 60, 62, 63, 65, 66, 68]
2026-05-16 01:22:09,970 | WARNING | ai.pipeline | Sudden stop detected — track IDs: [42, 47, 52, 54, 56, 60, 62, 63, 65, 66, 67, 68]
2026-05-16 01:22:10,047 | WARNING | ai.pipeline | Sudden stop detected — track IDs: [42, 47, 52, 54, 56, 60, 62, 63, 65, 66, 67, 68]
2026-05-16 01:22:10,122 | WARNING | ai.pipeline | Sudden stop detected — track IDs: [42, 47, 52, 54, 56, 60, 62, 63, 65, 66, 67, 68]
2026-05-16 01:22:10,202 | WARNING | ai.pipeline | Sudden stop detected — track IDs: [42, 47, 52, 54, 56, 60, 62, 63, 65, 66, 67, 68]
2026-05-16 01:22:10,276 | WARNING | ai.pipeline | Sudden stop detected — track IDs: [42, 47, 52, 54, 56, 60, 62, 63, 65, 66, 67, 68]
2026-05-16 01:22:10,355 | WARNING | ai.pipeline | Sudden stop detected — track IDs: [42, 47, 52, 54, 56, 60, 62, 63, 65, 66, 67, 68]
2026-05-16 01:22:10,434 | WARNING | ai.pipeline | Sudden stop detected — track IDs: [47, 52, 54, 56, 62, 63, 65, 66, 67, 68]
2026-05-16 01:22:10,508 | WARNING | ai.pipeline | Sudden stop detected — track IDs: [52, 54, 56, 60, 62, 63, 65, 66, 67, 68]
2026-05-16 01:22:10,574 | WARNING | ai.pipeline | Sudden stop detected — track IDs: [52, 54, 56, 62, 63, 65, 66, 67, 68]
2026-05-16 01:22:10,652 | WARNING | ai.pipeline | Sudden stop detected — track IDs: [52, 54, 56, 62, 63, 65, 66, 67, 68]
2026-05-16 01:22:10,727 | WARNING | ai.pipeline | Sudden stop detected — track IDs: [52, 54, 56, 62, 63, 65, 66, 67, 68]
2026-05-16 01:22:10,807 | WARNING | ai.pipeline | Sudden stop detected — track IDs: [52, 54, 56, 62, 63, 65, 66, 67, 68]
2026-05-16 01:22:10,884 | WARNING | ai.pipeline | Sudden stop detected — track IDs: [52, 54, 56, 62, 63, 65, 66, 67, 68]
2026-05-16 01:22:10,963 | WARNING | ai.pipeline | Sudden stop detected — track IDs: [52, 54, 56, 62, 63, 65, 66, 67, 68]
2026-05-16 01:22:11,039 | WARNING | ai.pipeline | Sudden stop detected — track IDs: [52, 54, 56, 62, 63, 65, 67, 68]
2026-05-16 01:22:11,117 | WARNING | ai.pipeline | Sudden stop detected — track IDs: [52, 54, 56, 62, 63, 65, 67, 68]
2026-05-16 01:22:11,194 | WARNING | ai.pipeline | Sudden stop detected — track IDs: [52, 54, 56, 62, 63, 65, 67, 68]
2026-05-16 01:22:11,270 | WARNING | ai.pipeline | Sudden stop detected — track IDs: [52, 54, 56, 62, 63, 65, 67, 68]
2026-05-16 01:22:11,350 | WARNING | ai.pipeline | Sudden stop detected — track IDs: [52, 54, 56, 62, 63, 65, 67, 68]
2026-05-16 01:22:11,433 | WARNING | ai.pipeline | Sudden stop detected — track IDs: [52, 54, 56, 62, 63, 65, 67, 68]
2026-05-16 01:22:11,504 | WARNING | ai.pipeline | Sudden stop detected — track IDs: [52, 54, 56, 62, 63, 65, 67, 68]
2026-05-16 01:22:11,580 | WARNING | ai.pipeline | Sudden stop detected — track IDs: [52, 54, 56, 62, 63, 65, 67, 68]
2026-05-16 01:22:11,661 | WARNING | ai.pipeline | Sudden stop detected — track IDs: [52, 54, 56, 62, 63, 65, 67, 68]
2026-05-16 01:22:11,739 | WARNING | ai.pipeline | Sudden stop detected — track IDs: [52, 54, 56, 62, 63, 65, 67, 68]
2026-05-16 01:22:11,816 | WARNING | ai.pipeline | Sudden stop detected — track IDs: [52, 54, 56, 62, 63, 65, 67, 68]
2026-05-16 01:22:11,892 | WARNING | ai.pipeline | Sudden stop detected — track IDs: [52, 54, 56, 62, 63, 65, 67, 68]
2026-05-16 01:22:11,971 | WARNING | ai.pipeline | Sudden stop detected — track IDs: [52, 54, 56, 62, 63, 65, 67, 68]
2026-05-16 01:22:12,047 | WARNING | ai.pipeline | Sudden stop detected — track IDs: [52, 54, 56, 62, 63, 65, 67, 68]
2026-05-16 01:22:12,123 | WARNING | ai.pipeline | Sudden stop detected — track IDs: [52, 54, 56, 62, 63, 65, 67, 68]
2026-05-16 01:22:12,203 | WARNING | ai.pipeline | Sudden stop detected — track IDs: [52, 54, 56, 62, 63, 65, 67, 68]
2026-05-16 01:22:12,279 | WARNING | ai.pipeline | Sudden stop detected — track IDs: [52, 54, 56, 62, 63, 65, 67, 68]
2026-05-16 01:22:12,357 | WARNING | ai.pipeline | Sudden stop detected — track IDs: [52, 54, 56, 62, 63, 65, 67, 68, 77]
2026-05-16 01:22:12,438 | WARNING | ai.pipeline | Sudden stop detected — track IDs: [52, 54, 56, 62, 63, 65, 67, 68, 77]
2026-05-16 01:22:12,439 | WARNING | ai.pipeline | Wrong-way vehicle — track IDs: [52]
2026-05-16 01:22:12,515 | WARNING | ai.pipeline | Sudden stop detected — track IDs: [52, 54, 56, 62, 63, 65, 67, 68, 77]
2026-05-16 01:22:12,592 | WARNING | ai.pipeline | Sudden stop detected — track IDs: [52, 54, 56, 62, 63, 65, 67, 68, 77]
2026-05-16 01:22:12,665 | WARNING | ai.pipeline | Sudden stop detected — track IDs: [52, 54, 56, 62, 63, 65, 67, 68, 77]
2026-05-16 01:22:12,746 | WARNING | ai.pipeline | Sudden stop detected — track IDs: [52, 54, 56, 62, 63, 65, 67, 68, 77]
2026-05-16 01:22:12,827 | WARNING | ai.pipeline | Sudden stop detected — track IDs: [52, 54, 56, 62, 63, 65, 67, 68, 77]
2026-05-16 01:22:12,902 | WARNING | ai.pipeline | Sudden stop detected — track IDs: [52, 54, 56, 62, 63, 65, 67, 68, 77, 82]
2026-05-16 01:22:12,979 | WARNING | ai.pipeline | Sudden stop detected — track IDs: [52, 54, 56, 62, 63, 65, 67, 68, 77, 82, 83]
2026-05-16 01:22:13,055 | WARNING | ai.pipeline | Sudden stop detected — track IDs: [52, 54, 56, 62, 63, 65, 67, 68, 77, 82, 83]
2026-05-16 01:22:13,133 | WARNING | ai.pipeline | Sudden stop detected — track IDs: [52, 54, 56, 62, 63, 65, 67, 68, 77, 82, 83]
2026-05-16 01:22:13,211 | WARNING | ai.pipeline | Sudden stop detected — track IDs: [52, 54, 56, 62, 63, 65, 67, 68, 77, 82, 83]
2026-05-16 01:22:13,290 | WARNING | ai.pipeline | Sudden stop detected — track IDs: [52, 54, 56, 62, 63, 65, 67, 68, 77, 82, 83, 85]
2026-05-16 01:22:13,367 | WARNING | ai.pipeline | Sudden stop detected — track IDs: [52, 54, 56, 62, 63, 65, 67, 68, 77, 82, 83, 85]
2026-05-16 01:22:13,445 | WARNING | ai.pipeline | Sudden stop detected — track IDs: [52, 54, 56, 62, 63, 65, 67, 68, 77, 82, 83, 85]
2026-05-16 01:22:13,524 | WARNING | ai.pipeline | Sudden stop detected — track IDs: [52, 54, 56, 62, 63, 65, 67, 68, 77, 82, 83, 85, 86]
2026-05-16 01:22:13,603 | WARNING | ai.pipeline | Sudden stop detected — track IDs: [52, 54, 56, 62, 63, 65, 67, 68, 77, 82, 83, 85, 86]
2026-05-16 01:22:13,680 | WARNING | ai.pipeline | Sudden stop detected — track IDs: [52, 54, 56, 62, 63, 65, 67, 68, 77, 82, 83, 85, 86]
2026-05-16 01:22:13,761 | WARNING | ai.pipeline | Sudden stop detected — track IDs: [52, 54, 56, 62, 63, 65, 67, 68, 77, 82, 83, 85, 86]
2026-05-16 01:22:13,840 | WARNING | ai.pipeline | Sudden stop detected — track IDs: [52, 54, 56, 62, 63, 65, 67, 68, 77, 82, 83, 85]
2026-05-16 01:22:13,914 | WARNING | ai.pipeline | Sudden stop detected — track IDs: [52, 54, 56, 62, 63, 65, 67, 68, 77, 82, 83, 85]
2026-05-16 01:22:13,993 | WARNING | ai.pipeline | Sudden stop detected — track IDs: [52, 54, 56, 62, 63, 65, 67, 68, 77, 82, 83, 85]
2026-05-16 01:22:14,073 | WARNING | ai.pipeline | Sudden stop detected — track IDs: [52, 54, 56, 62, 63, 65, 67, 68, 77, 82, 83, 85, 86]
2026-05-16 01:22:14,148 | WARNING | ai.pipeline | Sudden stop detected — track IDs: [52, 54, 56, 62, 63, 65, 67, 68, 77, 82, 83, 85]
2026-05-16 01:22:14,227 | WARNING | ai.pipeline | Sudden stop detected — track IDs: [52, 54, 56, 62, 63, 65, 67, 68, 77, 82, 83, 85]
2026-05-16 01:22:14,301 | WARNING | ai.pipeline | Sudden stop detected — track IDs: [52, 54, 56, 62, 63, 65, 67, 68, 77, 82, 83, 85, 86]
2026-05-16 01:22:14,377 | WARNING | ai.pipeline | Sudden stop detected — track IDs: [52, 54, 56, 62, 63, 65, 67, 68, 77, 82, 83, 85, 86]
2026-05-16 01:22:14,457 | WARNING | ai.pipeline | Sudden stop detected — track IDs: [52, 54, 56, 62, 63, 65, 67, 68, 77, 82, 83, 85, 86]
2026-05-16 01:22:14,531 | WARNING | ai.pipeline | Sudden stop detected — track IDs: [52, 54, 56, 62, 63, 65, 67, 68, 77, 82, 83, 85]
2026-05-16 01:22:14,607 | WARNING | ai.pipeline | Sudden stop detected — track IDs: [52, 54, 56, 62, 63, 65, 67, 68, 77, 82, 83, 85, 86]
2026-05-16 01:22:14,686 | WARNING | ai.pipeline | Sudden stop detected — track IDs: [52, 54, 56, 62, 63, 65, 67, 68, 77, 82, 83, 85, 86]
2026-05-16 01:22:14,763 | WARNING | ai.pipeline | Sudden stop detected — track IDs: [52, 56, 62, 63, 65, 67, 68, 77, 82, 83, 85, 86, 89]
2026-05-16 01:22:14,843 | WARNING | ai.pipeline | Sudden stop detected — track IDs: [52, 56, 62, 63, 65, 67, 68, 77, 82, 83, 85, 86, 89]
2026-05-16 01:22:14,919 | WARNING | ai.pipeline | Sudden stop detected — track IDs: [52, 56, 62, 63, 65, 67, 68, 77, 82, 83, 85, 86, 89]
2026-05-16 01:22:14,994 | WARNING | ai.pipeline | Sudden stop detected — track IDs: [52, 56, 62, 63, 65, 67, 68, 77, 82, 83, 85, 86, 89]
2026-05-16 01:22:15,073 | WARNING | ai.pipeline | Sudden stop detected — track IDs: [56, 62, 63, 65, 67, 68, 77, 82, 83, 85, 86, 89]
2026-05-16 01:22:15,153 | WARNING | ai.pipeline | Sudden stop detected — track IDs: [56, 62, 63, 65, 67, 68, 77, 82, 83, 85, 86, 89]
2026-05-16 01:22:15,229 | WARNING | ai.pipeline | Sudden stop detected — track IDs: [56, 62, 63, 65, 67, 68, 82, 83, 85, 86]
2026-05-16 01:22:15,306 | WARNING | ai.pipeline | Sudden stop detected — track IDs: [56, 62, 63, 65, 67, 68, 82, 83, 85, 86]
2026-05-16 01:22:15,382 | WARNING | ai.pipeline | Sudden stop detected — track IDs: [56, 62, 63, 67, 68, 82, 83, 85, 86]
2026-05-16 01:22:15,465 | WARNING | ai.pipeline | Sudden stop detected — track IDs: [56, 62, 63, 67, 68, 82, 83, 85, 86, 89]
2026-05-16 01:22:15,540 | WARNING | ai.pipeline | Sudden stop detected — track IDs: [56, 62, 63, 67, 68, 82, 83, 85, 86, 89]
2026-05-16 01:22:15,616 | WARNING | ai.pipeline | Sudden stop detected — track IDs: [56, 62, 63, 67, 68, 82, 83, 85, 86, 89]
2026-05-16 01:22:15,694 | WARNING | ai.pipeline | Sudden stop detected — track IDs: [56, 62, 63, 67, 68, 82, 83, 85, 86, 89]
2026-05-16 01:22:15,770 | WARNING | ai.pipeline | Sudden stop detected — track IDs: [56, 62, 63, 67, 68, 82, 83, 85, 86, 89]
2026-05-16 01:22:15,848 | WARNING | ai.pipeline | Sudden stop detected — track IDs: [56, 62, 63, 67, 68, 82, 83, 85, 86, 89]
2026-05-16 01:22:15,927 | WARNING | ai.pipeline | Sudden stop detected — track IDs: [56, 62, 63, 67, 68, 82, 83, 85, 86, 89]
2026-05-16 01:22:16,003 | WARNING | ai.pipeline | Sudden stop detected — track IDs: [62, 63, 67, 68, 82, 83, 85, 86, 89]
2026-05-16 01:22:16,079 | WARNING | ai.pipeline | Sudden stop detected — track IDs: [62, 63, 67, 68, 82, 83, 85, 86, 89, 92]
2026-05-16 01:22:16,158 | WARNING | ai.pipeline | Sudden stop detected — track IDs: [62, 63, 67, 68, 82, 83, 85, 86, 89, 92]
2026-05-16 01:22:16,238 | WARNING | ai.pipeline | Sudden stop detected — track IDs: [62, 67, 68, 82, 83, 85, 86, 89, 92]
2026-05-16 01:22:16,314 | WARNING | ai.pipeline | Sudden stop detected — track IDs: [62, 67, 82, 83, 85, 86, 89, 92]
2026-05-16 01:22:16,393 | WARNING | ai.pipeline | Sudden stop detected — track IDs: [62, 67, 82, 83, 85, 86, 89, 92]
2026-05-16 01:22:16,470 | WARNING | ai.pipeline | Sudden stop detected — track IDs: [62, 67, 82, 83, 85, 86, 89, 92]
2026-05-16 01:22:16,548 | WARNING | ai.pipeline | Sudden stop detected — track IDs: [62, 67, 82, 83, 85, 86, 89, 92]
2026-05-16 01:22:16,624 | WARNING | ai.pipeline | Sudden stop detected — track IDs: [62, 67, 83, 85, 86, 89, 92, 94]
2026-05-16 01:22:16,701 | WARNING | ai.pipeline | Sudden stop detected — track IDs: [62, 67, 83, 85, 86, 89, 92, 94]
2026-05-16 01:22:16,776 | WARNING | ai.pipeline | Sudden stop detected — track IDs: [62, 67, 82, 83, 85, 86, 89, 92, 94]
2026-05-16 01:22:16,852 | WARNING | ai.pipeline | Sudden stop detected — track IDs: [62, 67, 83, 85, 86, 89, 92, 94]
2026-05-16 01:22:16,930 | WARNING | ai.pipeline | Sudden stop detected — track IDs: [62, 67, 83, 85, 86, 89, 92, 94, 96]
2026-05-16 01:22:17,009 | WARNING | ai.pipeline | Sudden stop detected — track IDs: [62, 67, 83, 85, 86, 89, 92, 94, 96]
2026-05-16 01:22:17,087 | WARNING | ai.pipeline | Sudden stop detected — track IDs: [62, 67, 83, 85, 86, 89, 92, 94, 96]
2026-05-16 01:22:17,165 | WARNING | ai.pipeline | Sudden stop detected — track IDs: [62, 67, 83, 85, 86, 89, 92, 94, 96]
2026-05-16 01:22:17,240 | WARNING | ai.pipeline | Sudden stop detected — track IDs: [62, 67, 83, 85, 86, 89, 92, 94, 96]
2026-05-16 01:22:17,321 | WARNING | ai.pipeline | Sudden stop detected — track IDs: [62, 67, 83, 85, 86, 89, 92, 94, 96]
2026-05-16 01:22:17,399 | WARNING | ai.pipeline | Sudden stop detected — track IDs: [62, 67, 83, 85, 86, 89, 92, 94, 96]
2026-05-16 01:22:17,478 | WARNING | ai.pipeline | Sudden stop detected — track IDs: [62, 67, 83, 85, 86, 89, 92, 94, 96]
2026-05-16 01:22:17,552 | WARNING | ai.pipeline | Sudden stop detected — track IDs: [62, 67, 83, 85, 86, 89, 92, 94, 96]
2026-05-16 01:22:17,634 | WARNING | ai.pipeline | Sudden stop detected — track IDs: [62, 67, 83, 85, 86, 89, 92, 94, 96]
2026-05-16 01:22:17,709 | WARNING | ai.pipeline | Sudden stop detected — track IDs: [62, 67, 83, 85, 86, 89, 92, 94, 96]
2026-05-16 01:22:17,786 | WARNING | ai.pipeline | Sudden stop detected — track IDs: [62, 67, 83, 85, 86, 89, 92, 94, 96]
2026-05-16 01:22:17,861 | WARNING | ai.pipeline | Sudden stop detected — track IDs: [62, 67, 83, 85, 86, 89, 92, 94, 96]
2026-05-16 01:22:17,940 | WARNING | ai.pipeline | Sudden stop detected — track IDs: [62, 67, 83, 85, 86, 89, 92, 94, 96]
2026-05-16 01:22:18,017 | WARNING | ai.pipeline | Sudden stop detected — track IDs: [62, 67, 83, 85, 86, 89, 92, 94, 96]
2026-05-16 01:22:18,018 | INFO | ai.analytics.event_logger | Snapshot saved: outputs/snapshot_1778874738.json
2026-05-16 01:22:18,095 | WARNING | ai.pipeline | Sudden stop detected — track IDs: [62, 67, 83, 85, 86, 89, 92, 94, 96]
2026-05-16 01:22:18,178 | WARNING | ai.pipeline | Sudden stop detected — track IDs: [62, 67, 83, 85, 86, 89, 92, 94, 96]
2026-05-16 01:22:18,253 | WARNING | ai.pipeline | Sudden stop detected — track IDs: [62, 67, 83, 85, 86, 89, 92, 94, 96]
2026-05-16 01:22:18,331 | WARNING | ai.pipeline | Sudden stop detected — track IDs: [67, 83, 85, 86, 89, 92, 94, 96]
2026-05-16 01:22:18,406 | WARNING | ai.pipeline | Sudden stop detected — track IDs: [67, 83, 85, 86, 89, 92, 94, 96]
2026-05-16 01:22:18,486 | WARNING | ai.pipeline | Sudden stop detected — track IDs: [67, 83, 85, 86, 89, 92, 94, 96]
2026-05-16 01:22:18,564 | WARNING | ai.pipeline | Sudden stop detected — track IDs: [83, 85, 86, 89, 92, 94, 96]
2026-05-16 01:22:18,640 | WARNING | ai.pipeline | Sudden stop detected — track IDs: [83, 85, 86, 89, 92, 94, 96]
2026-05-16 01:22:18,721 | WARNING | ai.pipeline | Sudden stop detected — track IDs: [83, 85, 86, 89, 92, 94, 96]
2026-05-16 01:22:18,805 | WARNING | ai.pipeline | Sudden stop detected — track IDs: [83, 85, 86, 89, 92, 94, 96]
2026-05-16 01:22:18,889 | WARNING | ai.pipeline | Sudden stop detected — track IDs: [83, 85, 86, 89, 92, 94, 96]
2026-05-16 01:22:18,966 | WARNING | ai.pipeline | Sudden stop detected — track IDs: [83, 85, 86, 89, 96, 98]
2026-05-16 01:22:19,041 | WARNING | ai.pipeline | Sudden stop detected — track IDs: [83, 85, 86, 89, 92, 96, 98]
2026-05-16 01:22:19,118 | WARNING | ai.pipeline | Sudden stop detected — track IDs: [83, 85, 86, 89, 92, 96, 98]
2026-05-16 01:22:19,197 | WARNING | ai.pipeline | Sudden stop detected — track IDs: [83, 85, 86, 89, 92, 96, 98]
2026-05-16 01:22:19,274 | WARNING | ai.pipeline | Sudden stop detected — track IDs: [83, 85, 86, 89, 96, 98]
2026-05-16 01:22:19,352 | WARNING | ai.pipeline | Sudden stop detected — track IDs: [83, 85, 86, 89, 92, 96, 98]
2026-05-16 01:22:19,431 | WARNING | ai.pipeline | Sudden stop detected — track IDs: [83, 85, 86, 89, 96]
2026-05-16 01:22:19,509 | WARNING | ai.pipeline | Sudden stop detected — track IDs: [83, 85, 86, 89, 96, 98]
2026-05-16 01:22:19,587 | WARNING | ai.pipeline | Sudden stop detected — track IDs: [83, 85, 86, 89, 96, 98]
2026-05-16 01:22:19,664 | WARNING | ai.pipeline | Sudden stop detected — track IDs: [83, 85, 86, 89, 96]
2026-05-16 01:22:19,742 | WARNING | ai.pipeline | Sudden stop detected — track IDs: [83, 85, 86, 89, 96, 98]
2026-05-16 01:22:19,817 | WARNING | ai.pipeline | Sudden stop detected — track IDs: [83, 85, 86, 89, 96, 98, 101]
2026-05-16 01:22:19,896 | WARNING | ai.pipeline | Sudden stop detected — track IDs: [83, 85, 86, 89, 96, 98, 101]
2026-05-16 01:22:19,975 | WARNING | ai.pipeline | Sudden stop detected — track IDs: [83, 85, 86, 89, 96, 98, 101]
2026-05-16 01:22:20,054 | WARNING | ai.pipeline | Sudden stop detected — track IDs: [83, 85, 86, 89, 96, 98]
2026-05-16 01:22:20,130 | WARNING | ai.pipeline | Sudden stop detected — track IDs: [83, 85, 86, 89, 96, 98]
2026-05-16 01:22:20,212 | WARNING | ai.pipeline | Sudden stop detected — track IDs: [83, 85, 86, 89, 96, 98, 102]
2026-05-16 01:22:20,285 | WARNING | ai.pipeline | Sudden stop detected — track IDs: [83, 85, 86, 89, 96, 98, 102]
2026-05-16 01:22:20,365 | WARNING | ai.pipeline | Sudden stop detected — track IDs: [83, 85, 86, 89, 96, 98, 101, 102]
2026-05-16 01:22:20,440 | WARNING | ai.pipeline | Sudden stop detected — track IDs: [83, 85, 86, 89, 96, 98, 102]
2026-05-16 01:22:20,521 | WARNING | ai.pipeline | Sudden stop detected — track IDs: [83, 85, 86, 89, 96, 98, 101, 102]
2026-05-16 01:22:20,598 | WARNING | ai.pipeline | Sudden stop detected — track IDs: [83, 85, 86, 89, 96, 98, 102]
2026-05-16 01:22:20,671 | WARNING | ai.pipeline | Sudden stop detected — track IDs: [83, 85, 86, 89, 96, 98, 101, 102]
2026-05-16 01:22:20,738 | WARNING | ai.pipeline | Sudden stop detected — track IDs: [83, 85, 86, 89, 96, 98, 102]
2026-05-16 01:22:20,814 | WARNING | ai.pipeline | Sudden stop detected — track IDs: [83, 85, 86, 89, 96, 98, 101, 102]
2026-05-16 01:22:20,891 | WARNING | ai.pipeline | Sudden stop detected — track IDs: [83, 85, 86, 89, 96, 98, 101, 102]
2026-05-16 01:22:20,969 | WARNING | ai.pipeline | Sudden stop detected — track IDs: [83, 85, 86, 89, 96, 98, 101, 102]
2026-05-16 01:22:21,048 | WARNING | ai.pipeline | Sudden stop detected — track IDs: [83, 85, 86, 89, 96, 98, 101, 102]
2026-05-16 01:22:21,124 | WARNING | ai.pipeline | Sudden stop detected — track IDs: [83, 85, 86, 89, 96, 98, 101, 102]
2026-05-16 01:22:21,200 | WARNING | ai.pipeline | Sudden stop detected — track IDs: [83, 85, 86, 89, 96, 98, 101, 102]
2026-05-16 01:22:21,277 | WARNING | ai.pipeline | Sudden stop detected — track IDs: [83, 85, 86, 89, 96, 98, 101, 102]
2026-05-16 01:22:21,352 | WARNING | ai.pipeline | Sudden stop detected — track IDs: [83, 85, 86, 89, 96, 98, 101, 102]
2026-05-16 01:22:21,430 | WARNING | ai.pipeline | Sudden stop detected — track IDs: [83, 85, 86, 89, 98, 101, 102]
2026-05-16 01:22:21,507 | WARNING | ai.pipeline | Sudden stop detected — track IDs: [83, 85, 86, 89, 98, 101, 102]
2026-05-16 01:22:21,582 | WARNING | ai.pipeline | Sudden stop detected — track IDs: [83, 85, 86, 89, 98, 101, 102]
2026-05-16 01:22:21,661 | WARNING | ai.pipeline | Sudden stop detected — track IDs: [83, 85, 86, 89, 98, 101, 102]
2026-05-16 01:22:21,739 | WARNING | ai.pipeline | Sudden stop detected — track IDs: [83, 85, 86, 89, 98, 101, 102]
2026-05-16 01:22:21,817 | WARNING | ai.pipeline | Sudden stop detected — track IDs: [83, 85, 86, 89, 98, 101, 102]
2026-05-16 01:22:21,896 | WARNING | ai.pipeline | Sudden stop detected — track IDs: [83, 85, 86, 89, 98, 101, 102]
2026-05-16 01:22:21,974 | WARNING | ai.pipeline | Sudden stop detected — track IDs: [83, 85, 86, 89, 98, 101, 102]
2026-05-16 01:22:22,052 | WARNING | ai.pipeline | Sudden stop detected — track IDs: [83, 85, 86, 89, 98, 101, 102]
2026-05-16 01:22:22,127 | WARNING | ai.pipeline | Sudden stop detected — track IDs: [83, 85, 86, 89, 98, 101, 102]
2026-05-16 01:22:22,207 | WARNING | ai.pipeline | Sudden stop detected — track IDs: [83, 85, 86, 89, 98, 101, 102]
2026-05-16 01:22:22,283 | WARNING | ai.pipeline | Sudden stop detected — track IDs: [83, 85, 86, 89, 98, 101, 102]
2026-05-16 01:22:22,361 | WARNING | ai.pipeline | Sudden stop detected — track IDs: [83, 85, 86, 89, 98, 101, 102]
2026-05-16 01:22:22,440 | WARNING | ai.pipeline | Sudden stop detected — track IDs: [83, 85, 86, 89, 98, 101, 102]
2026-05-16 01:22:22,516 | WARNING | ai.pipeline | Sudden stop detected — track IDs: [83, 86, 89, 98, 101, 102, 104]
2026-05-16 01:22:22,593 | WARNING | ai.pipeline | Sudden stop detected — track IDs: [83, 86, 89, 98, 101, 102, 104]
2026-05-16 01:22:22,671 | WARNING | ai.pipeline | Sudden stop detected — track IDs: [83, 86, 89, 98, 101, 102, 104, 105]
2026-05-16 01:22:22,749 | WARNING | ai.pipeline | Sudden stop detected — track IDs: [83, 86, 89, 98, 101, 102, 104, 105]
2026-05-16 01:22:22,828 | WARNING | ai.pipeline | Sudden stop detected — track IDs: [83, 86, 89, 98, 101, 102, 104, 105, 106]
2026-05-16 01:22:22,905 | WARNING | ai.pipeline | Sudden stop detected — track IDs: [83, 86, 89, 98, 101, 102, 104, 105, 106]
2026-05-16 01:22:22,983 | WARNING | ai.pipeline | Sudden stop detected — track IDs: [83, 86, 89, 98, 101, 102, 104, 105, 106]
2026-05-16 01:22:23,056 | WARNING | ai.pipeline | Sudden stop detected — track IDs: [86, 89, 98, 101, 102, 104, 105, 106]
2026-05-16 01:22:23,133 | WARNING | ai.pipeline | Sudden stop detected — track IDs: [86, 89, 98, 101, 102, 104, 105, 106]
2026-05-16 01:22:23,214 | WARNING | ai.pipeline | Sudden stop detected — track IDs: [86, 89, 98, 101, 102, 104, 105, 106]
2026-05-16 01:22:23,292 | WARNING | ai.pipeline | Sudden stop detected — track IDs: [86, 89, 98, 101, 102, 104, 105, 106]
2026-05-16 01:22:23,372 | WARNING | ai.pipeline | Sudden stop detected — track IDs: [86, 89, 98, 101, 102, 104, 105, 106, 108, 110]
2026-05-16 01:22:23,446 | WARNING | ai.pipeline | Sudden stop detected — track IDs: [86, 89, 98, 101, 102, 104, 105, 106, 108, 110]
2026-05-16 01:22:23,523 | WARNING | ai.pipeline | Sudden stop detected — track IDs: [86, 89, 98, 101, 102, 104, 105, 106, 108]
2026-05-16 01:22:23,602 | WARNING | ai.pipeline | Sudden stop detected — track IDs: [86, 89, 98, 101, 102, 104, 105, 106, 108]
2026-05-16 01:22:23,678 | WARNING | ai.pipeline | Sudden stop detected — track IDs: [86, 89, 98, 101, 102, 104, 105, 106, 108, 110]
2026-05-16 01:22:23,757 | WARNING | ai.pipeline | Sudden stop detected — track IDs: [86, 89, 98, 101, 102, 104, 105, 106, 108, 109, 110]
2026-05-16 01:22:23,834 | WARNING | ai.pipeline | Sudden stop detected — track IDs: [86, 89, 98, 101, 102, 104, 105, 106, 108, 110, 111]
2026-05-16 01:22:23,910 | WARNING | ai.pipeline | Sudden stop detected — track IDs: [86, 89, 98, 101, 102, 104, 105, 108, 109, 110, 111]
2026-05-16 01:22:23,989 | WARNING | ai.pipeline | Sudden stop detected — track IDs: [86, 89, 98, 101, 102, 104, 105, 106, 108, 109, 110, 111]
2026-05-16 01:22:24,068 | WARNING | ai.pipeline | Sudden stop detected — track IDs: [86, 89, 98, 101, 102, 104, 105, 108, 109, 110, 111]
2026-05-16 01:22:24,147 | WARNING | ai.pipeline | Sudden stop detected — track IDs: [86, 89, 98, 101, 102, 104, 105, 108, 109, 110, 111]
2026-05-16 01:22:24,223 | WARNING | ai.pipeline | Sudden stop detected — track IDs: [86, 89, 98, 101, 104, 105, 108, 109, 110, 111]
2026-05-16 01:22:24,302 | WARNING | ai.pipeline | Sudden stop detected — track IDs: [86, 89, 98, 101, 104, 105, 108, 109, 110, 111]
2026-05-16 01:22:24,381 | WARNING | ai.pipeline | Sudden stop detected — track IDs: [86, 89, 98, 101, 102, 104, 105, 108, 109, 110, 111]
2026-05-16 01:22:24,458 | WARNING | ai.pipeline | Sudden stop detected — track IDs: [86, 89, 98, 101, 104, 105, 108, 109, 110, 111, 114]
2026-05-16 01:22:24,535 | WARNING | ai.pipeline | Sudden stop detected — track IDs: [86, 89, 98, 101, 104, 105, 108, 109, 110, 111, 114]
2026-05-16 01:22:24,610 | WARNING | ai.pipeline | Sudden stop detected — track IDs: [86, 89, 98, 101, 104, 105, 108, 109, 110, 111, 114]
2026-05-16 01:22:24,688 | WARNING | ai.pipeline | Sudden stop detected — track IDs: [86, 89, 98, 101, 104, 105, 108, 109, 110, 111, 114]
2026-05-16 01:22:24,765 | WARNING | ai.pipeline | Sudden stop detected — track IDs: [86, 89, 98, 101, 104, 105, 108, 109, 110, 111, 114]
2026-05-16 01:22:24,849 | WARNING | ai.pipeline | Sudden stop detected — track IDs: [86, 89, 98, 101, 104, 105, 108, 109, 110, 111, 114]
2026-05-16 01:22:24,922 | WARNING | ai.pipeline | Sudden stop detected — track IDs: [86, 89, 98, 101, 104, 105, 108, 109, 110, 111, 114]
2026-05-16 01:22:25,000 | WARNING | ai.pipeline | Sudden stop detected — track IDs: [86, 89, 98, 101, 104, 105, 108, 109, 110, 111, 114]
2026-05-16 01:22:25,076 | WARNING | ai.pipeline | Sudden stop detected — track IDs: [86, 89, 98, 101, 104, 105, 108, 109, 110, 111, 114]
2026-05-16 01:22:25,154 | WARNING | ai.pipeline | Sudden stop detected — track IDs: [86, 89, 98, 101, 104, 105, 108, 109, 110, 111, 114]
2026-05-16 01:22:25,235 | WARNING | ai.pipeline | Sudden stop detected — track IDs: [86, 89, 98, 101, 104, 105, 108, 109, 110, 111, 114]
2026-05-16 01:22:25,311 | WARNING | ai.pipeline | Sudden stop detected — track IDs: [86, 89, 98, 101, 104, 108, 109, 110, 111, 114]
2026-05-16 01:22:25,394 | WARNING | ai.pipeline | Sudden stop detected — track IDs: [86, 89, 98, 101, 104, 108, 109, 110, 111, 114]
2026-05-16 01:22:25,472 | WARNING | ai.pipeline | Sudden stop detected — track IDs: [86, 89, 98, 101, 104, 108, 109, 110, 111, 114]
2026-05-16 01:22:25,548 | WARNING | ai.pipeline | Sudden stop detected — track IDs: [86, 89, 98, 101, 104, 108, 109, 110, 111, 114]
2026-05-16 01:22:25,623 | WARNING | ai.pipeline | Sudden stop detected — track IDs: [86, 89, 98, 101, 104, 108, 109, 110, 111, 114]
2026-05-16 01:22:25,693 | WARNING | ai.pipeline | Sudden stop detected — track IDs: [86, 89, 98, 101, 104, 108, 109, 110, 114]
2026-05-16 01:22:25,780 | WARNING | ai.pipeline | Sudden stop detected — track IDs: [86, 89, 98, 101, 104, 108, 109, 110, 111, 114]
2026-05-16 01:22:25,853 | WARNING | ai.pipeline | Sudden stop detected — track IDs: [86, 89, 98, 101, 104, 108, 109, 110, 114]
2026-05-16 01:22:25,934 | WARNING | ai.pipeline | Sudden stop detected — track IDs: [86, 89, 98, 101, 108, 109, 110, 111, 114]
2026-05-16 01:22:26,010 | WARNING | ai.pipeline | Sudden stop detected — track IDs: [89, 98, 101, 104, 108, 109, 110, 114]
2026-05-16 01:22:26,085 | WARNING | ai.pipeline | Sudden stop detected — track IDs: [89, 98, 101, 108, 109, 110, 114]
2026-05-16 01:22:26,165 | WARNING | ai.pipeline | Sudden stop detected — track IDs: [89, 98, 101, 108, 109, 110, 114]
2026-05-16 01:22:26,239 | WARNING | ai.pipeline | Sudden stop detected — track IDs: [89, 98, 101, 108, 109, 110, 114, 123]
2026-05-16 01:22:26,320 | WARNING | ai.pipeline | Sudden stop detected — track IDs: [89, 98, 101, 108, 109, 110, 114]
2026-05-16 01:22:26,395 | WARNING | ai.pipeline | Sudden stop detected — track IDs: [89, 98, 101, 108, 109, 110, 114, 118]
2026-05-16 01:22:26,475 | WARNING | ai.pipeline | Sudden stop detected — track IDs: [89, 98, 101, 109, 110, 114, 118]
2026-05-16 01:22:26,553 | WARNING | ai.pipeline | Sudden stop detected — track IDs: [89, 98, 101, 109, 110, 114, 118]
2026-05-16 01:22:26,627 | WARNING | ai.pipeline | Sudden stop detected — track IDs: [89, 98, 101, 109, 110, 114, 118]
2026-05-16 01:22:26,707 | WARNING | ai.pipeline | Sudden stop detected — track IDs: [89, 98, 101, 109, 110, 114, 118]
2026-05-16 01:22:26,783 | WARNING | ai.pipeline | Sudden stop detected — track IDs: [89, 98, 101, 109, 110, 114, 118, 123]
2026-05-16 01:22:26,862 | WARNING | ai.pipeline | Sudden stop detected — track IDs: [89, 98, 101, 109, 110, 114, 118, 123]
2026-05-16 01:22:26,942 | WARNING | ai.pipeline | Sudden stop detected — track IDs: [89, 98, 101, 109, 110, 114, 118, 123]
2026-05-16 01:22:27,018 | WARNING | ai.pipeline | Sudden stop detected — track IDs: [89, 98, 101, 109, 110, 114, 118, 123]
2026-05-16 01:22:27,096 | WARNING | ai.pipeline | Sudden stop detected — track IDs: [89, 98, 101, 109, 110, 114, 118, 123, 124, 125]
2026-05-16 01:22:27,179 | WARNING | ai.pipeline | Sudden stop detected — track IDs: [89, 98, 101, 109, 110, 114, 118, 123, 124, 125]
2026-05-16 01:22:27,248 | WARNING | ai.pipeline | Sudden stop detected — track IDs: [89, 98, 101, 109, 110, 114, 118, 123, 124, 125]
2026-05-16 01:22:27,327 | WARNING | ai.pipeline | Sudden stop detected — track IDs: [89, 98, 101, 109, 110, 114, 118, 123, 124, 125]
2026-05-16 01:22:27,406 | WARNING | ai.pipeline | Sudden stop detected — track IDs: [89, 98, 101, 109, 110, 114, 118, 123, 124, 125]
2026-05-16 01:22:27,479 | WARNING | ai.pipeline | Sudden stop detected — track IDs: [89, 98, 101, 109, 110, 114, 118, 123, 124, 125]
2026-05-16 01:22:27,559 | WARNING | ai.pipeline | Sudden stop detected — track IDs: [89, 98, 101, 109, 110, 114, 118, 123, 124, 125]
2026-05-16 01:22:27,637 | WARNING | ai.pipeline | Sudden stop detected — track IDs: [89, 98, 101, 109, 110, 114, 118, 123, 124, 125]
2026-05-16 01:22:27,715 | WARNING | ai.pipeline | Sudden stop detected — track IDs: [89, 98, 101, 109, 110, 114, 118, 123, 124, 125, 127]
2026-05-16 01:22:27,792 | WARNING | ai.pipeline | Sudden stop detected — track IDs: [89, 98, 101, 109, 110, 114, 118, 123, 124, 125, 127]
2026-05-16 01:22:27,868 | WARNING | ai.pipeline | Sudden stop detected — track IDs: [89, 98, 101, 109, 110, 114, 118, 123, 124, 127]
2026-05-16 01:22:27,948 | WARNING | ai.pipeline | Sudden stop detected — track IDs: [89, 98, 101, 109, 110, 114, 118, 123, 124, 125, 127, 129]
2026-05-16 01:22:28,034 | WARNING | ai.pipeline | Sudden stop detected — track IDs: [89, 98, 101, 109, 110, 114, 118, 123, 124, 125, 127, 129]
2026-05-16 01:22:28,035 | INFO | ai.analytics.event_logger | Snapshot saved: outputs/snapshot_1778874748.json
2026-05-16 01:22:28,117 | WARNING | ai.pipeline | Sudden stop detected — track IDs: [89, 98, 101, 109, 110, 114, 118, 123, 124, 125, 127, 129]
2026-05-16 01:22:28,196 | WARNING | ai.pipeline | Sudden stop detected — track IDs: [89, 98, 101, 109, 110, 118, 123, 124, 125, 127, 129]
2026-05-16 01:22:28,268 | WARNING | ai.pipeline | Sudden stop detected — track IDs: [98, 101, 109, 110, 114, 118, 123, 124, 125, 127, 129]
2026-05-16 01:22:28,349 | WARNING | ai.pipeline | Sudden stop detected — track IDs: [98, 101, 109, 110, 114, 118, 123, 124, 125, 127, 129]
2026-05-16 01:22:28,427 | WARNING | ai.pipeline | Sudden stop detected — track IDs: [98, 101, 109, 110, 118, 123, 124, 125, 127, 129]
2026-05-16 01:22:28,505 | WARNING | ai.pipeline | Sudden stop detected — track IDs: [98, 101, 109, 110, 114, 118, 123, 124, 125, 127, 129]
2026-05-16 01:22:28,583 | WARNING | ai.pipeline | Sudden stop detected — track IDs: [98, 101, 109, 110, 118, 123, 124, 125, 127, 129]
2026-05-16 01:22:28,585 | INFO | ai.pipeline | Shutdown requested.
2026-05-16 01:22:28,599 | INFO | ai.pipeline | Session ended | frames=521 | duration=40.7s | avg_fps=12.8
