2026-05-16 00:58:34,705 | INFO | ai.pipeline | ============================================================
2026-05-16 00:58:34,706 | INFO | ai.pipeline |    AI Traffic Intelligence Engine — Starting
2026-05-16 00:58:34,706 | INFO | ai.pipeline | ============================================================
2026-05-16 00:58:34,706 | INFO | ai.core.detector | Loading YOLO model: models/yolov8n.pt on device=cpu
2026-05-16 00:58:34,760 | INFO | ai.core.detector | Model loaded successfully.
2026-05-16 00:58:34,761 | INFO | ai.core.tracker | VehicleTracker initialized | px/m=91.4 | stop_threshold=3.0 km/h
2026-05-16 00:58:34,761 | INFO | ai.core.lane_manager | LaneManager initialized with 2 lanes.
2026-05-16 00:58:34,762 | INFO | ai.analytics.traffic_analyzer | Homography built (inliers=4/4)
2026-05-16 00:58:34,762 | INFO | ai.analytics.event_logger | EventLogger ready. Snapshots -> outputs/
2026-05-16 00:58:34,762 | INFO | ai.pipeline | All modules initialized successfully.
2026-05-16 00:58:34,966 | INFO | ai.pipeline | Camera opened | source=datasets/traffic.mp4 | resolution=640x360
2026-05-16 00:58:34,966 | INFO | ai.pipeline | Pipeline running — press Q to stop.
2026-05-16 00:58:36,278 | WARNING | ai.pipeline | Sudden stop detected — track IDs: [1, 3, 4, 5, 6]
2026-05-16 00:58:36,360 | WARNING | ai.pipeline | Sudden stop detected — track IDs: [1, 2, 3, 4, 5, 6]
2026-05-16 00:58:36,435 | WARNING | ai.pipeline | Sudden stop detected — track IDs: [1, 3, 4, 5, 6]
2026-05-16 00:58:36,512 | WARNING | ai.pipeline | Sudden stop detected — track IDs: [1, 3, 4, 5, 6]
2026-05-16 00:58:36,594 | WARNING | ai.pipeline | Sudden stop detected — track IDs: [1, 3, 4, 5, 6, 9]
2026-05-16 00:58:36,667 | WARNING | ai.pipeline | Sudden stop detected — track IDs: [3, 4, 5, 6, 9]
2026-05-16 00:58:36,740 | WARNING | ai.pipeline | Sudden stop detected — track IDs: [1, 3, 4, 5, 6, 9]
2026-05-16 00:58:36,819 | WARNING | ai.pipeline | Sudden stop detected — track IDs: [3, 4, 5, 6, 9]
2026-05-16 00:58:36,899 | WARNING | ai.pipeline | Sudden stop detected — track IDs: [3, 4, 5, 6, 9]
2026-05-16 00:58:36,973 | WARNING | ai.pipeline | Sudden stop detected — track IDs: [3, 4, 5, 6, 9]
2026-05-16 00:58:37,049 | WARNING | ai.pipeline | Sudden stop detected — track IDs: [3, 4, 5, 6, 9]
2026-05-16 00:58:37,129 | WARNING | ai.pipeline | Sudden stop detected — track IDs: [3, 4, 5, 6, 9]
2026-05-16 00:58:37,206 | WARNING | ai.pipeline | Sudden stop detected — track IDs: [3, 4, 5, 6, 9]
2026-05-16 00:58:37,284 | WARNING | ai.pipeline | Sudden stop detected — track IDs: [3, 4, 5, 6, 9, 16]
2026-05-16 00:58:37,360 | WARNING | ai.pipeline | Sudden stop detected — track IDs: [3, 4, 5, 6, 9, 13, 16]
2026-05-16 00:58:37,440 | WARNING | ai.pipeline | Sudden stop detected — track IDs: [3, 4, 5, 6, 9, 13, 16]
2026-05-16 00:58:37,519 | WARNING | ai.pipeline | Sudden stop detected — track IDs: [3, 4, 5, 6, 9, 13, 16]
2026-05-16 00:58:37,595 | WARNING | ai.pipeline | Sudden stop detected — track IDs: [3, 4, 5, 6, 9, 13, 16]
2026-05-16 00:58:37,673 | WARNING | ai.pipeline | Sudden stop detected — track IDs: [3, 4, 5, 6, 9, 13, 16]
2026-05-16 00:58:37,751 | WARNING | ai.pipeline | Sudden stop detected — track IDs: [3, 4, 5, 6, 9, 13, 16]
2026-05-16 00:58:37,828 | WARNING | ai.pipeline | Sudden stop detected — track IDs: [3, 4, 5, 6, 9, 13, 16]
2026-05-16 00:58:37,904 | WARNING | ai.pipeline | Sudden stop detected — track IDs: [3, 4, 5, 6, 9, 13, 16]
2026-05-16 00:58:37,984 | WARNING | ai.pipeline | Sudden stop detected — track IDs: [3, 4, 5, 6, 9, 13, 16]
2026-05-16 00:58:38,063 | WARNING | ai.pipeline | Sudden stop detected — track IDs: [3, 4, 5, 6, 9, 13, 16, 19]
2026-05-16 00:58:38,138 | WARNING | ai.pipeline | Sudden stop detected — track IDs: [3, 4, 5, 6, 9, 13, 16, 19]
2026-05-16 00:58:38,216 | WARNING | ai.pipeline | Sudden stop detected — track IDs: [3, 4, 5, 6, 9, 13, 16, 19]
2026-05-16 00:58:38,293 | WARNING | ai.pipeline | Sudden stop detected — track IDs: [3, 4, 5, 6, 9, 13, 16, 19]
2026-05-16 00:58:38,368 | WARNING | ai.pipeline | Sudden stop detected — track IDs: [3, 4, 5, 6, 9, 13, 16, 19]
2026-05-16 00:58:38,446 | WARNING | ai.pipeline | Sudden stop detected — track IDs: [3, 4, 5, 6, 9, 13, 16, 19]
2026-05-16 00:58:38,527 | WARNING | ai.pipeline | Sudden stop detected — track IDs: [3, 4, 5, 6, 9, 13, 16, 19]
2026-05-16 00:58:38,602 | WARNING | ai.pipeline | Sudden stop detected — track IDs: [3, 4, 5, 6, 9, 13, 16, 19]
2026-05-16 00:58:38,682 | WARNING | ai.pipeline | Sudden stop detected — track IDs: [3, 4, 5, 6, 9, 13, 16, 19]
2026-05-16 00:58:38,762 | WARNING | ai.pipeline | Sudden stop detected — track IDs: [3, 4, 5, 6, 9, 13, 16, 19]
2026-05-16 00:58:38,836 | WARNING | ai.pipeline | Sudden stop detected — track IDs: [3, 4, 5, 6, 9, 13, 16]
2026-05-16 00:58:38,916 | WARNING | ai.pipeline | Sudden stop detected — track IDs: [3, 4, 5, 6, 9, 13, 16, 19]
2026-05-16 00:58:38,993 | WARNING | ai.pipeline | Sudden stop detected — track IDs: [3, 4, 5, 6, 9, 13, 16]
2026-05-16 00:58:39,069 | WARNING | ai.pipeline | Sudden stop detected — track IDs: [3, 4, 5, 6, 9, 13, 16, 20]
2026-05-16 00:58:39,147 | WARNING | ai.pipeline | Sudden stop detected — track IDs: [3, 4, 5, 6, 9, 13, 16, 20]
2026-05-16 00:58:39,227 | WARNING | ai.pipeline | Sudden stop detected — track IDs: [3, 4, 5, 6, 9, 13, 16, 19, 20]
2026-05-16 00:58:39,304 | WARNING | ai.pipeline | Sudden stop detected — track IDs: [3, 4, 5, 6, 9, 13, 16, 20, 22]
2026-05-16 00:58:39,382 | WARNING | ai.pipeline | Sudden stop detected — track IDs: [3, 4, 5, 6, 9, 13, 16, 19, 20, 22]
2026-05-16 00:58:39,459 | WARNING | ai.pipeline | Sudden stop detected — track IDs: [3, 4, 5, 6, 9, 13, 16, 19, 20, 22]
2026-05-16 00:58:39,535 | WARNING | ai.pipeline | Sudden stop detected — track IDs: [3, 4, 5, 6, 9, 13, 16, 19, 20, 22]
2026-05-16 00:58:39,615 | WARNING | ai.pipeline | Sudden stop detected — track IDs: [3, 4, 5, 6, 9, 13, 16, 19, 20, 22]
2026-05-16 00:58:39,698 | WARNING | ai.pipeline | Sudden stop detected — track IDs: [3, 4, 5, 6, 9, 13, 16, 19, 20, 22]
2026-05-16 00:58:39,770 | WARNING | ai.pipeline | Sudden stop detected — track IDs: [3, 4, 5, 6, 13, 16, 19, 20, 22]
2026-05-16 00:58:39,844 | WARNING | ai.pipeline | Sudden stop detected — track IDs: [3, 4, 5, 6, 9, 13, 16, 19, 20, 22]
2026-05-16 00:58:39,924 | WARNING | ai.pipeline | Sudden stop detected — track IDs: [3, 4, 5, 6, 9, 13, 16, 19, 20, 22]
2026-05-16 00:58:40,002 | WARNING | ai.pipeline | Sudden stop detected — track IDs: [3, 4, 5, 6, 13, 16, 19, 20, 22, 24]
2026-05-16 00:58:40,080 | WARNING | ai.pipeline | Sudden stop detected — track IDs: [3, 4, 5, 6, 13, 16, 19, 20, 22, 24]
2026-05-16 00:58:40,156 | WARNING | ai.pipeline | Sudden stop detected — track IDs: [3, 4, 5, 6, 13, 16, 19, 20, 22, 24]
2026-05-16 00:58:40,232 | WARNING | ai.pipeline | Sudden stop detected — track IDs: [3, 4, 5, 6, 13, 16, 19, 20, 22, 24]
2026-05-16 00:58:40,308 | WARNING | ai.pipeline | Sudden stop detected — track IDs: [3, 4, 5, 6, 13, 16, 19, 20, 22, 24]
2026-05-16 00:58:40,389 | WARNING | ai.pipeline | Sudden stop detected — track IDs: [3, 4, 5, 6, 13, 16, 19, 20, 22, 24]
2026-05-16 00:58:40,465 | WARNING | ai.pipeline | Sudden stop detected — track IDs: [3, 4, 5, 13, 16, 19, 20, 22, 24]
2026-05-16 00:58:40,543 | WARNING | ai.pipeline | Sudden stop detected — track IDs: [3, 4, 5, 13, 16, 19, 20, 22, 24]
2026-05-16 00:58:40,622 | WARNING | ai.pipeline | Sudden stop detected — track IDs: [3, 4, 5, 13, 16, 19, 20, 22, 24]
2026-05-16 00:58:40,698 | WARNING | ai.pipeline | Sudden stop detected — track IDs: [3, 4, 5, 13, 16, 19, 20, 22, 24]
2026-05-16 00:58:40,775 | WARNING | ai.pipeline | Sudden stop detected — track IDs: [3, 4, 5, 13, 16, 19, 20, 22, 24]
2026-05-16 00:58:40,856 | WARNING | ai.pipeline | Sudden stop detected — track IDs: [3, 4, 5, 13, 16, 19, 20, 22, 24]
2026-05-16 00:58:40,932 | WARNING | ai.pipeline | Sudden stop detected — track IDs: [3, 4, 5, 13, 16, 19, 20, 22, 24]
2026-05-16 00:58:41,009 | WARNING | ai.pipeline | Sudden stop detected — track IDs: [3, 4, 5, 13, 16, 19, 20, 22, 24]
2026-05-16 00:58:41,083 | WARNING | ai.pipeline | Sudden stop detected — track IDs: [3, 4, 5, 13, 16, 19, 20, 22, 24]
2026-05-16 00:58:41,164 | WARNING | ai.pipeline | Sudden stop detected — track IDs: [3, 4, 5, 13, 16, 19, 20, 22, 24, 28]
2026-05-16 00:58:41,243 | WARNING | ai.pipeline | Sudden stop detected — track IDs: [3, 4, 5, 16, 19, 20, 22, 24, 28]
2026-05-16 00:58:41,320 | WARNING | ai.pipeline | Sudden stop detected — track IDs: [3, 4, 5, 16, 19, 20, 22, 24, 28]
2026-05-16 00:58:41,396 | WARNING | ai.pipeline | Sudden stop detected — track IDs: [3, 4, 5, 16, 19, 20, 24, 28]
2026-05-16 00:58:41,483 | WARNING | ai.pipeline | Sudden stop detected — track IDs: [3, 4, 5, 6, 16, 19, 20, 22, 24, 28]
2026-05-16 00:58:41,554 | WARNING | ai.pipeline | Sudden stop detected — track IDs: [3, 4, 5, 6, 16, 19, 20, 24, 28]
2026-05-16 00:58:41,632 | WARNING | ai.pipeline | Sudden stop detected — track IDs: [3, 4, 5, 6, 16, 19, 20, 22, 24, 28]
2026-05-16 00:58:41,706 | WARNING | ai.pipeline | Sudden stop detected — track IDs: [3, 4, 5, 6, 16, 19, 20, 24, 28, 32]
2026-05-16 00:58:41,784 | WARNING | ai.pipeline | Sudden stop detected — track IDs: [3, 4, 5, 6, 16, 19, 20, 24, 28, 32]
2026-05-16 00:58:41,864 | WARNING | ai.pipeline | Sudden stop detected — track IDs: [3, 4, 5, 6, 16, 19, 20, 24, 28, 32]
2026-05-16 00:58:41,941 | WARNING | ai.pipeline | Sudden stop detected — track IDs: [3, 4, 5, 6, 16, 19, 20, 24, 28, 32]
2026-05-16 00:58:42,020 | WARNING | ai.pipeline | Sudden stop detected — track IDs: [3, 4, 5, 6, 16, 19, 20, 24, 28, 32]
2026-05-16 00:58:42,095 | WARNING | ai.pipeline | Sudden stop detected — track IDs: [3, 4, 5, 6, 16, 19, 20, 24, 28, 32]
2026-05-16 00:58:42,174 | WARNING | ai.pipeline | Sudden stop detected — track IDs: [3, 4, 5, 6, 16, 19, 20, 24, 28, 32, 34]
2026-05-16 00:58:42,252 | WARNING | ai.pipeline | Sudden stop detected — track IDs: [3, 4, 5, 6, 16, 19, 20, 24, 28, 32, 34]
2026-05-16 00:58:42,326 | WARNING | ai.pipeline | Sudden stop detected — track IDs: [3, 4, 5, 6, 16, 19, 20, 24, 28, 32, 34]
2026-05-16 00:58:42,406 | WARNING | ai.pipeline | Sudden stop detected — track IDs: [3, 4, 5, 6, 16, 19, 20, 24, 28, 32, 34]
2026-05-16 00:58:42,486 | WARNING | ai.pipeline | Sudden stop detected — track IDs: [3, 4, 5, 6, 16, 19, 20, 24, 28, 32, 34]
2026-05-16 00:58:42,564 | WARNING | ai.pipeline | Sudden stop detected — track IDs: [3, 4, 5, 6, 16, 19, 20, 24, 28, 32, 34]
2026-05-16 00:58:42,639 | WARNING | ai.pipeline | Sudden stop detected — track IDs: [3, 4, 5, 6, 16, 19, 20, 24, 28, 32, 34]
2026-05-16 00:58:42,717 | WARNING | ai.pipeline | Sudden stop detected — track IDs: [3, 4, 5, 6, 16, 19, 20, 24, 28, 32, 34]
2026-05-16 00:58:42,792 | WARNING | ai.pipeline | Sudden stop detected — track IDs: [3, 4, 5, 6, 16, 19, 20, 28, 32, 34]
2026-05-16 00:58:42,872 | WARNING | ai.pipeline | Sudden stop detected — track IDs: [3, 4, 6, 16, 19, 20, 28, 32, 34]
2026-05-16 00:58:42,951 | WARNING | ai.pipeline | Sudden stop detected — track IDs: [3, 4, 6, 16, 19, 20, 24, 28, 32, 34, 36]
2026-05-16 00:58:43,029 | WARNING | ai.pipeline | Sudden stop detected — track IDs: [3, 4, 6, 16, 19, 20, 28, 32, 34]
2026-05-16 00:58:43,029 | WARNING | ai.pipeline | Wrong-way vehicle — track IDs: [4]
2026-05-16 00:58:43,103 | WARNING | ai.pipeline | Sudden stop detected — track IDs: [3, 4, 6, 16, 19, 20, 28, 32, 34, 36]
2026-05-16 00:58:43,183 | WARNING | ai.pipeline | Sudden stop detected — track IDs: [3, 4, 6, 16, 19, 20, 28, 32, 34]
2026-05-16 00:58:43,262 | WARNING | ai.pipeline | Sudden stop detected — track IDs: [3, 4, 6, 16, 19, 20, 28, 32, 34]
2026-05-16 00:58:43,338 | WARNING | ai.pipeline | Sudden stop detected — track IDs: [3, 4, 6, 16, 19, 20, 28, 32, 34]
2026-05-16 00:58:43,422 | WARNING | ai.pipeline | Sudden stop detected — track IDs: [3, 4, 6, 16, 19, 20, 28, 32, 34]
2026-05-16 00:58:43,491 | WARNING | ai.pipeline | Sudden stop detected — track IDs: [3, 4, 6, 19, 20, 28, 32, 34]
2026-05-16 00:58:43,573 | WARNING | ai.pipeline | Sudden stop detected — track IDs: [3, 4, 6, 19, 20, 28, 32, 34, 36]
2026-05-16 00:58:43,649 | WARNING | ai.pipeline | Sudden stop detected — track IDs: [3, 4, 6, 19, 20, 28, 32, 34]
2026-05-16 00:58:43,729 | WARNING | ai.pipeline | Sudden stop detected — track IDs: [3, 4, 6, 19, 20, 28, 32, 34, 36]
2026-05-16 00:58:43,803 | WARNING | ai.pipeline | Sudden stop detected — track IDs: [3, 4, 6, 19, 20, 28, 32, 34]
2026-05-16 00:58:43,883 | WARNING | ai.pipeline | Sudden stop detected — track IDs: [3, 4, 6, 19, 20, 28, 32, 34, 36]
2026-05-16 00:58:43,960 | WARNING | ai.pipeline | Sudden stop detected — track IDs: [3, 4, 6, 19, 20, 28, 32, 34, 36]
2026-05-16 00:58:44,037 | WARNING | ai.pipeline | Sudden stop detected — track IDs: [3, 4, 6, 19, 20, 28, 32, 33, 34, 36]
2026-05-16 00:58:44,112 | WARNING | ai.pipeline | Sudden stop detected — track IDs: [3, 4, 6, 19, 20, 28, 32, 33, 36]
2026-05-16 00:58:44,189 | WARNING | ai.pipeline | Sudden stop detected — track IDs: [3, 4, 6, 19, 20, 28, 32, 33, 36]
2026-05-16 00:58:44,270 | WARNING | ai.pipeline | Sudden stop detected — track IDs: [3, 4, 6, 19, 20, 28, 32, 33, 34, 36]
2026-05-16 00:58:44,342 | WARNING | ai.pipeline | Sudden stop detected — track IDs: [3, 4, 6, 19, 20, 32, 33, 34, 36]
2026-05-16 00:58:44,425 | WARNING | ai.pipeline | Sudden stop detected — track IDs: [3, 4, 6, 19, 20, 32, 33, 36]
2026-05-16 00:58:44,502 | WARNING | ai.pipeline | Sudden stop detected — track IDs: [3, 4, 19, 20, 32, 33, 36]
2026-05-16 00:58:44,580 | WARNING | ai.pipeline | Sudden stop detected — track IDs: [3, 4, 19, 20, 32, 33, 36]
2026-05-16 00:58:44,656 | WARNING | ai.pipeline | Sudden stop detected — track IDs: [3, 4, 19, 20, 32, 33, 36]
2026-05-16 00:58:44,738 | WARNING | ai.pipeline | Sudden stop detected — track IDs: [3, 4, 19, 20, 32, 33, 36]
2026-05-16 00:58:44,811 | WARNING | ai.pipeline | Sudden stop detected — track IDs: [3, 4, 19, 20, 32, 33, 36]
2026-05-16 00:58:44,812 | INFO | ai.analytics.event_logger | Snapshot saved: outputs/snapshot_1778873324.json
2026-05-16 00:58:44,888 | WARNING | ai.pipeline | Sudden stop detected — track IDs: [3, 4, 19, 20, 32, 33, 36, 40]
2026-05-16 00:58:44,965 | WARNING | ai.pipeline | Sudden stop detected — track IDs: [3, 4, 19, 20, 32, 33, 36, 40]
2026-05-16 00:58:45,043 | WARNING | ai.pipeline | Sudden stop detected — track IDs: [3, 4, 19, 20, 32, 33, 36, 40]
2026-05-16 00:58:45,121 | WARNING | ai.pipeline | Sudden stop detected — track IDs: [3, 4, 19, 20, 32, 33, 36, 40]
2026-05-16 00:58:45,209 | WARNING | ai.pipeline | Sudden stop detected — track IDs: [3, 4, 19, 20, 32, 33, 36, 40]
2026-05-16 00:58:45,285 | WARNING | ai.pipeline | Sudden stop detected — track IDs: [3, 4, 19, 20, 32, 33, 36, 39, 40]
2026-05-16 00:58:45,356 | WARNING | ai.pipeline | Sudden stop detected — track IDs: [3, 4, 19, 20, 32, 33, 36, 39, 40]
2026-05-16 00:58:45,435 | WARNING | ai.pipeline | Sudden stop detected — track IDs: [3, 4, 19, 20, 32, 33, 36, 39, 40]
2026-05-16 00:58:45,510 | WARNING | ai.pipeline | Sudden stop detected — track IDs: [3, 4, 19, 20, 32, 33, 36, 39, 40]
2026-05-16 00:58:45,590 | WARNING | ai.pipeline | Sudden stop detected — track IDs: [3, 4, 19, 20, 32, 33, 36, 39, 40, 42]
2026-05-16 00:58:45,670 | WARNING | ai.pipeline | Sudden stop detected — track IDs: [3, 4, 19, 20, 32, 33, 36, 39, 40, 42]
2026-05-16 00:58:45,747 | WARNING | ai.pipeline | Sudden stop detected — track IDs: [3, 4, 19, 20, 32, 33, 36, 39, 40, 42]
2026-05-16 00:58:45,831 | WARNING | ai.pipeline | Sudden stop detected — track IDs: [3, 4, 19, 20, 32, 33, 36, 39, 40, 42]
2026-05-16 00:58:45,904 | WARNING | ai.pipeline | Sudden stop detected — track IDs: [3, 4, 19, 20, 32, 33, 36, 39, 40, 42]
2026-05-16 00:58:45,984 | WARNING | ai.pipeline | Sudden stop detected — track IDs: [3, 4, 19, 20, 32, 33, 36, 39, 40, 42]
2026-05-16 00:58:46,057 | WARNING | ai.pipeline | Sudden stop detected — track IDs: [3, 4, 19, 20, 32, 33, 36, 39, 40, 42]
2026-05-16 00:58:46,138 | WARNING | ai.pipeline | Sudden stop detected — track IDs: [3, 4, 19, 20, 32, 33, 36, 39, 40, 42, 43]
2026-05-16 00:58:46,215 | WARNING | ai.pipeline | Sudden stop detected — track IDs: [3, 4, 19, 20, 32, 33, 36, 39, 40, 42, 43]
2026-05-16 00:58:46,298 | WARNING | ai.pipeline | Sudden stop detected — track IDs: [3, 4, 19, 20, 32, 33, 36, 39, 40, 42, 43]
2026-05-16 00:58:46,374 | WARNING | ai.pipeline | Sudden stop detected — track IDs: [3, 4, 19, 20, 32, 33, 36, 39, 40, 42, 43]
2026-05-16 00:58:46,450 | WARNING | ai.pipeline | Sudden stop detected — track IDs: [3, 4, 19, 20, 32, 33, 36, 39, 40, 42, 43]
2026-05-16 00:58:46,523 | WARNING | ai.pipeline | Sudden stop detected — track IDs: [3, 19, 20, 32, 33, 36, 39, 40, 42, 43]
2026-05-16 00:58:46,601 | WARNING | ai.pipeline | Sudden stop detected — track IDs: [3, 19, 20, 32, 33, 36, 39, 40, 42, 43]
2026-05-16 00:58:46,678 | WARNING | ai.pipeline | Sudden stop detected — track IDs: [3, 19, 20, 32, 33, 36, 39, 40, 42, 43]
2026-05-16 00:58:46,758 | WARNING | ai.pipeline | Sudden stop detected — track IDs: [3, 19, 20, 32, 36, 39, 40, 42, 43, 45]
2026-05-16 00:58:46,834 | WARNING | ai.pipeline | Sudden stop detected — track IDs: [3, 19, 20, 32, 36, 39, 40, 42, 45]
2026-05-16 00:58:46,907 | WARNING | ai.pipeline | Sudden stop detected — track IDs: [19, 20, 32, 36, 39, 40, 42, 45, 47]
2026-05-16 00:58:46,986 | WARNING | ai.pipeline | Sudden stop detected — track IDs: [19, 20, 32, 36, 39, 40, 42, 43, 45, 47]
2026-05-16 00:58:47,064 | WARNING | ai.pipeline | Sudden stop detected — track IDs: [19, 20, 32, 36, 39, 40, 42, 43, 45, 47]
2026-05-16 00:58:47,141 | WARNING | ai.pipeline | Sudden stop detected — track IDs: [19, 20, 32, 36, 39, 40, 42, 45]
2026-05-16 00:58:47,218 | WARNING | ai.pipeline | Sudden stop detected — track IDs: [19, 20, 32, 36, 39, 40, 42, 43, 45]
2026-05-16 00:58:47,297 | WARNING | ai.pipeline | Sudden stop detected — track IDs: [19, 20, 32, 36, 39, 40, 42, 43, 45]
2026-05-16 00:58:47,376 | WARNING | ai.pipeline | Sudden stop detected — track IDs: [19, 20, 32, 36, 39, 40, 42, 43, 45, 47]
2026-05-16 00:58:47,455 | WARNING | ai.pipeline | Sudden stop detected — track IDs: [19, 20, 32, 36, 39, 42, 43, 45]
2026-05-16 00:58:47,531 | WARNING | ai.pipeline | Sudden stop detected — track IDs: [19, 20, 32, 36, 39, 42, 43, 45]
2026-05-16 00:58:47,607 | WARNING | ai.pipeline | Sudden stop detected — track IDs: [19, 20, 32, 36, 39, 42, 43, 45, 47]
2026-05-16 00:58:47,686 | WARNING | ai.pipeline | Sudden stop detected — track IDs: [19, 20, 32, 36, 39, 42, 43, 45, 47]
2026-05-16 00:58:47,767 | WARNING | ai.pipeline | Sudden stop detected — track IDs: [19, 20, 32, 36, 42, 43, 45, 47]
2026-05-16 00:58:47,845 | WARNING | ai.pipeline | Sudden stop detected — track IDs: [19, 20, 32, 36, 42, 43, 45, 47]
2026-05-16 00:58:47,921 | WARNING | ai.pipeline | Sudden stop detected — track IDs: [19, 20, 32, 36, 42, 43, 45, 47]
2026-05-16 00:58:47,997 | WARNING | ai.pipeline | Sudden stop detected — track IDs: [19, 20, 32, 36, 42, 43, 45, 47]
2026-05-16 00:58:48,072 | WARNING | ai.pipeline | Sudden stop detected — track IDs: [19, 20, 32, 36, 42, 43, 45, 47]
2026-05-16 00:58:48,144 | WARNING | ai.pipeline | Sudden stop detected — track IDs: [19, 20, 32, 36, 42, 43, 45, 47]
2026-05-16 00:58:48,229 | WARNING | ai.pipeline | Sudden stop detected — track IDs: [19, 20, 32, 36, 42, 43, 45, 47]
2026-05-16 00:58:48,304 | WARNING | ai.pipeline | Sudden stop detected — track IDs: [19, 20, 32, 36, 42, 43, 45, 47]
2026-05-16 00:58:48,384 | WARNING | ai.pipeline | Sudden stop detected — track IDs: [19, 20, 32, 36, 42, 43, 45, 47]
2026-05-16 00:58:48,455 | WARNING | ai.pipeline | Sudden stop detected — track IDs: [19, 20, 32, 36, 42, 43, 45, 47]
2026-05-16 00:58:48,532 | WARNING | ai.pipeline | Sudden stop detected — track IDs: [19, 20, 32, 36, 42, 43, 45, 47]
2026-05-16 00:58:48,610 | WARNING | ai.pipeline | Sudden stop detected — track IDs: [19, 20, 32, 36, 42, 43, 45, 47]
2026-05-16 00:58:48,688 | WARNING | ai.pipeline | Sudden stop detected — track IDs: [19, 20, 32, 36, 42, 43, 45, 47]
2026-05-16 00:58:48,765 | WARNING | ai.pipeline | Sudden stop detected — track IDs: [19, 20, 32, 36, 42, 43, 47]
2026-05-16 00:58:48,840 | WARNING | ai.pipeline | Sudden stop detected — track IDs: [19, 20, 32, 36, 42, 43, 45, 47]
2026-05-16 00:58:48,922 | WARNING | ai.pipeline | Sudden stop detected — track IDs: [19, 20, 32, 36, 42, 43, 45, 47]
2026-05-16 00:58:48,993 | WARNING | ai.pipeline | Sudden stop detected — track IDs: [19, 20, 32, 36, 42, 43, 47]
2026-05-16 00:58:49,070 | WARNING | ai.pipeline | Sudden stop detected — track IDs: [19, 20, 32, 36, 42, 43, 47]
2026-05-16 00:58:49,150 | WARNING | ai.pipeline | Sudden stop detected — track IDs: [19, 20, 32, 36, 42, 43, 47]
2026-05-16 00:58:49,229 | WARNING | ai.pipeline | Sudden stop detected — track IDs: [19, 20, 32, 36, 42, 43, 47]
2026-05-16 00:58:49,526 | WARNING | ai.pipeline | Sudden stop detected — track IDs: [19, 20, 32, 36, 42, 43, 45, 47]
2026-05-16 00:58:49,602 | WARNING | ai.pipeline | Sudden stop detected — track IDs: [19, 20, 32, 36, 42, 43, 47]
2026-05-16 00:58:49,684 | WARNING | ai.pipeline | Sudden stop detected — track IDs: [19, 20, 32, 36, 42, 43, 47]
2026-05-16 00:58:49,760 | WARNING | ai.pipeline | Sudden stop detected — track IDs: [19, 20, 32, 36, 42, 43, 47]
2026-05-16 00:58:49,833 | WARNING | ai.pipeline | Sudden stop detected — track IDs: [19, 20, 32, 36, 42, 43, 47]
2026-05-16 00:58:49,911 | WARNING | ai.pipeline | Sudden stop detected — track IDs: [19, 20, 32, 36, 42, 43, 47]
2026-05-16 00:58:49,989 | WARNING | ai.pipeline | Sudden stop detected — track IDs: [19, 20, 32, 36, 42, 43, 47]
2026-05-16 00:58:50,069 | WARNING | ai.pipeline | Sudden stop detected — track IDs: [19, 20, 32, 36, 42, 43, 47]
2026-05-16 00:58:50,140 | WARNING | ai.pipeline | Sudden stop detected — track IDs: [19, 20, 32, 36, 42, 47]
2026-05-16 00:58:50,219 | WARNING | ai.pipeline | Sudden stop detected — track IDs: [19, 20, 32, 36, 42, 43, 47]
2026-05-16 00:58:50,300 | WARNING | ai.pipeline | Sudden stop detected — track IDs: [19, 20, 32, 36, 42, 43, 47]
2026-05-16 00:58:50,376 | WARNING | ai.pipeline | Sudden stop detected — track IDs: [19, 20, 32, 36, 42, 43, 47]
2026-05-16 00:58:50,450 | WARNING | ai.pipeline | Sudden stop detected — track IDs: [19, 20, 32, 36, 42, 43, 47]
2026-05-16 00:58:50,531 | WARNING | ai.pipeline | Sudden stop detected — track IDs: [19, 20, 32, 36, 42, 43, 47]
2026-05-16 00:58:50,608 | WARNING | ai.pipeline | Sudden stop detected — track IDs: [19, 20, 32, 36, 42, 43, 47]
2026-05-16 00:58:50,686 | WARNING | ai.pipeline | Sudden stop detected — track IDs: [19, 20, 32, 36, 42, 43, 47]
2026-05-16 00:58:50,762 | WARNING | ai.pipeline | Sudden stop detected — track IDs: [19, 20, 32, 36, 42, 43, 47, 49]
2026-05-16 00:58:50,839 | WARNING | ai.pipeline | Sudden stop detected — track IDs: [19, 20, 32, 36, 42, 43, 47, 49]
2026-05-16 00:58:50,920 | WARNING | ai.pipeline | Sudden stop detected — track IDs: [19, 20, 32, 36, 42, 43, 47, 49]
2026-05-16 00:58:50,997 | WARNING | ai.pipeline | Sudden stop detected — track IDs: [19, 20, 32, 36, 42, 43, 47, 49]
2026-05-16 00:58:51,071 | WARNING | ai.pipeline | Sudden stop detected — track IDs: [19, 20, 32, 36, 42, 43, 47, 49]
2026-05-16 00:58:51,148 | WARNING | ai.pipeline | Sudden stop detected — track IDs: [19, 20, 32, 36, 42, 43, 47, 49]
2026-05-16 00:58:51,227 | WARNING | ai.pipeline | Sudden stop detected — track IDs: [19, 20, 32, 36, 42, 43, 47, 49]
2026-05-16 00:58:51,304 | WARNING | ai.pipeline | Sudden stop detected — track IDs: [19, 20, 32, 36, 42, 43, 47, 49]
2026-05-16 00:58:51,381 | WARNING | ai.pipeline | Sudden stop detected — track IDs: [19, 20, 32, 36, 42, 43, 47, 49]
2026-05-16 00:58:51,459 | WARNING | ai.pipeline | Sudden stop detected — track IDs: [19, 20, 32, 36, 42, 43, 47, 49]
2026-05-16 00:58:51,536 | WARNING | ai.pipeline | Sudden stop detected — track IDs: [19, 20, 32, 36, 42, 43, 47, 49, 52]
2026-05-16 00:58:51,613 | WARNING | ai.pipeline | Sudden stop detected — track IDs: [19, 20, 32, 36, 42, 43, 47, 49, 52]
2026-05-16 00:58:51,689 | WARNING | ai.pipeline | Sudden stop detected — track IDs: [19, 20, 32, 36, 42, 43, 47, 49, 52]
2026-05-16 00:58:51,764 | WARNING | ai.pipeline | Sudden stop detected — track IDs: [20, 32, 36, 42, 43, 47, 49, 52]
2026-05-16 00:58:51,842 | WARNING | ai.pipeline | Sudden stop detected — track IDs: [20, 32, 36, 42, 43, 47, 49, 52]
2026-05-16 00:58:51,925 | WARNING | ai.pipeline | Sudden stop detected — track IDs: [20, 32, 36, 42, 43, 47, 49, 52]
2026-05-16 00:58:51,999 | WARNING | ai.pipeline | Sudden stop detected — track IDs: [20, 32, 36, 42, 43, 47, 49, 52, 54]
2026-05-16 00:58:52,077 | WARNING | ai.pipeline | Sudden stop detected — track IDs: [20, 32, 36, 42, 43, 47, 49, 52, 54]
2026-05-16 00:58:52,155 | WARNING | ai.pipeline | Sudden stop detected — track IDs: [20, 32, 36, 42, 43, 47, 49, 52, 54]
2026-05-16 00:58:52,235 | WARNING | ai.pipeline | Sudden stop detected — track IDs: [20, 32, 36, 42, 43, 47, 49, 52, 54]
2026-05-16 00:58:52,313 | WARNING | ai.pipeline | Sudden stop detected — track IDs: [20, 32, 36, 42, 43, 47, 49, 52, 54]
2026-05-16 00:58:52,389 | WARNING | ai.pipeline | Sudden stop detected — track IDs: [20, 32, 36, 42, 43, 47, 49, 52, 54]
2026-05-16 00:58:52,466 | WARNING | ai.pipeline | Sudden stop detected — track IDs: [32, 36, 42, 43, 47, 49, 52, 54]
2026-05-16 00:58:52,542 | WARNING | ai.pipeline | Sudden stop detected — track IDs: [32, 36, 42, 43, 47, 49, 52, 55]
2026-05-16 00:58:52,621 | WARNING | ai.pipeline | Sudden stop detected — track IDs: [32, 36, 42, 43, 47, 49, 52, 54, 55]
2026-05-16 00:58:52,696 | WARNING | ai.pipeline | Sudden stop detected — track IDs: [32, 36, 42, 43, 47, 49, 52, 54, 55]
2026-05-16 00:58:52,776 | WARNING | ai.pipeline | Sudden stop detected — track IDs: [36, 42, 43, 47, 49, 52, 54, 55]
2026-05-16 00:58:52,854 | WARNING | ai.pipeline | Sudden stop detected — track IDs: [36, 42, 43, 47, 49, 52, 54, 55, 56]
2026-05-16 00:58:52,932 | WARNING | ai.pipeline | Sudden stop detected — track IDs: [36, 42, 43, 47, 49, 52, 54, 55, 56]
2026-05-16 00:58:53,007 | WARNING | ai.pipeline | Sudden stop detected — track IDs: [36, 42, 43, 47, 49, 52, 54, 55, 56]
2026-05-16 00:58:53,086 | WARNING | ai.pipeline | Sudden stop detected — track IDs: [36, 42, 43, 47, 49, 52, 54, 55, 56]
2026-05-16 00:58:53,164 | WARNING | ai.pipeline | Sudden stop detected — track IDs: [36, 42, 43, 47, 49, 52, 54, 55, 56]
2026-05-16 00:58:53,244 | WARNING | ai.pipeline | Sudden stop detected — track IDs: [36, 42, 43, 47, 49, 52, 54, 55]
2026-05-16 00:58:53,322 | WARNING | ai.pipeline | Sudden stop detected — track IDs: [36, 42, 43, 47, 49, 52, 54, 55]
2026-05-16 00:58:53,401 | WARNING | ai.pipeline | Sudden stop detected — track IDs: [36, 42, 43, 47, 52, 54, 55]
2026-05-16 00:58:53,477 | WARNING | ai.pipeline | Sudden stop detected — track IDs: [36, 42, 43, 47, 52, 54, 55, 56]
2026-05-16 00:58:53,554 | WARNING | ai.pipeline | Sudden stop detected — track IDs: [36, 42, 43, 47, 52, 54, 55, 56]
2026-05-16 00:58:53,630 | WARNING | ai.pipeline | Sudden stop detected — track IDs: [36, 42, 43, 47, 52, 54, 55, 56]
2026-05-16 00:58:53,715 | WARNING | ai.pipeline | Sudden stop detected — track IDs: [36, 42, 43, 47, 52, 54, 55, 56]
2026-05-16 00:58:53,786 | WARNING | ai.pipeline | Sudden stop detected — track IDs: [36, 42, 43, 47, 52, 54, 55, 56]
2026-05-16 00:58:53,863 | WARNING | ai.pipeline | Sudden stop detected — track IDs: [36, 42, 43, 47, 52, 54, 55, 56]
2026-05-16 00:58:53,945 | WARNING | ai.pipeline | Sudden stop detected — track IDs: [36, 42, 43, 47, 52, 54, 55, 56]
2026-05-16 00:58:54,016 | WARNING | ai.pipeline | Sudden stop detected — track IDs: [36, 42, 43, 47, 52, 54, 55, 56]
2026-05-16 00:58:54,095 | WARNING | ai.pipeline | Sudden stop detected — track IDs: [36, 42, 43, 47, 52, 54, 55, 56]
2026-05-16 00:58:54,172 | WARNING | ai.pipeline | Sudden stop detected — track IDs: [36, 42, 43, 47, 52, 54, 55, 56]
2026-05-16 00:58:54,256 | WARNING | ai.pipeline | Sudden stop detected — track IDs: [36, 42, 43, 47, 52, 54, 55, 56]
2026-05-16 00:58:54,325 | WARNING | ai.pipeline | Sudden stop detected — track IDs: [36, 42, 43, 47, 52, 54, 55, 56]
2026-05-16 00:58:54,408 | WARNING | ai.pipeline | Sudden stop detected — track IDs: [42, 43, 47, 52, 54, 55, 56]
2026-05-16 00:58:54,485 | WARNING | ai.pipeline | Sudden stop detected — track IDs: [42, 43, 47, 52, 54, 55, 56]
2026-05-16 00:58:54,567 | WARNING | ai.pipeline | Sudden stop detected — track IDs: [42, 43, 47, 52, 54, 55, 56]
2026-05-16 00:58:54,641 | WARNING | ai.pipeline | Sudden stop detected — track IDs: [42, 43, 47, 52, 54, 55, 56]
2026-05-16 00:58:54,718 | WARNING | ai.pipeline | Sudden stop detected — track IDs: [42, 43, 47, 52, 54, 55, 56]
2026-05-16 00:58:54,800 | WARNING | ai.pipeline | Sudden stop detected — track IDs: [42, 43, 47, 52, 54, 55, 56]
2026-05-16 00:58:54,892 | WARNING | ai.pipeline | Sudden stop detected — track IDs: [42, 43, 47, 52, 54, 55, 56]
2026-05-16 00:58:54,893 | INFO | ai.analytics.event_logger | Snapshot saved: outputs/snapshot_1778873334.json
2026-05-16 00:58:54,983 | WARNING | ai.pipeline | Sudden stop detected — track IDs: [42, 43, 47, 52, 54, 55, 56]
2026-05-16 00:58:55,077 | WARNING | ai.pipeline | Sudden stop detected — track IDs: [42, 43, 47, 52, 54, 55, 56]
2026-05-16 00:58:55,151 | WARNING | ai.pipeline | Sudden stop detected — track IDs: [42, 43, 47, 52, 54, 55, 56, 60]
2026-05-16 00:58:55,222 | WARNING | ai.pipeline | Sudden stop detected — track IDs: [42, 43, 47, 52, 54, 55, 56, 60]
2026-05-16 00:58:55,301 | WARNING | ai.pipeline | Sudden stop detected — track IDs: [42, 43, 47, 52, 54, 55, 56, 60]
2026-05-16 00:58:55,376 | WARNING | ai.pipeline | Sudden stop detected — track IDs: [42, 43, 47, 52, 54, 55, 56, 60]
2026-05-16 00:58:55,457 | WARNING | ai.pipeline | Sudden stop detected — track IDs: [42, 43, 47, 52, 54, 55, 56, 60]
2026-05-16 00:58:55,536 | WARNING | ai.pipeline | Sudden stop detected — track IDs: [42, 43, 47, 52, 54, 55, 56, 60]
2026-05-16 00:58:55,627 | WARNING | ai.pipeline | Sudden stop detected — track IDs: [42, 43, 47, 52, 54, 55, 56, 60]
2026-05-16 00:58:55,716 | WARNING | ai.pipeline | Sudden stop detected — track IDs: [42, 43, 47, 52, 54, 55, 56, 60]
2026-05-16 00:58:55,797 | WARNING | ai.pipeline | Sudden stop detected — track IDs: [42, 43, 47, 52, 54, 56, 60]
2026-05-16 00:58:55,873 | WARNING | ai.pipeline | Sudden stop detected — track IDs: [42, 43, 47, 52, 54, 55, 56, 60]
2026-05-16 00:58:55,950 | WARNING | ai.pipeline | Sudden stop detected — track IDs: [42, 43, 47, 52, 54, 56, 60, 62]
2026-05-16 00:58:56,037 | WARNING | ai.pipeline | Sudden stop detected — track IDs: [42, 43, 47, 52, 54, 56, 60, 62, 63]
2026-05-16 00:58:56,123 | WARNING | ai.pipeline | Sudden stop detected — track IDs: [42, 43, 47, 52, 54, 56, 60, 62, 63]
2026-05-16 00:58:56,223 | WARNING | ai.pipeline | Sudden stop detected — track IDs: [42, 43, 47, 52, 54, 56, 60, 62, 63]
2026-05-16 00:58:56,308 | WARNING | ai.pipeline | Sudden stop detected — track IDs: [42, 43, 47, 52, 54, 56, 60, 63]
2026-05-16 00:58:56,400 | WARNING | ai.pipeline | Sudden stop detected — track IDs: [42, 43, 47, 52, 54, 56, 60, 62, 63]
2026-05-16 00:58:56,506 | WARNING | ai.pipeline | Sudden stop detected — track IDs: [42, 43, 47, 52, 54, 56, 60, 62, 63]
2026-05-16 00:58:56,614 | WARNING | ai.pipeline | Sudden stop detected — track IDs: [42, 43, 47, 52, 54, 56, 60, 62, 63]
2026-05-16 00:58:56,716 | WARNING | ai.pipeline | Sudden stop detected — track IDs: [42, 43, 47, 52, 54, 56, 60, 62, 63, 65, 66]
2026-05-16 00:58:56,831 | WARNING | ai.pipeline | Sudden stop detected — track IDs: [42, 47, 52, 54, 56, 60, 62, 63, 65, 66]
2026-05-16 00:58:56,940 | WARNING | ai.pipeline | Sudden stop detected — track IDs: [42, 47, 52, 54, 56, 60, 62, 63, 65, 66]
2026-05-16 00:58:57,041 | WARNING | ai.pipeline | Sudden stop detected — track IDs: [42, 47, 52, 54, 56, 60, 62, 63, 65, 66, 67]
2026-05-16 00:58:57,159 | WARNING | ai.pipeline | Sudden stop detected — track IDs: [42, 47, 52, 54, 56, 60, 62, 63, 65, 66, 67]
2026-05-16 00:58:57,285 | WARNING | ai.pipeline | Sudden stop detected — track IDs: [42, 47, 52, 54, 56, 60, 62, 63, 65, 66, 67]
2026-05-16 00:58:57,394 | WARNING | ai.pipeline | Sudden stop detected — track IDs: [42, 47, 52, 54, 56, 60, 62, 63, 65, 66, 67]
2026-05-16 00:58:57,497 | WARNING | ai.pipeline | Sudden stop detected — track IDs: [42, 47, 52, 54, 56, 60, 62, 63, 65, 66, 67]
2026-05-16 00:58:57,606 | WARNING | ai.pipeline | Sudden stop detected — track IDs: [42, 47, 52, 54, 56, 60, 62, 63, 65, 66, 67, 68]
2026-05-16 00:58:57,713 | WARNING | ai.pipeline | Sudden stop detected — track IDs: [42, 47, 52, 54, 56, 60, 62, 63, 65, 66, 67, 68]
2026-05-16 00:58:57,809 | WARNING | ai.pipeline | Sudden stop detected — track IDs: [42, 47, 52, 54, 56, 60, 62, 63, 65, 66, 67, 68]
2026-05-16 00:58:57,922 | WARNING | ai.pipeline | Sudden stop detected — track IDs: [42, 47, 52, 54, 56, 60, 62, 63, 65, 66, 67, 68]
2026-05-16 00:58:58,029 | WARNING | ai.pipeline | Sudden stop detected — track IDs: [42, 47, 52, 54, 56, 60, 62, 63, 65, 66, 67, 68]
2026-05-16 00:58:58,136 | WARNING | ai.pipeline | Sudden stop detected — track IDs: [42, 47, 52, 54, 56, 60, 62, 63, 65, 66, 67, 68]
2026-05-16 00:58:58,245 | WARNING | ai.pipeline | Sudden stop detected — track IDs: [42, 47, 52, 54, 56, 60, 62, 63, 65, 66, 67, 68]
2026-05-16 00:58:58,362 | WARNING | ai.pipeline | Sudden stop detected — track IDs: [42, 47, 52, 54, 56, 60, 62, 63, 65, 66, 67, 68]
2026-05-16 00:58:58,456 | WARNING | ai.pipeline | Sudden stop detected — track IDs: [42, 47, 52, 54, 56, 60, 62, 63, 65, 66, 67, 68]
2026-05-16 00:58:58,550 | WARNING | ai.pipeline | Sudden stop detected — track IDs: [42, 47, 52, 54, 56, 60, 62, 63, 65, 66, 68]
2026-05-16 00:58:58,657 | WARNING | ai.pipeline | Sudden stop detected — track IDs: [42, 47, 52, 54, 56, 60, 62, 63, 65, 66, 67, 68]
2026-05-16 00:58:58,762 | WARNING | ai.pipeline | Sudden stop detected — track IDs: [42, 47, 52, 54, 56, 60, 62, 63, 65, 66, 67, 68]
2026-05-16 00:58:58,856 | WARNING | ai.pipeline | Sudden stop detected — track IDs: [42, 47, 52, 54, 56, 60, 62, 63, 65, 66, 67, 68]
2026-05-16 00:58:58,950 | WARNING | ai.pipeline | Sudden stop detected — track IDs: [42, 47, 52, 54, 56, 60, 62, 63, 65, 66, 67, 68]
2026-05-16 00:58:59,060 | WARNING | ai.pipeline | Sudden stop detected — track IDs: [42, 47, 52, 54, 56, 60, 62, 63, 65, 66, 67, 68]
2026-05-16 00:58:59,178 | WARNING | ai.pipeline | Sudden stop detected — track IDs: [42, 47, 52, 54, 56, 60, 62, 63, 65, 66, 67, 68]
2026-05-16 00:58:59,283 | WARNING | ai.pipeline | Sudden stop detected — track IDs: [47, 52, 54, 56, 60, 62, 63, 65, 66, 67, 68]
2026-05-16 00:58:59,391 | WARNING | ai.pipeline | Sudden stop detected — track IDs: [52, 54, 56, 60, 62, 63, 65, 66, 67, 68]
2026-05-16 00:58:59,495 | WARNING | ai.pipeline | Sudden stop detected — track IDs: [52, 54, 56, 60, 62, 63, 65, 66, 67, 68]
2026-05-16 00:58:59,603 | WARNING | ai.pipeline | Sudden stop detected — track IDs: [52, 54, 56, 60, 62, 63, 65, 66, 67, 68]
2026-05-16 00:58:59,699 | WARNING | ai.pipeline | Sudden stop detected — track IDs: [52, 54, 56, 60, 62, 63, 65, 66, 67, 68]
2026-05-16 00:58:59,807 | WARNING | ai.pipeline | Sudden stop detected — track IDs: [52, 54, 56, 60, 62, 63, 65, 66, 67, 68]
2026-05-16 00:58:59,913 | WARNING | ai.pipeline | Sudden stop detected — track IDs: [52, 54, 56, 62, 63, 65, 66, 67, 68]
2026-05-16 00:59:00,008 | WARNING | ai.pipeline | Sudden stop detected — track IDs: [52, 54, 56, 62, 63, 65, 66, 67, 68]
2026-05-16 00:59:00,110 | WARNING | ai.pipeline | Sudden stop detected — track IDs: [52, 54, 56, 62, 63, 65, 67, 68]
2026-05-16 00:59:00,203 | WARNING | ai.pipeline | Sudden stop detected — track IDs: [52, 54, 56, 62, 63, 65, 67, 68]
2026-05-16 00:59:00,298 | WARNING | ai.pipeline | Sudden stop detected — track IDs: [52, 54, 56, 62, 63, 65, 67, 68]
2026-05-16 00:59:00,395 | WARNING | ai.pipeline | Sudden stop detected — track IDs: [52, 54, 56, 62, 63, 65, 67, 68]
2026-05-16 00:59:00,506 | WARNING | ai.pipeline | Sudden stop detected — track IDs: [52, 54, 56, 62, 63, 65, 67, 68]
2026-05-16 00:59:00,614 | WARNING | ai.pipeline | Sudden stop detected — track IDs: [52, 54, 56, 62, 63, 65, 67, 68]
2026-05-16 00:59:00,721 | WARNING | ai.pipeline | Sudden stop detected — track IDs: [52, 54, 56, 62, 63, 65, 67, 68]
2026-05-16 00:59:00,824 | WARNING | ai.pipeline | Sudden stop detected — track IDs: [52, 54, 56, 62, 63, 65, 67, 68]
2026-05-16 00:59:00,919 | WARNING | ai.pipeline | Sudden stop detected — track IDs: [52, 54, 56, 62, 63, 65, 67, 68]
2026-05-16 00:59:01,014 | WARNING | ai.pipeline | Sudden stop detected — track IDs: [52, 54, 56, 62, 63, 65, 67, 68]
2026-05-16 00:59:01,118 | WARNING | ai.pipeline | Sudden stop detected — track IDs: [52, 54, 56, 62, 63, 65, 67, 68]
2026-05-16 00:59:01,209 | WARNING | ai.pipeline | Sudden stop detected — track IDs: [52, 54, 56, 62, 63, 65, 67, 68]
2026-05-16 00:59:01,305 | WARNING | ai.pipeline | Sudden stop detected — track IDs: [52, 54, 56, 62, 63, 65, 67, 68]
2026-05-16 00:59:01,397 | WARNING | ai.pipeline | Sudden stop detected — track IDs: [52, 54, 56, 62, 63, 65, 67, 68]
2026-05-16 00:59:01,490 | WARNING | ai.pipeline | Sudden stop detected — track IDs: [52, 54, 56, 62, 63, 65, 67, 68]
2026-05-16 00:59:01,587 | WARNING | ai.pipeline | Sudden stop detected — track IDs: [52, 54, 56, 62, 63, 65, 67, 68]
2026-05-16 00:59:01,697 | WARNING | ai.pipeline | Sudden stop detected — track IDs: [52, 54, 56, 62, 63, 65, 67, 68]
2026-05-16 00:59:01,799 | WARNING | ai.pipeline | Sudden stop detected — track IDs: [52, 54, 56, 62, 63, 65, 67, 68, 77]
2026-05-16 00:59:01,895 | WARNING | ai.pipeline | Sudden stop detected — track IDs: [52, 54, 56, 62, 63, 65, 67, 68, 77]
2026-05-16 00:59:01,895 | WARNING | ai.pipeline | Wrong-way vehicle — track IDs: [52]
2026-05-16 00:59:02,003 | WARNING | ai.pipeline | Sudden stop detected — track IDs: [52, 54, 56, 62, 63, 65, 67, 68, 77]
2026-05-16 00:59:02,098 | WARNING | ai.pipeline | Sudden stop detected — track IDs: [52, 54, 56, 62, 63, 65, 67, 68, 77]
2026-05-16 00:59:02,198 | WARNING | ai.pipeline | Sudden stop detected — track IDs: [52, 54, 56, 62, 63, 65, 67, 68, 77]
2026-05-16 00:59:02,294 | WARNING | ai.pipeline | Sudden stop detected — track IDs: [52, 54, 56, 62, 63, 65, 67, 68, 77]
2026-05-16 00:59:02,399 | WARNING | ai.pipeline | Sudden stop detected — track IDs: [52, 54, 56, 62, 63, 65, 67, 68, 77]
2026-05-16 00:59:02,498 | WARNING | ai.pipeline | Sudden stop detected — track IDs: [52, 54, 56, 62, 63, 65, 67, 68, 77, 82]
2026-05-16 00:59:02,590 | WARNING | ai.pipeline | Sudden stop detected — track IDs: [52, 54, 56, 62, 63, 65, 67, 68, 77, 82, 83]
2026-05-16 00:59:02,690 | WARNING | ai.pipeline | Sudden stop detected — track IDs: [52, 54, 56, 62, 63, 65, 67, 68, 77, 82, 83]
2026-05-16 00:59:02,796 | WARNING | ai.pipeline | Sudden stop detected — track IDs: [52, 54, 56, 62, 63, 65, 67, 68, 77, 82, 83]
2026-05-16 00:59:02,902 | WARNING | ai.pipeline | Sudden stop detected — track IDs: [52, 54, 56, 62, 63, 65, 67, 68, 77, 82, 83]
2026-05-16 00:59:03,011 | WARNING | ai.pipeline | Sudden stop detected — track IDs: [52, 54, 56, 62, 63, 65, 67, 68, 77, 82, 83, 85]
2026-05-16 00:59:03,113 | WARNING | ai.pipeline | Sudden stop detected — track IDs: [52, 54, 56, 62, 63, 65, 67, 68, 77, 82, 83, 85]
2026-05-16 00:59:03,207 | WARNING | ai.pipeline | Sudden stop detected — track IDs: [52, 54, 56, 62, 63, 65, 67, 68, 77, 82, 83, 85]
2026-05-16 00:59:03,295 | WARNING | ai.pipeline | Sudden stop detected — track IDs: [52, 54, 56, 62, 63, 65, 67, 68, 77, 82, 83, 85, 86]
2026-05-16 00:59:03,399 | WARNING | ai.pipeline | Sudden stop detected — track IDs: [52, 54, 56, 62, 63, 65, 67, 68, 77, 82, 83, 85, 86]
2026-05-16 00:59:03,504 | WARNING | ai.pipeline | Sudden stop detected — track IDs: [52, 54, 56, 62, 63, 65, 67, 68, 77, 82, 83, 85, 86]
2026-05-16 00:59:03,610 | WARNING | ai.pipeline | Sudden stop detected — track IDs: [52, 54, 56, 62, 63, 65, 67, 68, 77, 82, 83, 85, 86]
2026-05-16 00:59:03,707 | WARNING | ai.pipeline | Sudden stop detected — track IDs: [52, 54, 56, 62, 63, 65, 67, 68, 77, 82, 83, 85]
2026-05-16 00:59:03,815 | WARNING | ai.pipeline | Sudden stop detected — track IDs: [52, 54, 56, 62, 63, 65, 67, 68, 77, 82, 83, 85, 86]
2026-05-16 00:59:03,925 | WARNING | ai.pipeline | Sudden stop detected — track IDs: [52, 54, 56, 62, 63, 65, 67, 68, 77, 82, 83, 85, 86]
2026-05-16 00:59:04,031 | WARNING | ai.pipeline | Sudden stop detected — track IDs: [52, 54, 56, 62, 63, 65, 67, 68, 77, 82, 83, 85, 86]
2026-05-16 00:59:04,139 | WARNING | ai.pipeline | Sudden stop detected — track IDs: [52, 54, 56, 62, 63, 65, 67, 68, 77, 82, 83, 85, 86]
2026-05-16 00:59:04,239 | WARNING | ai.pipeline | Sudden stop detected — track IDs: [52, 54, 56, 62, 63, 65, 67, 68, 77, 82, 83, 85, 86]
2026-05-16 00:59:04,338 | WARNING | ai.pipeline | Sudden stop detected — track IDs: [52, 54, 56, 62, 63, 65, 67, 68, 77, 82, 83, 85, 86]
2026-05-16 00:59:04,445 | WARNING | ai.pipeline | Sudden stop detected — track IDs: [52, 54, 56, 62, 63, 65, 67, 68, 77, 82, 83, 85, 86]
2026-05-16 00:59:04,538 | WARNING | ai.pipeline | Sudden stop detected — track IDs: [52, 54, 56, 62, 63, 65, 67, 68, 77, 82, 83, 85, 86]
2026-05-16 00:59:04,649 | WARNING | ai.pipeline | Sudden stop detected — track IDs: [52, 54, 56, 62, 63, 65, 67, 68, 77, 82, 83, 85, 86]
2026-05-16 00:59:04,758 | WARNING | ai.pipeline | Sudden stop detected — track IDs: [52, 54, 56, 62, 63, 65, 67, 68, 77, 82, 83, 85, 86]
2026-05-16 00:59:04,865 | WARNING | ai.pipeline | Sudden stop detected — track IDs: [52, 54, 56, 62, 63, 65, 67, 68, 77, 82, 83, 85, 86]
2026-05-16 00:59:04,968 | WARNING | ai.pipeline | Sudden stop detected — track IDs: [52, 56, 62, 63, 65, 67, 68, 77, 82, 83, 85, 86, 89]
2026-05-16 00:59:04,969 | INFO | ai.analytics.event_logger | Snapshot saved: outputs/snapshot_1778873344.json
2026-05-16 00:59:05,059 | WARNING | ai.pipeline | Sudden stop detected — track IDs: [52, 56, 62, 63, 65, 67, 68, 77, 82, 83, 85, 86, 89]
2026-05-16 00:59:05,147 | WARNING | ai.pipeline | Sudden stop detected — track IDs: [52, 56, 62, 63, 65, 67, 68, 77, 82, 83, 85, 86, 89]
2026-05-16 00:59:05,243 | WARNING | ai.pipeline | Sudden stop detected — track IDs: [52, 56, 62, 63, 65, 67, 68, 77, 82, 83, 85, 86, 89]
2026-05-16 00:59:05,339 | WARNING | ai.pipeline | Sudden stop detected — track IDs: [56, 62, 63, 65, 67, 68, 77, 82, 83, 85, 86, 89]
2026-05-16 00:59:05,439 | WARNING | ai.pipeline | Sudden stop detected — track IDs: [56, 62, 63, 65, 67, 68, 77, 82, 83, 85, 86, 89]
2026-05-16 00:59:05,549 | WARNING | ai.pipeline | Sudden stop detected — track IDs: [56, 62, 63, 65, 67, 68, 82, 83, 85, 86, 89]
2026-05-16 00:59:05,654 | WARNING | ai.pipeline | Sudden stop detected — track IDs: [56, 62, 63, 65, 67, 68, 82, 83, 85, 86, 89]
2026-05-16 00:59:05,763 | WARNING | ai.pipeline | Sudden stop detected — track IDs: [56, 62, 63, 65, 67, 68, 82, 83, 85, 86, 89]
2026-05-16 00:59:05,871 | WARNING | ai.pipeline | Sudden stop detected — track IDs: [56, 62, 63, 65, 67, 68, 82, 83, 85, 86, 89]
2026-05-16 00:59:05,977 | WARNING | ai.pipeline | Sudden stop detected — track IDs: [56, 62, 63, 65, 67, 68, 82, 83, 85, 86, 89]
2026-05-16 00:59:06,086 | WARNING | ai.pipeline | Sudden stop detected — track IDs: [56, 62, 63, 65, 67, 68, 82, 83, 85, 86, 89]
2026-05-16 00:59:06,193 | WARNING | ai.pipeline | Sudden stop detected — track IDs: [56, 62, 63, 65, 67, 68, 82, 83, 85, 86, 89]
2026-05-16 00:59:06,307 | WARNING | ai.pipeline | Sudden stop detected — track IDs: [56, 62, 63, 65, 67, 68, 82, 83, 85, 86, 89]
2026-05-16 00:59:06,411 | WARNING | ai.pipeline | Sudden stop detected — track IDs: [56, 62, 63, 65, 67, 68, 82, 83, 85, 86, 89]
2026-05-16 00:59:06,518 | WARNING | ai.pipeline | Sudden stop detected — track IDs: [56, 62, 63, 65, 67, 68, 82, 83, 85, 86, 89]
2026-05-16 00:59:06,612 | WARNING | ai.pipeline | Sudden stop detected — track IDs: [62, 63, 67, 68, 82, 83, 85, 86, 89]
2026-05-16 00:59:06,704 | WARNING | ai.pipeline | Sudden stop detected — track IDs: [62, 63, 67, 68, 82, 83, 85, 86, 89, 92]
2026-05-16 00:59:06,797 | WARNING | ai.pipeline | Sudden stop detected — track IDs: [62, 63, 67, 68, 82, 83, 85, 86, 89, 92]
2026-05-16 00:59:06,892 | WARNING | ai.pipeline | Sudden stop detected — track IDs: [62, 63, 67, 68, 82, 83, 85, 86, 89, 92]
2026-05-16 00:59:06,987 | WARNING | ai.pipeline | Sudden stop detected — track IDs: [62, 63, 67, 82, 83, 85, 86, 89, 92]
2026-05-16 00:59:07,093 | WARNING | ai.pipeline | Sudden stop detected — track IDs: [62, 63, 67, 82, 83, 85, 86, 89, 92]
2026-05-16 00:59:07,182 | WARNING | ai.pipeline | Sudden stop detected — track IDs: [62, 67, 82, 83, 85, 86, 89, 92]
2026-05-16 00:59:07,276 | WARNING | ai.pipeline | Sudden stop detected — track IDs: [62, 67, 82, 83, 85, 86, 89, 92]
2026-05-16 00:59:07,374 | WARNING | ai.pipeline | Sudden stop detected — track IDs: [62, 67, 82, 83, 85, 86, 89, 92, 94]
2026-05-16 00:59:07,483 | WARNING | ai.pipeline | Sudden stop detected — track IDs: [62, 67, 82, 83, 85, 86, 89, 92, 94]
2026-05-16 00:59:07,598 | WARNING | ai.pipeline | Sudden stop detected — track IDs: [62, 67, 82, 83, 85, 86, 89, 92, 94]
2026-05-16 00:59:07,698 | WARNING | ai.pipeline | Sudden stop detected — track IDs: [62, 67, 82, 83, 85, 86, 89, 92, 94]
2026-05-16 00:59:07,803 | WARNING | ai.pipeline | Sudden stop detected — track IDs: [62, 67, 82, 83, 85, 86, 89, 92, 94, 96]
2026-05-16 00:59:07,906 | WARNING | ai.pipeline | Sudden stop detected — track IDs: [62, 67, 83, 85, 86, 89, 92, 94, 96]
2026-05-16 00:59:08,010 | WARNING | ai.pipeline | Sudden stop detected — track IDs: [62, 67, 83, 85, 86, 89, 92, 94, 96]
2026-05-16 00:59:08,113 | WARNING | ai.pipeline | Sudden stop detected — track IDs: [62, 67, 83, 85, 86, 89, 92, 94, 96]
2026-05-16 00:59:08,207 | WARNING | ai.pipeline | Sudden stop detected — track IDs: [62, 67, 83, 85, 86, 89, 92, 94, 96]
2026-05-16 00:59:08,298 | WARNING | ai.pipeline | Sudden stop detected — track IDs: [62, 67, 83, 85, 86, 89, 92, 94, 96]
2026-05-16 00:59:08,394 | WARNING | ai.pipeline | Sudden stop detected — track IDs: [62, 67, 83, 85, 86, 89, 92, 94, 96]
2026-05-16 00:59:08,503 | WARNING | ai.pipeline | Sudden stop detected — track IDs: [62, 67, 83, 85, 86, 89, 92, 94, 96]
2026-05-16 00:59:08,612 | WARNING | ai.pipeline | Sudden stop detected — track IDs: [62, 67, 83, 85, 86, 89, 92, 94, 96]
2026-05-16 00:59:08,722 | WARNING | ai.pipeline | Sudden stop detected — track IDs: [62, 67, 83, 85, 86, 89, 92, 94, 96]
2026-05-16 00:59:08,832 | WARNING | ai.pipeline | Sudden stop detected — track IDs: [62, 67, 83, 85, 86, 89, 92, 94, 96]
2026-05-16 00:59:08,938 | WARNING | ai.pipeline | Sudden stop detected — track IDs: [62, 67, 83, 85, 86, 89, 92, 94, 96]
2026-05-16 00:59:09,038 | WARNING | ai.pipeline | Sudden stop detected — track IDs: [62, 67, 83, 85, 86, 89, 92, 94, 96]
2026-05-16 00:59:09,131 | WARNING | ai.pipeline | Sudden stop detected — track IDs: [62, 67, 83, 85, 86, 89, 92, 94, 96]
2026-05-16 00:59:09,227 | WARNING | ai.pipeline | Sudden stop detected — track IDs: [62, 67, 83, 85, 86, 89, 92, 94, 96]
2026-05-16 00:59:09,317 | WARNING | ai.pipeline | Sudden stop detected — track IDs: [62, 67, 83, 85, 86, 89, 92, 94, 96]
2026-05-16 00:59:09,418 | WARNING | ai.pipeline | Sudden stop detected — track IDs: [62, 67, 83, 85, 86, 89, 92, 94, 96]
2026-05-16 00:59:09,532 | WARNING | ai.pipeline | Sudden stop detected — track IDs: [62, 67, 83, 85, 86, 89, 92, 94, 96]
2026-05-16 00:59:09,635 | WARNING | ai.pipeline | Sudden stop detected — track IDs: [67, 83, 85, 86, 89, 92, 94, 96]
2026-05-16 00:59:09,746 | WARNING | ai.pipeline | Sudden stop detected — track IDs: [67, 83, 85, 86, 89, 92, 94, 96]
2026-05-16 00:59:09,852 | WARNING | ai.pipeline | Sudden stop detected — track IDs: [67, 83, 85, 86, 89, 92, 94, 96]
2026-05-16 00:59:09,951 | WARNING | ai.pipeline | Sudden stop detected — track IDs: [83, 85, 86, 89, 92, 94, 96]
2026-05-16 00:59:10,048 | WARNING | ai.pipeline | Sudden stop detected — track IDs: [83, 85, 86, 89, 92, 94, 96]
2026-05-16 00:59:10,136 | WARNING | ai.pipeline | Sudden stop detected — track IDs: [83, 85, 86, 89, 92, 94, 96]
2026-05-16 00:59:10,230 | WARNING | ai.pipeline | Sudden stop detected — track IDs: [83, 85, 86, 89, 92, 94, 96]
2026-05-16 00:59:10,327 | WARNING | ai.pipeline | Sudden stop detected — track IDs: [83, 85, 86, 89, 92, 94, 96]
2026-05-16 00:59:10,420 | WARNING | ai.pipeline | Sudden stop detected — track IDs: [83, 85, 86, 89, 96, 98]
2026-05-16 00:59:10,513 | WARNING | ai.pipeline | Sudden stop detected — track IDs: [83, 85, 86, 89, 92, 94, 96, 98]
2026-05-16 00:59:10,604 | WARNING | ai.pipeline | Sudden stop detected — track IDs: [83, 85, 86, 89, 92, 96, 98]
2026-05-16 00:59:10,697 | WARNING | ai.pipeline | Sudden stop detected — track IDs: [83, 85, 86, 89, 92, 96, 98]
2026-05-16 00:59:10,792 | WARNING | ai.pipeline | Sudden stop detected — track IDs: [83, 85, 86, 89, 92, 96, 98]
2026-05-16 00:59:10,887 | WARNING | ai.pipeline | Sudden stop detected — track IDs: [83, 85, 86, 89, 92, 96, 98]
2026-05-16 00:59:10,981 | WARNING | ai.pipeline | Sudden stop detected — track IDs: [83, 85, 86, 89, 96, 98]
2026-05-16 00:59:11,088 | WARNING | ai.pipeline | Sudden stop detected — track IDs: [83, 85, 86, 89, 96, 98]
2026-05-16 00:59:11,185 | WARNING | ai.pipeline | Sudden stop detected — track IDs: [83, 85, 86, 89, 96, 98]
2026-05-16 00:59:11,286 | WARNING | ai.pipeline | Sudden stop detected — track IDs: [83, 85, 86, 89, 96, 98]
2026-05-16 00:59:11,382 | WARNING | ai.pipeline | Sudden stop detected — track IDs: [83, 85, 86, 89, 96, 98]
2026-05-16 00:59:11,489 | WARNING | ai.pipeline | Sudden stop detected — track IDs: [83, 85, 86, 89, 94, 96, 98, 101]
2026-05-16 00:59:11,597 | WARNING | ai.pipeline | Sudden stop detected — track IDs: [83, 85, 86, 89, 94, 96, 98, 101]
2026-05-16 00:59:11,709 | WARNING | ai.pipeline | Sudden stop detected — track IDs: [83, 85, 86, 89, 94, 96, 98, 101]
2026-05-16 00:59:11,814 | WARNING | ai.pipeline | Sudden stop detected — track IDs: [83, 85, 86, 89, 94, 96, 98, 101]
2026-05-16 00:59:11,904 | WARNING | ai.pipeline | Sudden stop detected — track IDs: [83, 85, 86, 89, 94, 96, 98, 101]
2026-05-16 00:59:12,001 | WARNING | ai.pipeline | Sudden stop detected — track IDs: [83, 85, 86, 89, 94, 96, 98, 101, 102]
2026-05-16 00:59:12,093 | WARNING | ai.pipeline | Sudden stop detected — track IDs: [83, 85, 86, 89, 94, 96, 98, 101, 102]
2026-05-16 00:59:12,182 | WARNING | ai.pipeline | Sudden stop detected — track IDs: [83, 85, 86, 89, 94, 96, 98, 101, 102]
2026-05-16 00:59:12,269 | WARNING | ai.pipeline | Sudden stop detected — track IDs: [83, 85, 86, 89, 94, 96, 98, 101, 102]
2026-05-16 00:59:12,372 | WARNING | ai.pipeline | Sudden stop detected — track IDs: [83, 85, 86, 89, 94, 96, 98, 101, 102]
2026-05-16 00:59:12,466 | WARNING | ai.pipeline | Sudden stop detected — track IDs: [83, 85, 86, 89, 94, 96, 98, 101, 102]
2026-05-16 00:59:12,577 | WARNING | ai.pipeline | Sudden stop detected — track IDs: [83, 85, 86, 89, 94, 96, 98, 101, 102]
2026-05-16 00:59:12,684 | WARNING | ai.pipeline | Sudden stop detected — track IDs: [83, 85, 86, 89, 94, 96, 98, 101, 102]
2026-05-16 00:59:12,800 | WARNING | ai.pipeline | Sudden stop detected — track IDs: [83, 85, 86, 89, 94, 96, 98, 101, 102]
2026-05-16 00:59:12,898 | WARNING | ai.pipeline | Sudden stop detected — track IDs: [83, 85, 86, 89, 94, 96, 98, 101, 102]
2026-05-16 00:59:12,989 | WARNING | ai.pipeline | Sudden stop detected — track IDs: [83, 85, 86, 89, 94, 96, 98, 101, 102]
2026-05-16 00:59:13,082 | WARNING | ai.pipeline | Sudden stop detected — track IDs: [83, 85, 86, 89, 94, 96, 98, 101, 102]
2026-05-16 00:59:13,169 | WARNING | ai.pipeline | Sudden stop detected — track IDs: [83, 85, 86, 89, 94, 96, 98, 101, 102]
2026-05-16 00:59:13,262 | WARNING | ai.pipeline | Sudden stop detected — track IDs: [83, 85, 86, 89, 94, 96, 98, 101, 102]
2026-05-16 00:59:13,362 | WARNING | ai.pipeline | Sudden stop detected — track IDs: [83, 85, 86, 89, 94, 96, 98, 101, 102]
2026-05-16 00:59:13,459 | WARNING | ai.pipeline | Sudden stop detected — track IDs: [83, 85, 86, 89, 94, 96, 98, 101, 102]
2026-05-16 00:59:13,564 | WARNING | ai.pipeline | Sudden stop detected — track IDs: [83, 85, 86, 89, 94, 96, 98, 101, 102]
2026-05-16 00:59:13,671 | WARNING | ai.pipeline | Sudden stop detected — track IDs: [83, 85, 86, 89, 94, 96, 98, 101, 102]
2026-05-16 00:59:13,780 | WARNING | ai.pipeline | Sudden stop detected — track IDs: [83, 85, 86, 89, 94, 96, 98, 101, 102]
2026-05-16 00:59:13,887 | WARNING | ai.pipeline | Sudden stop detected — track IDs: [83, 85, 86, 89, 94, 96, 98, 101, 102]
2026-05-16 00:59:13,993 | WARNING | ai.pipeline | Sudden stop detected — track IDs: [83, 85, 86, 89, 94, 96, 98, 101, 102]
2026-05-16 00:59:14,083 | WARNING | ai.pipeline | Sudden stop detected — track IDs: [83, 85, 86, 89, 94, 98, 101, 102]
2026-05-16 00:59:14,172 | WARNING | ai.pipeline | Sudden stop detected — track IDs: [83, 85, 86, 89, 94, 98, 101, 102]
2026-05-16 00:59:14,275 | WARNING | ai.pipeline | Sudden stop detected — track IDs: [83, 85, 86, 89, 94, 98, 101, 102]
2026-05-16 00:59:14,395 | WARNING | ai.pipeline | Sudden stop detected — track IDs: [83, 85, 86, 89, 94, 98, 101, 102]
2026-05-16 00:59:14,497 | WARNING | ai.pipeline | Sudden stop detected — track IDs: [83, 85, 86, 89, 94, 98, 101, 102]
2026-05-16 00:59:14,601 | WARNING | ai.pipeline | Sudden stop detected — track IDs: [83, 85, 86, 89, 98, 101, 102]
2026-05-16 00:59:14,707 | WARNING | ai.pipeline | Sudden stop detected — track IDs: [83, 85, 86, 89, 98, 101, 102]
2026-05-16 00:59:14,799 | WARNING | ai.pipeline | Sudden stop detected — track IDs: [83, 85, 86, 89, 98, 101, 102]
2026-05-16 00:59:14,890 | WARNING | ai.pipeline | Sudden stop detected — track IDs: [83, 85, 86, 89, 98, 101, 102]
2026-05-16 00:59:14,988 | WARNING | ai.pipeline | Sudden stop detected — track IDs: [83, 86, 89, 98, 101, 102, 104]
2026-05-16 00:59:14,989 | INFO | ai.analytics.event_logger | Snapshot saved: outputs/snapshot_1778873354.json
2026-05-16 00:59:15,094 | WARNING | ai.pipeline | Sudden stop detected — track IDs: [83, 86, 89, 98, 101, 102, 104]
2026-05-16 00:59:15,198 | WARNING | ai.pipeline | Sudden stop detected — track IDs: [83, 86, 89, 98, 101, 102, 104, 105]
2026-05-16 00:59:15,291 | WARNING | ai.pipeline | Sudden stop detected — track IDs: [83, 86, 89, 98, 101, 102, 104, 105]
2026-05-16 00:59:15,388 | WARNING | ai.pipeline | Sudden stop detected — track IDs: [83, 86, 89, 98, 101, 102, 104, 105, 106]
2026-05-16 00:59:15,497 | WARNING | ai.pipeline | Sudden stop detected — track IDs: [83, 86, 89, 98, 101, 102, 104, 105, 106]
2026-05-16 00:59:15,612 | WARNING | ai.pipeline | Sudden stop detected — track IDs: [83, 86, 89, 98, 101, 102, 104, 105, 106]
2026-05-16 00:59:15,721 | WARNING | ai.pipeline | Sudden stop detected — track IDs: [86, 89, 98, 101, 102, 104, 105, 106]
2026-05-16 00:59:15,822 | WARNING | ai.pipeline | Sudden stop detected — track IDs: [86, 89, 98, 101, 102, 104, 105, 106]
2026-05-16 00:59:15,930 | WARNING | ai.pipeline | Sudden stop detected — track IDs: [86, 89, 98, 101, 102, 104, 105, 106, 109]
2026-05-16 00:59:16,039 | WARNING | ai.pipeline | Sudden stop detected — track IDs: [86, 89, 98, 101, 102, 104, 105, 106, 109]
2026-05-16 00:59:16,144 | WARNING | ai.pipeline | Sudden stop detected — track IDs: [86, 89, 98, 101, 102, 104, 105, 106, 108, 109, 110]
2026-05-16 00:59:16,247 | WARNING | ai.pipeline | Sudden stop detected — track IDs: [86, 89, 98, 101, 102, 104, 105, 106, 108, 109, 110]
2026-05-16 00:59:16,358 | WARNING | ai.pipeline | Sudden stop detected — track IDs: [86, 89, 98, 101, 102, 104, 105, 106, 108, 109, 110]
2026-05-16 00:59:16,466 | WARNING | ai.pipeline | Sudden stop detected — track IDs: [86, 89, 98, 101, 102, 104, 105, 106, 108, 109, 110]
2026-05-16 00:59:16,569 | WARNING | ai.pipeline | Sudden stop detected — track IDs: [86, 89, 98, 101, 102, 104, 105, 106, 108, 109, 110]
2026-05-16 00:59:16,676 | WARNING | ai.pipeline | Sudden stop detected — track IDs: [86, 89, 98, 101, 102, 104, 105, 106, 108, 109, 110]
2026-05-16 00:59:16,782 | WARNING | ai.pipeline | Sudden stop detected — track IDs: [86, 89, 98, 101, 102, 104, 105, 106, 108, 109, 110, 111]
2026-05-16 00:59:16,896 | WARNING | ai.pipeline | Sudden stop detected — track IDs: [86, 89, 98, 101, 102, 104, 105, 106, 108, 109, 110, 111]
2026-05-16 00:59:17,001 | WARNING | ai.pipeline | Sudden stop detected — track IDs: [86, 89, 98, 101, 102, 104, 105, 106, 108, 109, 110, 111]
2026-05-16 00:59:17,109 | WARNING | ai.pipeline | Sudden stop detected — track IDs: [86, 89, 98, 101, 102, 104, 105, 106, 108, 109, 110, 111]
2026-05-16 00:59:17,220 | WARNING | ai.pipeline | Sudden stop detected — track IDs: [86, 89, 98, 101, 102, 104, 105, 106, 108, 109, 110, 111]
2026-05-16 00:59:17,331 | WARNING | ai.pipeline | Sudden stop detected — track IDs: [86, 89, 98, 101, 102, 104, 105, 106, 108, 109, 110, 111]
2026-05-16 00:59:17,432 | WARNING | ai.pipeline | Sudden stop detected — track IDs: [86, 89, 98, 101, 102, 104, 105, 106, 108, 109, 110, 111]
2026-05-16 00:59:17,526 | WARNING | ai.pipeline | Sudden stop detected — track IDs: [86, 89, 98, 101, 102, 104, 105, 108, 109, 110, 111]
2026-05-16 00:59:17,621 | WARNING | ai.pipeline | Sudden stop detected — track IDs: [86, 89, 98, 101, 104, 105, 108, 109, 110, 111, 114]
2026-05-16 00:59:17,734 | WARNING | ai.pipeline | Sudden stop detected — track IDs: [86, 89, 98, 101, 102, 104, 105, 108, 109, 110, 111, 114]
2026-05-16 00:59:17,854 | WARNING | ai.pipeline | Sudden stop detected — track IDs: [86, 89, 98, 101, 102, 104, 105, 108, 109, 110, 111, 114]
2026-05-16 00:59:17,966 | WARNING | ai.pipeline | Sudden stop detected — track IDs: [86, 89, 98, 101, 104, 105, 108, 109, 110, 111, 114]
2026-05-16 00:59:18,069 | WARNING | ai.pipeline | Sudden stop detected — track IDs: [86, 89, 98, 101, 104, 105, 108, 109, 110, 111, 114]
2026-05-16 00:59:18,184 | WARNING | ai.pipeline | Sudden stop detected — track IDs: [86, 89, 98, 101, 104, 105, 108, 109, 110, 111, 114]
2026-05-16 00:59:18,282 | WARNING | ai.pipeline | Sudden stop detected — track IDs: [86, 89, 98, 101, 104, 105, 108, 109, 110, 111, 114]
2026-05-16 00:59:18,373 | WARNING | ai.pipeline | Sudden stop detected — track IDs: [86, 89, 98, 101, 104, 105, 108, 109, 110, 111, 114]
2026-05-16 00:59:18,469 | WARNING | ai.pipeline | Sudden stop detected — track IDs: [86, 89, 98, 101, 104, 105, 108, 109, 110, 111, 114]
2026-05-16 00:59:18,579 | WARNING | ai.pipeline | Sudden stop detected — track IDs: [86, 89, 98, 101, 102, 104, 105, 108, 109, 110, 111, 114]
2026-05-16 00:59:18,686 | WARNING | ai.pipeline | Sudden stop detected — track IDs: [86, 89, 98, 101, 102, 104, 105, 108, 109, 110, 111, 114]
2026-05-16 00:59:18,795 | WARNING | ai.pipeline | Sudden stop detected — track IDs: [86, 89, 98, 101, 102, 104, 108, 109, 110, 111, 114]
2026-05-16 00:59:18,902 | WARNING | ai.pipeline | Sudden stop detected — track IDs: [86, 89, 98, 101, 102, 104, 108, 109, 110, 111, 114]
2026-05-16 00:59:19,010 | WARNING | ai.pipeline | Sudden stop detected — track IDs: [86, 89, 98, 101, 102, 104, 108, 109, 110, 111, 114]
2026-05-16 00:59:19,115 | WARNING | ai.pipeline | Sudden stop detected — track IDs: [86, 89, 98, 101, 102, 104, 108, 109, 110, 111, 114]
2026-05-16 00:59:19,205 | WARNING | ai.pipeline | Sudden stop detected — track IDs: [86, 89, 98, 101, 102, 104, 108, 109, 110, 111, 114]
2026-05-16 00:59:19,298 | WARNING | ai.pipeline | Sudden stop detected — track IDs: [86, 89, 98, 101, 102, 104, 108, 109, 110, 111, 114]
2026-05-16 00:59:19,396 | WARNING | ai.pipeline | Sudden stop detected — track IDs: [86, 89, 98, 101, 102, 104, 108, 109, 110, 111, 114]
2026-05-16 00:59:19,501 | WARNING | ai.pipeline | Sudden stop detected — track IDs: [86, 89, 98, 101, 102, 104, 108, 109, 110, 111, 114]
2026-05-16 00:59:19,598 | WARNING | ai.pipeline | Sudden stop detected — track IDs: [86, 89, 98, 101, 102, 108, 109, 110, 111, 114]
2026-05-16 00:59:19,702 | WARNING | ai.pipeline | Sudden stop detected — track IDs: [89, 98, 101, 102, 104, 108, 109, 110, 111, 114]
2026-05-16 00:59:19,810 | WARNING | ai.pipeline | Sudden stop detected — track IDs: [89, 98, 101, 102, 104, 108, 109, 110, 111, 114]
2026-05-16 00:59:19,924 | WARNING | ai.pipeline | Sudden stop detected — track IDs: [89, 98, 101, 102, 104, 108, 109, 110, 111, 114, 123]
2026-05-16 00:59:20,027 | WARNING | ai.pipeline | Sudden stop detected — track IDs: [89, 98, 101, 102, 108, 109, 110, 114, 123]
2026-05-16 00:59:20,139 | WARNING | ai.pipeline | Sudden stop detected — track IDs: [89, 98, 101, 102, 108, 109, 110, 114, 123]
2026-05-16 00:59:20,244 | WARNING | ai.pipeline | Sudden stop detected — track IDs: [89, 98, 101, 102, 108, 109, 110, 114, 118, 123]
2026-05-16 00:59:20,354 | WARNING | ai.pipeline | Sudden stop detected — track IDs: [89, 98, 101, 102, 109, 110, 114, 118, 123]
2026-05-16 00:59:20,465 | WARNING | ai.pipeline | Sudden stop detected — track IDs: [89, 98, 101, 102, 109, 110, 114, 118, 123]
2026-05-16 00:59:20,573 | WARNING | ai.pipeline | Sudden stop detected — track IDs: [89, 98, 101, 102, 109, 110, 114, 118, 123]
2026-05-16 00:59:20,672 | WARNING | ai.pipeline | Sudden stop detected — track IDs: [89, 98, 101, 102, 109, 110, 114, 118, 123]
2026-05-16 00:59:20,767 | WARNING | ai.pipeline | Sudden stop detected — track IDs: [89, 98, 101, 102, 109, 110, 114, 118, 123]
2026-05-16 00:59:20,879 | WARNING | ai.pipeline | Sudden stop detected — track IDs: [89, 98, 101, 102, 109, 110, 114, 118, 123]
2026-05-16 00:59:20,983 | WARNING | ai.pipeline | Sudden stop detected — track IDs: [89, 98, 101, 102, 109, 110, 114, 118, 123]
2026-05-16 00:59:21,093 | WARNING | ai.pipeline | Sudden stop detected — track IDs: [89, 98, 101, 102, 109, 110, 111, 114, 118, 123]
2026-05-16 00:59:21,199 | WARNING | ai.pipeline | Sudden stop detected — track IDs: [89, 98, 101, 102, 109, 110, 111, 114, 118, 123, 124, 125]
2026-05-16 00:59:21,292 | WARNING | ai.pipeline | Sudden stop detected — track IDs: [89, 98, 101, 102, 109, 110, 111, 114, 118, 123, 124, 125]
2026-05-16 00:59:21,385 | WARNING | ai.pipeline | Sudden stop detected — track IDs: [89, 98, 101, 102, 109, 110, 111, 114, 118, 123, 124, 125]
2026-05-16 00:59:21,481 | WARNING | ai.pipeline | Sudden stop detected — track IDs: [89, 98, 101, 102, 109, 110, 111, 114, 118, 123, 124, 125]
2026-05-16 00:59:21,592 | WARNING | ai.pipeline | Sudden stop detected — track IDs: [89, 98, 101, 102, 109, 110, 111, 114, 118, 123, 124, 125]
2026-05-16 00:59:21,696 | WARNING | ai.pipeline | Sudden stop detected — track IDs: [89, 98, 101, 102, 109, 110, 111, 114, 118, 123, 124, 125]
2026-05-16 00:59:21,789 | WARNING | ai.pipeline | Sudden stop detected — track IDs: [89, 98, 101, 102, 109, 110, 111, 114, 118, 123, 124, 125]
2026-05-16 00:59:21,895 | WARNING | ai.pipeline | Sudden stop detected — track IDs: [89, 98, 101, 102, 109, 110, 111, 114, 118, 123, 124, 125]
2026-05-16 00:59:21,993 | WARNING | ai.pipeline | Sudden stop detected — track IDs: [89, 98, 101, 109, 110, 111, 114, 118, 123, 124, 125, 127]
2026-05-16 00:59:22,097 | WARNING | ai.pipeline | Sudden stop detected — track IDs: [89, 98, 101, 109, 110, 111, 114, 118, 123, 124, 125, 127]
2026-05-16 00:59:22,202 | WARNING | ai.pipeline | Sudden stop detected — track IDs: [89, 98, 101, 109, 110, 111, 114, 118, 123, 124, 125, 127]
2026-05-16 00:59:22,293 | WARNING | ai.pipeline | Sudden stop detected — track IDs: [89, 98, 101, 109, 110, 111, 114, 118, 123, 124, 125, 127, 129]
2026-05-16 00:59:22,386 | WARNING | ai.pipeline | Sudden stop detected — track IDs: [89, 98, 101, 109, 110, 111, 114, 118, 123, 124, 125, 127, 129]
2026-05-16 00:59:22,479 | WARNING | ai.pipeline | Sudden stop detected — track IDs: [89, 98, 101, 109, 110, 111, 114, 118, 123, 124, 125, 127, 129]
2026-05-16 00:59:22,573 | WARNING | ai.pipeline | Sudden stop detected — track IDs: [89, 98, 101, 109, 110, 111, 114, 118, 123, 124, 125, 127, 129]
2026-05-16 00:59:22,683 | WARNING | ai.pipeline | Sudden stop detected — track IDs: [98, 101, 109, 110, 111, 114, 118, 123, 124, 125, 127, 129]
2026-05-16 00:59:22,796 | WARNING | ai.pipeline | Sudden stop detected — track IDs: [98, 101, 109, 110, 111, 114, 118, 123, 124, 125, 127, 129]
2026-05-16 00:59:22,903 | WARNING | ai.pipeline | Sudden stop detected — track IDs: [98, 101, 109, 110, 111, 114, 118, 123, 124, 125, 127, 129]
2026-05-16 00:59:23,026 | WARNING | ai.pipeline | Sudden stop detected — track IDs: [98, 101, 109, 110, 111, 114, 118, 123, 124, 125, 127, 129]
2026-05-16 00:59:23,147 | WARNING | ai.pipeline | Sudden stop detected — track IDs: [98, 101, 109, 110, 111, 114, 118, 123, 124, 125, 127, 129]
2026-05-16 00:59:23,258 | WARNING | ai.pipeline | Sudden stop detected — track IDs: [98, 101, 109, 110, 111, 114, 118, 123, 124, 125, 127, 129]
2026-05-16 00:59:23,372 | WARNING | ai.pipeline | Sudden stop detected — track IDs: [98, 101, 109, 110, 111, 114, 118, 123, 124, 125, 127, 129]
2026-05-16 00:59:23,480 | WARNING | ai.pipeline | Sudden stop detected — track IDs: [98, 101, 109, 110, 111, 114, 118, 123, 124, 125, 127, 129]
2026-05-16 00:59:23,582 | WARNING | ai.pipeline | Sudden stop detected — track IDs: [98, 101, 109, 110, 111, 118, 123, 124, 125, 127, 129]
2026-05-16 00:59:23,686 | WARNING | ai.pipeline | Sudden stop detected — track IDs: [98, 101, 109, 110, 111, 118, 123, 124, 125, 127, 129]
2026-05-16 00:59:23,783 | WARNING | ai.pipeline | Sudden stop detected — track IDs: [98, 101, 109, 110, 111, 118, 123, 124, 125, 127, 129]
2026-05-16 00:59:23,889 | WARNING | ai.pipeline | Sudden stop detected — track IDs: [98, 101, 109, 110, 111, 118, 123, 124, 125, 127, 129]
2026-05-16 00:59:23,993 | WARNING | ai.pipeline | Sudden stop detected — track IDs: [98, 101, 109, 110, 111, 118, 123, 124, 125, 127, 129]
2026-05-16 00:59:24,085 | WARNING | ai.pipeline | Sudden stop detected — track IDs: [98, 101, 109, 110, 111, 118, 123, 124, 125, 127, 129]
2026-05-16 00:59:24,192 | WARNING | ai.pipeline | Sudden stop detected — track IDs: [98, 101, 109, 110, 111, 118, 123, 124, 125, 127, 129]
2026-05-16 00:59:24,284 | WARNING | ai.pipeline | Sudden stop detected — track IDs: [98, 101, 109, 110, 111, 118, 123, 124, 125, 127, 129, 131]
2026-05-16 00:59:24,380 | WARNING | ai.pipeline | Sudden stop detected — track IDs: [98, 101, 109, 110, 118, 123, 124, 125, 127, 129, 131]
2026-05-16 00:59:24,483 | WARNING | ai.pipeline | Sudden stop detected — track IDs: [98, 101, 109, 110, 118, 123, 124, 125, 127, 129, 131]
2026-05-16 00:59:24,573 | WARNING | ai.pipeline | Sudden stop detected — track IDs: [98, 101, 109, 110, 118, 123, 124, 125, 129, 131]
2026-05-16 00:59:24,669 | WARNING | ai.pipeline | Sudden stop detected — track IDs: [98, 101, 109, 110, 118, 123, 124, 125, 129, 131]
2026-05-16 00:59:24,781 | WARNING | ai.pipeline | Sudden stop detected — track IDs: [98, 101, 109, 110, 118, 123, 124, 125, 129, 131]
2026-05-16 00:59:24,890 | WARNING | ai.pipeline | Sudden stop detected — track IDs: [98, 101, 109, 110, 118, 123, 124, 125, 129, 131]
2026-05-16 00:59:24,997 | WARNING | ai.pipeline | Sudden stop detected — track IDs: [98, 101, 109, 110, 118, 123, 124, 125, 129, 131]
2026-05-16 00:59:24,998 | INFO | ai.analytics.event_logger | Snapshot saved: outputs/snapshot_1778873364.json
2026-05-16 00:59:25,099 | WARNING | ai.pipeline | Sudden stop detected — track IDs: [98, 101, 109, 110, 118, 123, 124, 125, 129, 131]
2026-05-16 00:59:25,201 | WARNING | ai.pipeline | Sudden stop detected — track IDs: [98, 101, 109, 110, 118, 123, 124, 125, 129, 131]
2026-05-16 00:59:25,292 | WARNING | ai.pipeline | Sudden stop detected — track IDs: [98, 101, 109, 110, 118, 123, 124, 125, 129, 131]
2026-05-16 00:59:25,395 | WARNING | ai.pipeline | Sudden stop detected — track IDs: [98, 101, 109, 110, 118, 123, 124, 125, 129, 131]
2026-05-16 00:59:25,504 | WARNING | ai.pipeline | Sudden stop detected — track IDs: [98, 101, 109, 110, 118, 123, 124, 125, 129, 131]
2026-05-16 00:59:25,615 | WARNING | ai.pipeline | Sudden stop detected — track IDs: [98, 101, 109, 110, 118, 123, 124, 125, 129, 131]
2026-05-16 00:59:25,720 | WARNING | ai.pipeline | Sudden stop detected — track IDs: [98, 101, 109, 110, 118, 123, 124, 125, 129, 131, 135, 136]
2026-05-16 00:59:25,824 | WARNING | ai.pipeline | Sudden stop detected — track IDs: [98, 101, 109, 110, 118, 123, 125, 129, 131, 135, 136]
2026-05-16 00:59:25,925 | WARNING | ai.pipeline | Sudden stop detected — track IDs: [98, 101, 109, 110, 118, 123, 125, 129, 131, 135, 136]
2026-05-16 00:59:26,033 | WARNING | ai.pipeline | Sudden stop detected — track IDs: [98, 109, 110, 118, 123, 125, 129, 131, 135, 136]
2026-05-16 00:59:26,144 | WARNING | ai.pipeline | Sudden stop detected — track IDs: [98, 109, 110, 118, 123, 124, 125, 129, 131, 135, 136]
2026-05-16 00:59:26,246 | WARNING | ai.pipeline | Sudden stop detected — track IDs: [98, 109, 110, 118, 123, 125, 129, 131, 135, 136]
2026-05-16 00:59:26,338 | WARNING | ai.pipeline | Sudden stop detected — track IDs: [98, 109, 110, 118, 123, 125, 129, 131, 135]
2026-05-16 00:59:26,432 | WARNING | ai.pipeline | Sudden stop detected — track IDs: [98, 109, 110, 118, 123, 125, 129, 131, 135, 136, 137]
2026-05-16 00:59:26,543 | WARNING | ai.pipeline | Sudden stop detected — track IDs: [98, 109, 110, 118, 123, 125, 129, 131, 135, 136, 137]
2026-05-16 00:59:26,648 | WARNING | ai.pipeline | Sudden stop detected — track IDs: [98, 109, 110, 118, 123, 125, 129, 131, 135, 136, 137]
2026-05-16 00:59:26,756 | WARNING | ai.pipeline | Sudden stop detected — track IDs: [98, 109, 110, 118, 123, 125, 129, 131, 135, 136, 137]
2026-05-16 00:59:26,865 | WARNING | ai.pipeline | Sudden stop detected — track IDs: [98, 109, 110, 118, 123, 125, 129, 131, 135, 136, 137]
2026-05-16 00:59:26,974 | WARNING | ai.pipeline | Sudden stop detected — track IDs: [98, 109, 110, 118, 123, 125, 129, 131, 135, 136, 137]
2026-05-16 00:59:26,974 | WARNING | ai.pipeline | Wrong-way vehicle — track IDs: [110]
2026-05-16 00:59:27,082 | WARNING | ai.pipeline | Sudden stop detected — track IDs: [98, 109, 110, 118, 123, 125, 129, 131, 135, 136, 137]
2026-05-16 00:59:27,190 | WARNING | ai.pipeline | Sudden stop detected — track IDs: [98, 109, 110, 118, 123, 125, 129, 131, 135, 136, 137]
2026-05-16 00:59:27,279 | WARNING | ai.pipeline | Sudden stop detected — track IDs: [98, 109, 110, 118, 123, 125, 129, 131, 135, 136, 137]
2026-05-16 00:59:27,382 | WARNING | ai.pipeline | Sudden stop detected — track IDs: [98, 109, 110, 118, 123, 125, 129, 131, 135, 136, 137]
2026-05-16 00:59:27,491 | WARNING | ai.pipeline | Sudden stop detected — track IDs: [98, 109, 110, 118, 123, 125, 129, 131, 135, 136, 137]
2026-05-16 00:59:27,598 | WARNING | ai.pipeline | Sudden stop detected — track IDs: [98, 109, 110, 118, 123, 125, 129, 131, 135, 136, 137]
2026-05-16 00:59:27,704 | WARNING | ai.pipeline | Sudden stop detected — track IDs: [98, 109, 110, 118, 123, 125, 129, 131, 135, 136, 137]
2026-05-16 00:59:27,823 | WARNING | ai.pipeline | Sudden stop detected — track IDs: [98, 109, 110, 118, 123, 125, 129, 131, 135, 136, 137]
2026-05-16 00:59:27,921 | WARNING | ai.pipeline | Sudden stop detected — track IDs: [98, 109, 110, 118, 123, 125, 129, 131, 135, 136, 137, 139, 140]
2026-05-16 00:59:28,011 | WARNING | ai.pipeline | Sudden stop detected — track IDs: [98, 109, 110, 118, 123, 125, 129, 131, 135, 136, 137, 139, 140]
2026-05-16 00:59:28,012 | WARNING | ai.pipeline | Wrong-way vehicle — track IDs: [110]
2026-05-16 00:59:28,121 | WARNING | ai.pipeline | Sudden stop detected — track IDs: [98, 109, 110, 118, 123, 125, 129, 131, 135, 136, 137, 139, 140]
2026-05-16 00:59:28,230 | WARNING | ai.pipeline | Sudden stop detected — track IDs: [98, 109, 110, 118, 123, 125, 129, 131, 135, 136, 137, 139, 140]
2026-05-16 00:59:28,326 | WARNING | ai.pipeline | Sudden stop detected — track IDs: [98, 109, 110, 118, 123, 125, 129, 131, 135, 136, 137, 139, 140, 141]
2026-05-16 00:59:28,439 | WARNING | ai.pipeline | Sudden stop detected — track IDs: [98, 109, 110, 118, 123, 125, 129, 131, 135, 136, 137, 139, 140, 141]
2026-05-16 00:59:28,542 | WARNING | ai.pipeline | Sudden stop detected — track IDs: [98, 109, 110, 118, 123, 125, 129, 131, 135, 136, 137, 139, 140, 141]
2026-05-16 00:59:28,647 | WARNING | ai.pipeline | Sudden stop detected — track IDs: [98, 109, 110, 118, 123, 125, 129, 131, 135, 136, 137, 139, 140, 141]
2026-05-16 00:59:28,741 | WARNING | ai.pipeline | Sudden stop detected — track IDs: [98, 109, 110, 118, 123, 125, 129, 135, 136, 137, 139, 140, 141]
2026-05-16 00:59:28,847 | WARNING | ai.pipeline | Sudden stop detected — track IDs: [98, 109, 110, 118, 123, 125, 129, 131, 135, 136, 137, 139, 140, 141]
2026-05-16 00:59:28,957 | WARNING | ai.pipeline | Sudden stop detected — track IDs: [98, 109, 110, 118, 123, 125, 129, 131, 135, 136, 137, 139, 140, 141]
2026-05-16 00:59:29,065 | WARNING | ai.pipeline | Sudden stop detected — track IDs: [98, 109, 110, 118, 123, 125, 129, 135, 136, 137, 139, 140, 141]
2026-05-16 00:59:29,163 | WARNING | ai.pipeline | Sudden stop detected — track IDs: [98, 109, 110, 118, 123, 125, 129, 135, 136, 137, 139, 140, 141]
2026-05-16 00:59:29,265 | WARNING | ai.pipeline | Sudden stop detected — track IDs: [98, 109, 110, 118, 123, 125, 129, 135, 136, 137, 139, 140, 141]
2026-05-16 00:59:29,347 | WARNING | ai.pipeline | Sudden stop detected — track IDs: [98, 109, 110, 118, 123, 125, 129, 135, 136, 137, 139, 140, 141]
2026-05-16 00:59:29,423 | WARNING | ai.pipeline | Sudden stop detected — track IDs: [98, 109, 110, 118, 123, 125, 129, 135, 136, 137, 139, 140, 141]
2026-05-16 00:59:29,517 | WARNING | ai.pipeline | Sudden stop detected — track IDs: [98, 109, 110, 118, 123, 125, 129, 135, 136, 137, 139, 140, 141]
2026-05-16 00:59:29,598 | WARNING | ai.pipeline | Sudden stop detected — track IDs: [110, 118, 123, 125, 129, 135, 136, 137, 139, 140, 141, 142]
2026-05-16 00:59:29,677 | WARNING | ai.pipeline | Sudden stop detected — track IDs: [110, 118, 123, 125, 129, 135, 136, 137, 139, 140, 141, 142]
2026-05-16 00:59:29,755 | WARNING | ai.pipeline | Sudden stop detected — track IDs: [110, 118, 123, 125, 129, 135, 136, 137, 139, 140, 141, 142]
2026-05-16 00:59:29,830 | WARNING | ai.pipeline | Sudden stop detected — track IDs: [110, 118, 123, 125, 129, 135, 136, 137, 139, 140, 141, 142]
2026-05-16 00:59:29,907 | WARNING | ai.pipeline | Sudden stop detected — track IDs: [110, 118, 123, 125, 129, 135, 136, 137, 139, 140, 141, 142]
2026-05-16 00:59:29,985 | WARNING | ai.pipeline | Sudden stop detected — track IDs: [110, 118, 123, 125, 129, 135, 136, 137, 139, 140, 141, 142]
2026-05-16 00:59:30,065 | WARNING | ai.pipeline | Sudden stop detected — track IDs: [110, 118, 123, 125, 129, 135, 136, 137, 139, 140, 141, 142]
2026-05-16 00:59:30,142 | WARNING | ai.pipeline | Sudden stop detected — track IDs: [110, 118, 123, 125, 129, 135, 136, 137, 139, 140, 141, 142]
2026-05-16 00:59:30,218 | WARNING | ai.pipeline | Sudden stop detected — track IDs: [110, 118, 123, 125, 129, 135, 136, 137, 139, 140, 141, 142]
2026-05-16 00:59:30,298 | WARNING | ai.pipeline | Sudden stop detected — track IDs: [110, 118, 123, 125, 129, 135, 136, 137, 139, 140, 141, 142]
2026-05-16 00:59:30,370 | WARNING | ai.pipeline | Sudden stop detected — track IDs: [110, 118, 123, 125, 129, 136, 137, 139, 140, 141, 142]
2026-05-16 00:59:30,438 | WARNING | ai.pipeline | Sudden stop detected — track IDs: [110, 118, 123, 125, 129, 136, 137, 139, 140, 141, 142]
2026-05-16 00:59:30,509 | WARNING | ai.pipeline | Sudden stop detected — track IDs: [110, 118, 123, 125, 129, 136, 137, 139, 141, 142]
2026-05-16 00:59:30,587 | WARNING | ai.pipeline | Sudden stop detected — track IDs: [110, 123, 125, 129, 136, 137, 139, 140, 141, 142]
2026-05-16 00:59:30,666 | WARNING | ai.pipeline | Sudden stop detected — track IDs: [110, 123, 125, 129, 136, 137, 139, 141, 142]
2026-05-16 00:59:30,745 | WARNING | ai.pipeline | Sudden stop detected — track IDs: [110, 123, 125, 129, 136, 137, 139, 140, 141, 142]
2026-05-16 00:59:30,748 | INFO | ai.pipeline | Shutdown requested.
2026-05-16 00:59:30,770 | INFO | ai.pipeline | Session ended | frames=599 | duration=55.8s | avg_fps=10.7
