2026-05-16 01:19:01,022 | INFO | ai.pipeline | ============================================================
2026-05-16 01:19:01,022 | INFO | ai.pipeline |    AI Traffic Intelligence Engine — Starting
2026-05-16 01:19:01,022 | INFO | ai.pipeline | ============================================================
2026-05-16 01:19:01,023 | INFO | ai.core.detector | Loading YOLO model: models/yolov8n.pt on device=cpu
2026-05-16 01:19:01,051 | INFO | ai.core.detector | Model loaded successfully.
2026-05-16 01:19:01,052 | INFO | ai.core.tracker | VehicleTracker initialized | px/m=91.4 | stop_threshold=3.0 km/h
2026-05-16 01:19:01,052 | INFO | ai.core.lane_manager | LaneManager initialized with 2 lanes.
2026-05-16 01:19:01,053 | INFO | ai.analytics.traffic_analyzer | Homography built (inliers=4/4)
2026-05-16 01:19:01,053 | INFO | ai.analytics.event_logger | EventLogger ready. Snapshots -> outputs/
2026-05-16 01:19:01,053 | INFO | ai.pipeline | All modules initialized successfully.
2026-05-16 01:19:01,068 | INFO | ai.pipeline | Camera opened | source=datasets/traffic.mp4 | resolution=640x360
2026-05-16 01:19:01,069 | INFO | ai.pipeline | Pipeline running — press Q to stop.
2026-05-16 01:19:01,722 | WARNING | ai.pipeline | Sudden stop detected — track IDs: [1, 3, 4, 5, 6]
2026-05-16 01:19:01,794 | WARNING | ai.pipeline | Sudden stop detected — track IDs: [1, 3, 4, 5, 6]
2026-05-16 01:19:01,871 | WARNING | ai.pipeline | Sudden stop detected — track IDs: [1, 3, 4, 5, 6]
2026-05-16 01:19:01,949 | WARNING | ai.pipeline | Sudden stop detected — track IDs: [1, 3, 4, 5, 6]
2026-05-16 01:19:02,029 | WARNING | ai.pipeline | Sudden stop detected — track IDs: [1, 3, 4, 5, 6, 9]
2026-05-16 01:19:02,102 | WARNING | ai.pipeline | Sudden stop detected — track IDs: [3, 4, 5, 6, 9]
2026-05-16 01:19:02,182 | WARNING | ai.pipeline | Sudden stop detected — track IDs: [1, 3, 4, 5, 6, 9]
2026-05-16 01:19:02,259 | WARNING | ai.pipeline | Sudden stop detected — track IDs: [3, 4, 5, 6, 9]
2026-05-16 01:19:02,339 | WARNING | ai.pipeline | Sudden stop detected — track IDs: [3, 4, 5, 6, 9]
2026-05-16 01:19:02,414 | WARNING | ai.pipeline | Sudden stop detected — track IDs: [3, 4, 5, 6, 9]
2026-05-16 01:19:02,492 | WARNING | ai.pipeline | Sudden stop detected — track IDs: [3, 4, 5, 6, 9]
2026-05-16 01:19:02,571 | WARNING | ai.pipeline | Sudden stop detected — track IDs: [3, 4, 5, 6, 9]
2026-05-16 01:19:02,654 | WARNING | ai.pipeline | Sudden stop detected — track IDs: [3, 4, 5, 6, 9]
2026-05-16 01:19:02,731 | WARNING | ai.pipeline | Sudden stop detected — track IDs: [3, 4, 5, 6, 9, 16]
2026-05-16 01:19:02,817 | WARNING | ai.pipeline | Sudden stop detected — track IDs: [3, 4, 5, 6, 9, 13, 16]
2026-05-16 01:19:02,891 | WARNING | ai.pipeline | Sudden stop detected — track IDs: [3, 4, 5, 6, 9, 13, 16]
2026-05-16 01:19:02,973 | WARNING | ai.pipeline | Sudden stop detected — track IDs: [3, 4, 5, 6, 9, 13, 16]
2026-05-16 01:19:03,046 | WARNING | ai.pipeline | Sudden stop detected — track IDs: [3, 4, 5, 6, 9, 13, 16]
2026-05-16 01:19:03,123 | WARNING | ai.pipeline | Sudden stop detected — track IDs: [3, 4, 5, 6, 9, 13, 16]
2026-05-16 01:19:03,199 | WARNING | ai.pipeline | Sudden stop detected — track IDs: [3, 4, 5, 6, 9, 13, 16]
2026-05-16 01:19:03,280 | WARNING | ai.pipeline | Sudden stop detected — track IDs: [3, 4, 5, 6, 9, 13, 16]
2026-05-16 01:19:03,355 | WARNING | ai.pipeline | Sudden stop detected — track IDs: [3, 4, 5, 6, 9, 13, 16]
2026-05-16 01:19:03,434 | WARNING | ai.pipeline | Sudden stop detected — track IDs: [3, 4, 5, 6, 9, 13, 16]
2026-05-16 01:19:03,512 | WARNING | ai.pipeline | Sudden stop detected — track IDs: [3, 4, 5, 6, 9, 13, 16, 19]
2026-05-16 01:19:03,591 | WARNING | ai.pipeline | Sudden stop detected — track IDs: [3, 4, 5, 6, 9, 13, 16, 19]
2026-05-16 01:19:03,669 | WARNING | ai.pipeline | Sudden stop detected — track IDs: [3, 4, 5, 6, 9, 13, 16, 19]
2026-05-16 01:19:03,743 | WARNING | ai.pipeline | Sudden stop detected — track IDs: [3, 4, 5, 6, 9, 13, 16, 19]
2026-05-16 01:19:03,820 | WARNING | ai.pipeline | Sudden stop detected — track IDs: [3, 4, 5, 6, 9, 13, 16, 19]
2026-05-16 01:19:03,897 | WARNING | ai.pipeline | Sudden stop detected — track IDs: [3, 4, 5, 6, 9, 13, 16, 19]
2026-05-16 01:19:03,977 | WARNING | ai.pipeline | Sudden stop detected — track IDs: [3, 4, 5, 6, 9, 13, 16, 19]
2026-05-16 01:19:04,051 | WARNING | ai.pipeline | Sudden stop detected — track IDs: [3, 4, 5, 6, 9, 13, 16, 19]
2026-05-16 01:19:04,130 | WARNING | ai.pipeline | Sudden stop detected — track IDs: [3, 4, 5, 6, 9, 13, 16, 19]
2026-05-16 01:19:04,207 | WARNING | ai.pipeline | Sudden stop detected — track IDs: [3, 4, 5, 6, 9, 13, 16, 19]
2026-05-16 01:19:04,285 | WARNING | ai.pipeline | Sudden stop detected — track IDs: [3, 4, 5, 6, 9, 13, 16]
2026-05-16 01:19:04,362 | WARNING | ai.pipeline | Sudden stop detected — track IDs: [3, 4, 5, 6, 9, 13, 16]
2026-05-16 01:19:04,443 | WARNING | ai.pipeline | Sudden stop detected — track IDs: [3, 4, 5, 6, 9, 13, 16]
2026-05-16 01:19:04,522 | WARNING | ai.pipeline | Sudden stop detected — track IDs: [3, 4, 5, 6, 9, 13, 16, 19, 20]
2026-05-16 01:19:04,599 | WARNING | ai.pipeline | Sudden stop detected — track IDs: [3, 4, 5, 6, 9, 13, 16, 20]
2026-05-16 01:19:04,676 | WARNING | ai.pipeline | Sudden stop detected — track IDs: [3, 4, 5, 6, 9, 13, 16, 19, 20]
2026-05-16 01:19:04,752 | WARNING | ai.pipeline | Sudden stop detected — track IDs: [3, 4, 5, 6, 9, 13, 16, 20, 22]
2026-05-16 01:19:04,830 | WARNING | ai.pipeline | Sudden stop detected — track IDs: [3, 4, 5, 6, 9, 13, 16, 19, 20, 22]
2026-05-16 01:19:04,906 | WARNING | ai.pipeline | Sudden stop detected — track IDs: [3, 4, 5, 6, 9, 13, 16, 19, 20, 22]
2026-05-16 01:19:04,984 | WARNING | ai.pipeline | Sudden stop detected — track IDs: [3, 4, 5, 6, 9, 13, 16, 19, 20, 22]
2026-05-16 01:19:05,065 | WARNING | ai.pipeline | Sudden stop detected — track IDs: [3, 4, 5, 6, 9, 13, 16, 19, 20, 22]
2026-05-16 01:19:05,136 | WARNING | ai.pipeline | Sudden stop detected — track IDs: [3, 4, 5, 6, 9, 13, 16, 19, 22]
2026-05-16 01:19:05,217 | WARNING | ai.pipeline | Sudden stop detected — track IDs: [3, 4, 5, 6, 9, 13, 16, 19, 20, 22]
2026-05-16 01:19:05,297 | WARNING | ai.pipeline | Sudden stop detected — track IDs: [3, 4, 5, 6, 9, 13, 16, 19, 20, 22]
2026-05-16 01:19:05,372 | WARNING | ai.pipeline | Sudden stop detected — track IDs: [3, 4, 5, 6, 9, 13, 16, 19, 20, 22]
2026-05-16 01:19:05,450 | WARNING | ai.pipeline | Sudden stop detected — track IDs: [3, 4, 5, 6, 13, 16, 19, 20, 22, 24]
2026-05-16 01:19:05,526 | WARNING | ai.pipeline | Sudden stop detected — track IDs: [3, 4, 5, 6, 13, 16, 19, 20, 22, 24]
2026-05-16 01:19:05,608 | WARNING | ai.pipeline | Sudden stop detected — track IDs: [3, 4, 5, 6, 13, 16, 19, 20, 22, 24]
2026-05-16 01:19:05,685 | WARNING | ai.pipeline | Sudden stop detected — track IDs: [3, 4, 5, 6, 13, 16, 19, 20, 22, 24]
2026-05-16 01:19:05,761 | WARNING | ai.pipeline | Sudden stop detected — track IDs: [3, 4, 5, 6, 13, 16, 19, 20, 22, 24]
2026-05-16 01:19:05,840 | WARNING | ai.pipeline | Sudden stop detected — track IDs: [3, 4, 5, 6, 13, 16, 19, 20, 22, 24]
2026-05-16 01:19:05,914 | WARNING | ai.pipeline | Sudden stop detected — track IDs: [3, 4, 5, 13, 16, 19, 20, 22, 24]
2026-05-16 01:19:05,992 | WARNING | ai.pipeline | Sudden stop detected — track IDs: [3, 4, 5, 13, 16, 19, 20, 22, 24]
2026-05-16 01:19:06,068 | WARNING | ai.pipeline | Sudden stop detected — track IDs: [3, 4, 5, 13, 16, 19, 20, 22, 24]
2026-05-16 01:19:06,146 | WARNING | ai.pipeline | Sudden stop detected — track IDs: [3, 4, 5, 6, 13, 16, 19, 20, 22, 24]
2026-05-16 01:19:06,224 | WARNING | ai.pipeline | Sudden stop detected — track IDs: [3, 4, 5, 13, 16, 19, 20, 22, 24]
2026-05-16 01:19:06,296 | WARNING | ai.pipeline | Sudden stop detected — track IDs: [3, 4, 5, 13, 16, 19, 20, 22, 24]
2026-05-16 01:19:06,375 | WARNING | ai.pipeline | Sudden stop detected — track IDs: [3, 4, 5, 13, 16, 19, 20, 22, 24]
2026-05-16 01:19:06,457 | WARNING | ai.pipeline | Sudden stop detected — track IDs: [3, 4, 5, 13, 16, 19, 20, 22, 24]
2026-05-16 01:19:06,536 | WARNING | ai.pipeline | Sudden stop detected — track IDs: [3, 4, 5, 13, 16, 19, 20, 22, 24]
2026-05-16 01:19:06,609 | WARNING | ai.pipeline | Sudden stop detected — track IDs: [3, 4, 5, 13, 16, 19, 20, 22, 24, 28]
2026-05-16 01:19:06,686 | WARNING | ai.pipeline | Sudden stop detected — track IDs: [3, 4, 5, 16, 19, 20, 22, 24, 28]
2026-05-16 01:19:06,762 | WARNING | ai.pipeline | Sudden stop detected — track IDs: [3, 4, 5, 16, 19, 20, 22, 24, 28]
2026-05-16 01:19:06,842 | WARNING | ai.pipeline | Sudden stop detected — track IDs: [3, 4, 5, 16, 19, 20, 22, 24, 28]
2026-05-16 01:19:06,919 | WARNING | ai.pipeline | Sudden stop detected — track IDs: [3, 4, 5, 6, 16, 19, 20, 22, 24, 28]
2026-05-16 01:19:06,996 | WARNING | ai.pipeline | Sudden stop detected — track IDs: [3, 4, 5, 6, 16, 19, 20, 24, 28]
2026-05-16 01:19:07,072 | WARNING | ai.pipeline | Sudden stop detected — track IDs: [3, 4, 5, 6, 16, 19, 20, 24, 28]
2026-05-16 01:19:07,149 | WARNING | ai.pipeline | Sudden stop detected — track IDs: [3, 4, 5, 6, 16, 19, 20, 24, 28, 32]
2026-05-16 01:19:07,227 | WARNING | ai.pipeline | Sudden stop detected — track IDs: [3, 4, 5, 6, 16, 19, 20, 24, 28, 32]
2026-05-16 01:19:07,302 | WARNING | ai.pipeline | Sudden stop detected — track IDs: [3, 4, 5, 6, 16, 19, 20, 24, 28, 32]
2026-05-16 01:19:07,383 | WARNING | ai.pipeline | Sudden stop detected — track IDs: [3, 4, 5, 6, 16, 19, 20, 24, 28, 32]
2026-05-16 01:19:07,461 | WARNING | ai.pipeline | Sudden stop detected — track IDs: [3, 4, 5, 6, 16, 19, 20, 24, 28, 32]
2026-05-16 01:19:07,537 | WARNING | ai.pipeline | Sudden stop detected — track IDs: [3, 4, 5, 6, 16, 19, 20, 24, 28, 32]
2026-05-16 01:19:07,616 | WARNING | ai.pipeline | Sudden stop detected — track IDs: [3, 4, 5, 6, 16, 19, 20, 24, 28, 32, 34]
2026-05-16 01:19:07,694 | WARNING | ai.pipeline | Sudden stop detected — track IDs: [3, 4, 5, 6, 16, 19, 20, 24, 28, 32, 34]
2026-05-16 01:19:07,771 | WARNING | ai.pipeline | Sudden stop detected — track IDs: [3, 4, 5, 6, 16, 19, 20, 24, 28, 32, 34]
2026-05-16 01:19:07,848 | WARNING | ai.pipeline | Sudden stop detected — track IDs: [3, 4, 5, 6, 16, 19, 20, 24, 28, 32, 34]
2026-05-16 01:19:07,926 | WARNING | ai.pipeline | Sudden stop detected — track IDs: [3, 4, 5, 6, 16, 19, 20, 24, 28, 32, 34]
2026-05-16 01:19:08,003 | WARNING | ai.pipeline | Sudden stop detected — track IDs: [3, 4, 5, 6, 16, 19, 20, 24, 28, 32, 34]
2026-05-16 01:19:08,081 | WARNING | ai.pipeline | Sudden stop detected — track IDs: [3, 4, 5, 6, 16, 19, 20, 24, 28, 32, 34]
2026-05-16 01:19:08,158 | WARNING | ai.pipeline | Sudden stop detected — track IDs: [3, 4, 5, 6, 16, 19, 20, 24, 28, 32, 34]
2026-05-16 01:19:08,235 | WARNING | ai.pipeline | Sudden stop detected — track IDs: [3, 4, 5, 6, 16, 19, 20, 28, 32, 34]
2026-05-16 01:19:08,311 | WARNING | ai.pipeline | Sudden stop detected — track IDs: [3, 4, 6, 16, 19, 20, 28, 32, 34]
2026-05-16 01:19:08,390 | WARNING | ai.pipeline | Sudden stop detected — track IDs: [3, 4, 6, 16, 19, 20, 24, 28, 32, 34, 36]
2026-05-16 01:19:08,467 | WARNING | ai.pipeline | Sudden stop detected — track IDs: [3, 4, 6, 16, 19, 20, 28, 32, 34]
2026-05-16 01:19:08,467 | WARNING | ai.pipeline | Wrong-way vehicle — track IDs: [4]
2026-05-16 01:19:08,546 | WARNING | ai.pipeline | Sudden stop detected — track IDs: [3, 4, 6, 16, 19, 20, 28, 32, 34, 36]
2026-05-16 01:19:08,621 | WARNING | ai.pipeline | Sudden stop detected — track IDs: [3, 4, 6, 16, 19, 20, 28, 32, 34]
2026-05-16 01:19:08,696 | WARNING | ai.pipeline | Sudden stop detected — track IDs: [3, 4, 6, 16, 19, 20, 28, 32, 34]
2026-05-16 01:19:08,775 | WARNING | ai.pipeline | Sudden stop detected — track IDs: [3, 4, 6, 16, 19, 20, 28, 32, 34]
2026-05-16 01:19:08,857 | WARNING | ai.pipeline | Sudden stop detected — track IDs: [3, 4, 6, 16, 19, 20, 28, 32, 34]
2026-05-16 01:19:08,934 | WARNING | ai.pipeline | Sudden stop detected — track IDs: [3, 4, 6, 19, 20, 28, 32, 34]
2026-05-16 01:19:09,011 | WARNING | ai.pipeline | Sudden stop detected — track IDs: [3, 4, 6, 19, 20, 28, 32, 34, 36]
2026-05-16 01:19:09,086 | WARNING | ai.pipeline | Sudden stop detected — track IDs: [3, 4, 6, 19, 20, 28, 32, 34]
2026-05-16 01:19:09,165 | WARNING | ai.pipeline | Sudden stop detected — track IDs: [3, 4, 6, 19, 20, 28, 32, 34, 36]
2026-05-16 01:19:09,242 | WARNING | ai.pipeline | Sudden stop detected — track IDs: [3, 4, 6, 19, 20, 28, 32, 34]
2026-05-16 01:19:09,320 | WARNING | ai.pipeline | Sudden stop detected — track IDs: [3, 4, 6, 19, 20, 28, 32, 34, 36]
2026-05-16 01:19:09,398 | WARNING | ai.pipeline | Sudden stop detected — track IDs: [3, 4, 6, 19, 20, 28, 32, 34, 36]
2026-05-16 01:19:09,473 | WARNING | ai.pipeline | Sudden stop detected — track IDs: [3, 4, 6, 19, 20, 28, 32, 33, 34, 36]
2026-05-16 01:19:09,550 | WARNING | ai.pipeline | Sudden stop detected — track IDs: [3, 4, 6, 19, 20, 28, 32, 33, 36]
2026-05-16 01:19:09,628 | WARNING | ai.pipeline | Sudden stop detected — track IDs: [3, 4, 6, 19, 20, 28, 32, 33, 34, 36]
2026-05-16 01:19:09,709 | WARNING | ai.pipeline | Sudden stop detected — track IDs: [3, 4, 6, 19, 20, 28, 32, 33, 34, 36]
2026-05-16 01:19:09,784 | WARNING | ai.pipeline | Sudden stop detected — track IDs: [3, 4, 6, 19, 20, 32, 33, 34, 36]
2026-05-16 01:19:09,859 | WARNING | ai.pipeline | Sudden stop detected — track IDs: [3, 4, 6, 19, 20, 32, 33, 36]
2026-05-16 01:19:09,939 | WARNING | ai.pipeline | Sudden stop detected — track IDs: [3, 4, 19, 20, 32, 33, 36]
2026-05-16 01:19:10,018 | WARNING | ai.pipeline | Sudden stop detected — track IDs: [3, 4, 19, 20, 32, 33, 36]
2026-05-16 01:19:10,094 | WARNING | ai.pipeline | Sudden stop detected — track IDs: [3, 4, 19, 20, 32, 33, 36]
2026-05-16 01:19:10,173 | WARNING | ai.pipeline | Sudden stop detected — track IDs: [3, 4, 19, 20, 32, 33, 36]
2026-05-16 01:19:10,250 | WARNING | ai.pipeline | Sudden stop detected — track IDs: [3, 4, 19, 20, 32, 33, 36]
2026-05-16 01:19:10,327 | WARNING | ai.pipeline | Sudden stop detected — track IDs: [3, 4, 19, 20, 32, 33, 36, 40]
2026-05-16 01:19:10,407 | WARNING | ai.pipeline | Sudden stop detected — track IDs: [3, 4, 19, 20, 32, 33, 36, 40]
2026-05-16 01:19:10,482 | WARNING | ai.pipeline | Sudden stop detected — track IDs: [3, 4, 19, 20, 32, 33, 36, 40]
2026-05-16 01:19:10,565 | WARNING | ai.pipeline | Sudden stop detected — track IDs: [3, 4, 19, 20, 32, 33, 36, 40]
2026-05-16 01:19:10,641 | WARNING | ai.pipeline | Sudden stop detected — track IDs: [3, 4, 19, 20, 32, 33, 36, 40]
2026-05-16 01:19:10,719 | WARNING | ai.pipeline | Sudden stop detected — track IDs: [3, 4, 19, 20, 32, 33, 36, 39, 40]
2026-05-16 01:19:10,796 | WARNING | ai.pipeline | Sudden stop detected — track IDs: [3, 4, 19, 20, 32, 33, 36, 39, 40]
2026-05-16 01:19:10,874 | WARNING | ai.pipeline | Sudden stop detected — track IDs: [3, 4, 19, 20, 32, 33, 36, 39, 40]
2026-05-16 01:19:10,951 | WARNING | ai.pipeline | Sudden stop detected — track IDs: [3, 4, 19, 20, 32, 33, 36, 39, 40]
2026-05-16 01:19:11,031 | WARNING | ai.pipeline | Sudden stop detected — track IDs: [3, 4, 19, 20, 32, 33, 36, 39, 40, 42]
2026-05-16 01:19:11,106 | WARNING | ai.pipeline | Sudden stop detected — track IDs: [3, 4, 19, 20, 32, 33, 36, 39, 40, 42]
2026-05-16 01:19:11,106 | INFO | ai.analytics.event_logger | Snapshot saved: outputs/snapshot_1778874551.json
2026-05-16 01:19:11,182 | WARNING | ai.pipeline | Sudden stop detected — track IDs: [3, 4, 19, 20, 32, 33, 36, 39, 40, 42]
2026-05-16 01:19:11,261 | WARNING | ai.pipeline | Sudden stop detected — track IDs: [3, 4, 19, 20, 32, 33, 36, 39, 40, 42]
2026-05-16 01:19:11,339 | WARNING | ai.pipeline | Sudden stop detected — track IDs: [3, 4, 19, 20, 32, 33, 36, 39, 40, 42]
2026-05-16 01:19:11,416 | WARNING | ai.pipeline | Sudden stop detected — track IDs: [3, 4, 19, 20, 32, 33, 36, 39, 40, 42]
2026-05-16 01:19:11,492 | WARNING | ai.pipeline | Sudden stop detected — track IDs: [3, 4, 19, 20, 32, 33, 36, 39, 40, 42]
2026-05-16 01:19:11,570 | WARNING | ai.pipeline | Sudden stop detected — track IDs: [3, 4, 19, 20, 32, 33, 36, 39, 40, 42, 43]
2026-05-16 01:19:11,647 | WARNING | ai.pipeline | Sudden stop detected — track IDs: [3, 4, 19, 20, 32, 33, 36, 39, 40, 42, 43]
2026-05-16 01:19:11,733 | WARNING | ai.pipeline | Sudden stop detected — track IDs: [3, 4, 19, 20, 32, 33, 36, 39, 40, 42, 43]
2026-05-16 01:19:11,808 | WARNING | ai.pipeline | Sudden stop detected — track IDs: [3, 4, 19, 20, 32, 33, 36, 39, 40, 42, 43]
2026-05-16 01:19:11,881 | WARNING | ai.pipeline | Sudden stop detected — track IDs: [3, 4, 19, 20, 32, 33, 36, 39, 40, 42, 43]
2026-05-16 01:19:11,962 | WARNING | ai.pipeline | Sudden stop detected — track IDs: [3, 19, 20, 32, 33, 36, 39, 40, 42, 43]
2026-05-16 01:19:12,040 | WARNING | ai.pipeline | Sudden stop detected — track IDs: [3, 19, 20, 32, 36, 39, 40, 42, 43]
2026-05-16 01:19:12,114 | WARNING | ai.pipeline | Sudden stop detected — track IDs: [3, 19, 20, 32, 33, 36, 39, 40, 42, 43]
2026-05-16 01:19:12,190 | WARNING | ai.pipeline | Sudden stop detected — track IDs: [3, 19, 20, 32, 36, 39, 40, 42, 43, 45]
2026-05-16 01:19:12,269 | WARNING | ai.pipeline | Sudden stop detected — track IDs: [3, 19, 20, 32, 33, 36, 39, 40, 42, 45]
2026-05-16 01:19:12,348 | WARNING | ai.pipeline | Sudden stop detected — track IDs: [19, 20, 32, 36, 39, 40, 42, 43, 45, 47]
2026-05-16 01:19:12,427 | WARNING | ai.pipeline | Sudden stop detected — track IDs: [19, 20, 32, 36, 39, 40, 42, 43, 45, 47]
2026-05-16 01:19:12,508 | WARNING | ai.pipeline | Sudden stop detected — track IDs: [19, 20, 32, 36, 39, 40, 42, 43, 45, 47]
2026-05-16 01:19:12,578 | WARNING | ai.pipeline | Sudden stop detected — track IDs: [19, 20, 32, 36, 39, 40, 42, 45]
2026-05-16 01:19:12,661 | WARNING | ai.pipeline | Sudden stop detected — track IDs: [19, 20, 32, 36, 39, 40, 42, 43, 45]
2026-05-16 01:19:12,736 | WARNING | ai.pipeline | Sudden stop detected — track IDs: [19, 20, 32, 36, 39, 40, 42, 43, 45]
2026-05-16 01:19:12,818 | WARNING | ai.pipeline | Sudden stop detected — track IDs: [19, 20, 32, 36, 39, 40, 42, 43, 45, 47]
2026-05-16 01:19:12,891 | WARNING | ai.pipeline | Sudden stop detected — track IDs: [19, 20, 32, 36, 39, 42, 43, 45]
2026-05-16 01:19:12,971 | WARNING | ai.pipeline | Sudden stop detected — track IDs: [19, 20, 32, 36, 39, 42, 43, 45]
2026-05-16 01:19:13,047 | WARNING | ai.pipeline | Sudden stop detected — track IDs: [19, 20, 32, 36, 39, 42, 43, 45, 47]
2026-05-16 01:19:13,124 | WARNING | ai.pipeline | Sudden stop detected — track IDs: [19, 20, 32, 36, 39, 42, 43, 45, 47]
2026-05-16 01:19:13,207 | WARNING | ai.pipeline | Sudden stop detected — track IDs: [19, 20, 32, 36, 42, 43, 45, 47]
2026-05-16 01:19:13,282 | WARNING | ai.pipeline | Sudden stop detected — track IDs: [19, 20, 32, 36, 42, 43, 45]
2026-05-16 01:19:13,356 | WARNING | ai.pipeline | Sudden stop detected — track IDs: [19, 20, 32, 36, 42, 43, 45, 47]
2026-05-16 01:19:13,436 | WARNING | ai.pipeline | Sudden stop detected — track IDs: [19, 20, 32, 36, 42, 43, 45, 47]
2026-05-16 01:19:13,514 | WARNING | ai.pipeline | Sudden stop detected — track IDs: [19, 20, 32, 36, 42, 43, 45, 47]
2026-05-16 01:19:13,817 | WARNING | ai.pipeline | Sudden stop detected — track IDs: [19, 20, 32, 36, 42, 43, 45, 47]
2026-05-16 01:19:13,905 | WARNING | ai.pipeline | Sudden stop detected — track IDs: [19, 20, 32, 36, 42, 43, 45, 47]
2026-05-16 01:19:13,986 | WARNING | ai.pipeline | Sudden stop detected — track IDs: [19, 20, 32, 36, 42, 43, 45, 47]
2026-05-16 01:19:14,060 | WARNING | ai.pipeline | Sudden stop detected — track IDs: [19, 20, 32, 36, 42, 43, 45, 47]
2026-05-16 01:19:14,130 | WARNING | ai.pipeline | Sudden stop detected — track IDs: [19, 20, 32, 36, 42, 43, 45, 47]
2026-05-16 01:19:14,209 | WARNING | ai.pipeline | Sudden stop detected — track IDs: [19, 20, 32, 36, 42, 43, 45, 47]
2026-05-16 01:19:14,289 | WARNING | ai.pipeline | Sudden stop detected — track IDs: [19, 20, 32, 36, 42, 43, 45, 47]
2026-05-16 01:19:14,364 | WARNING | ai.pipeline | Sudden stop detected — track IDs: [19, 20, 32, 36, 42, 43, 45, 47]
2026-05-16 01:19:14,442 | WARNING | ai.pipeline | Sudden stop detected — track IDs: [19, 20, 32, 36, 42, 43, 47]
2026-05-16 01:19:14,520 | WARNING | ai.pipeline | Sudden stop detected — track IDs: [19, 20, 32, 36, 42, 43, 45, 47]
2026-05-16 01:19:14,595 | WARNING | ai.pipeline | Sudden stop detected — track IDs: [19, 20, 32, 36, 42, 43, 47]
2026-05-16 01:19:14,670 | WARNING | ai.pipeline | Sudden stop detected — track IDs: [19, 20, 32, 36, 42, 43, 47]
2026-05-16 01:19:14,754 | WARNING | ai.pipeline | Sudden stop detected — track IDs: [19, 20, 32, 36, 42, 43, 45, 47]
2026-05-16 01:19:14,827 | WARNING | ai.pipeline | Sudden stop detected — track IDs: [19, 20, 32, 36, 42, 43, 47]
2026-05-16 01:19:14,906 | WARNING | ai.pipeline | Sudden stop detected — track IDs: [19, 20, 32, 36, 42, 43, 47]
2026-05-16 01:19:14,984 | WARNING | ai.pipeline | Sudden stop detected — track IDs: [19, 20, 32, 36, 42, 43, 47]
2026-05-16 01:19:15,059 | WARNING | ai.pipeline | Sudden stop detected — track IDs: [19, 20, 32, 36, 42, 43, 47]
2026-05-16 01:19:15,139 | WARNING | ai.pipeline | Sudden stop detected — track IDs: [19, 20, 32, 36, 42, 43, 47]
2026-05-16 01:19:15,216 | WARNING | ai.pipeline | Sudden stop detected — track IDs: [19, 20, 32, 36, 42, 43, 47]
2026-05-16 01:19:15,292 | WARNING | ai.pipeline | Sudden stop detected — track IDs: [19, 20, 32, 36, 42, 43, 47]
2026-05-16 01:19:15,369 | WARNING | ai.pipeline | Sudden stop detected — track IDs: [19, 20, 32, 36, 42, 43, 47]
2026-05-16 01:19:15,449 | WARNING | ai.pipeline | Sudden stop detected — track IDs: [19, 20, 32, 36, 42, 43, 47]
2026-05-16 01:19:15,525 | WARNING | ai.pipeline | Sudden stop detected — track IDs: [19, 20, 32, 36, 42, 43, 47]
2026-05-16 01:19:15,603 | WARNING | ai.pipeline | Sudden stop detected — track IDs: [19, 20, 32, 36, 42, 43, 47]
2026-05-16 01:19:15,681 | WARNING | ai.pipeline | Sudden stop detected — track IDs: [19, 20, 32, 36, 42, 43, 47]
2026-05-16 01:19:15,763 | WARNING | ai.pipeline | Sudden stop detected — track IDs: [19, 20, 32, 36, 42, 43, 47]
2026-05-16 01:19:15,836 | WARNING | ai.pipeline | Sudden stop detected — track IDs: [19, 20, 32, 36, 42, 43, 47]
2026-05-16 01:19:15,908 | WARNING | ai.pipeline | Sudden stop detected — track IDs: [19, 20, 32, 36, 42, 43, 47]
2026-05-16 01:19:15,988 | WARNING | ai.pipeline | Sudden stop detected — track IDs: [19, 20, 32, 36, 42, 43, 47]
2026-05-16 01:19:16,069 | WARNING | ai.pipeline | Sudden stop detected — track IDs: [19, 20, 32, 36, 42, 43, 47]
2026-05-16 01:19:16,147 | WARNING | ai.pipeline | Sudden stop detected — track IDs: [19, 20, 32, 36, 42, 43, 47]
2026-05-16 01:19:16,215 | WARNING | ai.pipeline | Sudden stop detected — track IDs: [19, 20, 32, 36, 42, 43, 47, 49]
2026-05-16 01:19:16,286 | WARNING | ai.pipeline | Sudden stop detected — track IDs: [19, 20, 32, 36, 42, 43, 47, 49]
2026-05-16 01:19:16,361 | WARNING | ai.pipeline | Sudden stop detected — track IDs: [19, 20, 32, 36, 42, 43, 47, 49]
2026-05-16 01:19:16,439 | WARNING | ai.pipeline | Sudden stop detected — track IDs: [19, 20, 32, 36, 42, 43, 47, 49]
2026-05-16 01:19:16,514 | WARNING | ai.pipeline | Sudden stop detected — track IDs: [19, 20, 32, 36, 42, 43, 47, 49]
2026-05-16 01:19:16,593 | WARNING | ai.pipeline | Sudden stop detected — track IDs: [19, 20, 32, 36, 42, 43, 47, 49]
2026-05-16 01:19:16,670 | WARNING | ai.pipeline | Sudden stop detected — track IDs: [19, 20, 32, 36, 42, 43, 47, 49]
2026-05-16 01:19:16,748 | WARNING | ai.pipeline | Sudden stop detected — track IDs: [19, 20, 32, 36, 42, 43, 47, 49]
2026-05-16 01:19:16,823 | WARNING | ai.pipeline | Sudden stop detected — track IDs: [19, 20, 32, 36, 42, 43, 47, 49]
2026-05-16 01:19:16,902 | WARNING | ai.pipeline | Sudden stop detected — track IDs: [19, 20, 32, 36, 42, 43, 47, 49, 52]
2026-05-16 01:19:16,982 | WARNING | ai.pipeline | Sudden stop detected — track IDs: [19, 20, 32, 36, 42, 43, 47, 49, 52]
2026-05-16 01:19:17,060 | WARNING | ai.pipeline | Sudden stop detected — track IDs: [19, 20, 32, 36, 42, 43, 47, 49, 52]
2026-05-16 01:19:17,135 | WARNING | ai.pipeline | Sudden stop detected — track IDs: [19, 20, 32, 36, 42, 43, 47, 49, 52]
2026-05-16 01:19:17,209 | WARNING | ai.pipeline | Sudden stop detected — track IDs: [20, 32, 36, 42, 43, 47, 49, 52]
2026-05-16 01:19:17,290 | WARNING | ai.pipeline | Sudden stop detected — track IDs: [20, 32, 36, 42, 43, 47, 49, 52]
2026-05-16 01:19:17,365 | WARNING | ai.pipeline | Sudden stop detected — track IDs: [20, 32, 36, 42, 43, 47, 49, 52]
2026-05-16 01:19:17,445 | WARNING | ai.pipeline | Sudden stop detected — track IDs: [20, 32, 36, 42, 43, 47, 49, 52, 54]
2026-05-16 01:19:17,522 | WARNING | ai.pipeline | Sudden stop detected — track IDs: [20, 32, 36, 42, 43, 47, 49, 52, 54]
2026-05-16 01:19:17,601 | WARNING | ai.pipeline | Sudden stop detected — track IDs: [20, 32, 36, 42, 43, 47, 49, 52, 54]
2026-05-16 01:19:17,679 | WARNING | ai.pipeline | Sudden stop detected — track IDs: [20, 32, 36, 42, 43, 47, 49, 52, 54]
2026-05-16 01:19:17,757 | WARNING | ai.pipeline | Sudden stop detected — track IDs: [20, 32, 36, 42, 43, 47, 49, 52, 54]
2026-05-16 01:19:17,835 | WARNING | ai.pipeline | Sudden stop detected — track IDs: [20, 32, 36, 42, 43, 47, 49, 52, 54]
2026-05-16 01:19:17,908 | WARNING | ai.pipeline | Sudden stop detected — track IDs: [32, 36, 42, 43, 47, 49, 52]
2026-05-16 01:19:17,986 | WARNING | ai.pipeline | Sudden stop detected — track IDs: [32, 36, 42, 43, 47, 49, 52, 54, 55]
2026-05-16 01:19:18,062 | WARNING | ai.pipeline | Sudden stop detected — track IDs: [32, 36, 42, 43, 47, 49, 52, 54, 55]
2026-05-16 01:19:18,141 | WARNING | ai.pipeline | Sudden stop detected — track IDs: [32, 36, 42, 43, 47, 49, 52, 54, 55, 56]
2026-05-16 01:19:18,216 | WARNING | ai.pipeline | Sudden stop detected — track IDs: [36, 42, 43, 47, 49, 52, 54, 55]
2026-05-16 01:19:18,293 | WARNING | ai.pipeline | Sudden stop detected — track IDs: [36, 42, 43, 47, 49, 52, 54, 55, 56]
2026-05-16 01:19:18,372 | WARNING | ai.pipeline | Sudden stop detected — track IDs: [36, 42, 43, 47, 49, 52, 54, 55, 56]
2026-05-16 01:19:18,449 | WARNING | ai.pipeline | Sudden stop detected — track IDs: [36, 42, 43, 47, 49, 52, 54, 55, 56]
2026-05-16 01:19:18,524 | WARNING | ai.pipeline | Sudden stop detected — track IDs: [36, 42, 43, 47, 49, 52, 54, 55, 56]
2026-05-16 01:19:18,604 | WARNING | ai.pipeline | Sudden stop detected — track IDs: [36, 42, 43, 47, 49, 52, 54, 55, 56]
2026-05-16 01:19:18,683 | WARNING | ai.pipeline | Sudden stop detected — track IDs: [36, 42, 43, 47, 49, 52, 54, 55]
2026-05-16 01:19:18,756 | WARNING | ai.pipeline | Sudden stop detected — track IDs: [36, 42, 43, 47, 49, 52, 54, 55]
2026-05-16 01:19:18,837 | WARNING | ai.pipeline | Sudden stop detected — track IDs: [36, 42, 43, 47, 52, 54, 55]
2026-05-16 01:19:18,915 | WARNING | ai.pipeline | Sudden stop detected — track IDs: [36, 42, 43, 47, 52, 54, 55, 56]
2026-05-16 01:19:18,993 | WARNING | ai.pipeline | Sudden stop detected — track IDs: [36, 42, 43, 47, 52, 54, 55, 56]
2026-05-16 01:19:19,071 | WARNING | ai.pipeline | Sudden stop detected — track IDs: [36, 42, 43, 47, 52, 54, 55, 56]
2026-05-16 01:19:19,147 | WARNING | ai.pipeline | Sudden stop detected — track IDs: [36, 42, 43, 47, 52, 54, 55, 56]
2026-05-16 01:19:19,224 | WARNING | ai.pipeline | Sudden stop detected — track IDs: [36, 42, 43, 47, 52, 54, 55, 56]
2026-05-16 01:19:19,305 | WARNING | ai.pipeline | Sudden stop detected — track IDs: [36, 42, 43, 47, 52, 54, 55, 56]
2026-05-16 01:19:19,382 | WARNING | ai.pipeline | Sudden stop detected — track IDs: [36, 42, 43, 47, 52, 54, 55, 56]
2026-05-16 01:19:19,459 | WARNING | ai.pipeline | Sudden stop detected — track IDs: [36, 42, 43, 47, 52, 54, 55, 56]
2026-05-16 01:19:19,536 | WARNING | ai.pipeline | Sudden stop detected — track IDs: [36, 42, 43, 47, 52, 54, 55, 56]
2026-05-16 01:19:19,612 | WARNING | ai.pipeline | Sudden stop detected — track IDs: [36, 42, 43, 47, 52, 54, 55, 56]
2026-05-16 01:19:19,689 | WARNING | ai.pipeline | Sudden stop detected — track IDs: [36, 42, 43, 47, 52, 54, 55, 56]
2026-05-16 01:19:19,770 | WARNING | ai.pipeline | Sudden stop detected — track IDs: [36, 42, 43, 47, 52, 54, 55, 56]
2026-05-16 01:19:19,843 | WARNING | ai.pipeline | Sudden stop detected — track IDs: [42, 43, 47, 52, 54, 55, 56]
2026-05-16 01:19:19,920 | WARNING | ai.pipeline | Sudden stop detected — track IDs: [42, 43, 47, 52, 54, 55, 56]
2026-05-16 01:19:19,998 | WARNING | ai.pipeline | Sudden stop detected — track IDs: [42, 43, 47, 52, 54, 55, 56]
2026-05-16 01:19:20,076 | WARNING | ai.pipeline | Sudden stop detected — track IDs: [42, 43, 47, 52, 54, 55, 56]
2026-05-16 01:19:20,154 | WARNING | ai.pipeline | Sudden stop detected — track IDs: [42, 43, 47, 52, 54, 55, 56]
2026-05-16 01:19:20,231 | WARNING | ai.pipeline | Sudden stop detected — track IDs: [42, 43, 47, 52, 54, 55, 56]
2026-05-16 01:19:20,308 | WARNING | ai.pipeline | Sudden stop detected — track IDs: [42, 43, 47, 52, 54, 55, 56]
2026-05-16 01:19:20,387 | WARNING | ai.pipeline | Sudden stop detected — track IDs: [42, 43, 47, 52, 54, 55, 56]
2026-05-16 01:19:20,466 | WARNING | ai.pipeline | Sudden stop detected — track IDs: [42, 43, 47, 52, 54, 55, 56]
2026-05-16 01:19:20,544 | WARNING | ai.pipeline | Sudden stop detected — track IDs: [42, 43, 47, 52, 54, 55, 56, 60]
2026-05-16 01:19:20,623 | WARNING | ai.pipeline | Sudden stop detected — track IDs: [42, 43, 47, 52, 54, 55, 56, 60]
2026-05-16 01:19:20,701 | WARNING | ai.pipeline | Sudden stop detected — track IDs: [42, 43, 47, 52, 54, 55, 56, 60]
2026-05-16 01:19:20,779 | WARNING | ai.pipeline | Sudden stop detected — track IDs: [42, 43, 47, 52, 54, 55, 56, 60]
2026-05-16 01:19:20,854 | WARNING | ai.pipeline | Sudden stop detected — track IDs: [42, 43, 47, 52, 54, 55, 56, 60]
2026-05-16 01:19:20,931 | WARNING | ai.pipeline | Sudden stop detected — track IDs: [42, 43, 47, 52, 54, 55, 56, 60]
2026-05-16 01:19:21,015 | WARNING | ai.pipeline | Sudden stop detected — track IDs: [42, 43, 47, 52, 54, 55, 56, 60]
2026-05-16 01:19:21,089 | WARNING | ai.pipeline | Sudden stop detected — track IDs: [42, 43, 47, 52, 54, 56, 60]
2026-05-16 01:19:21,167 | WARNING | ai.pipeline | Sudden stop detected — track IDs: [42, 43, 47, 52, 54, 56, 60]
2026-05-16 01:19:21,168 | INFO | ai.analytics.event_logger | Snapshot saved: outputs/snapshot_1778874561.json
2026-05-16 01:19:21,242 | WARNING | ai.pipeline | Sudden stop detected — track IDs: [42, 43, 47, 52, 54, 56, 60]
2026-05-16 01:19:21,321 | WARNING | ai.pipeline | Sudden stop detected — track IDs: [42, 43, 47, 52, 54, 56, 60, 62]
2026-05-16 01:19:21,398 | WARNING | ai.pipeline | Sudden stop detected — track IDs: [42, 43, 47, 52, 54, 56, 60, 62, 63]
2026-05-16 01:19:21,485 | WARNING | ai.pipeline | Sudden stop detected — track IDs: [42, 43, 47, 52, 54, 56, 60, 62, 63]
2026-05-16 01:19:21,560 | WARNING | ai.pipeline | Sudden stop detected — track IDs: [42, 43, 47, 52, 54, 56, 60, 63]
2026-05-16 01:19:21,629 | WARNING | ai.pipeline | Sudden stop detected — track IDs: [42, 43, 47, 52, 54, 56, 60, 63]
2026-05-16 01:19:21,704 | WARNING | ai.pipeline | Sudden stop detected — track IDs: [42, 43, 47, 52, 54, 56, 60, 63]
2026-05-16 01:19:21,784 | WARNING | ai.pipeline | Sudden stop detected — track IDs: [42, 43, 47, 52, 54, 56, 60, 63]
2026-05-16 01:19:21,864 | WARNING | ai.pipeline | Sudden stop detected — track IDs: [42, 43, 47, 52, 54, 56, 60, 63]
2026-05-16 01:19:21,940 | WARNING | ai.pipeline | Sudden stop detected — track IDs: [42, 43, 47, 52, 54, 56, 60, 63, 65, 66]
2026-05-16 01:19:22,019 | WARNING | ai.pipeline | Sudden stop detected — track IDs: [42, 47, 52, 54, 56, 60, 62, 63, 65, 66]
2026-05-16 01:19:22,094 | WARNING | ai.pipeline | Sudden stop detected — track IDs: [42, 47, 52, 54, 56, 60, 63, 65, 66]
2026-05-16 01:19:22,171 | WARNING | ai.pipeline | Sudden stop detected — track IDs: [42, 47, 52, 54, 56, 60, 62, 63, 65, 66, 67]
2026-05-16 01:19:22,249 | WARNING | ai.pipeline | Sudden stop detected — track IDs: [42, 47, 52, 54, 56, 60, 62, 63, 65, 66, 67]
2026-05-16 01:19:22,328 | WARNING | ai.pipeline | Sudden stop detected — track IDs: [42, 47, 52, 54, 56, 60, 62, 63, 65, 66, 67]
2026-05-16 01:19:22,404 | WARNING | ai.pipeline | Sudden stop detected — track IDs: [42, 47, 52, 54, 56, 60, 62, 63, 65, 66, 67]
2026-05-16 01:19:22,480 | WARNING | ai.pipeline | Sudden stop detected — track IDs: [42, 47, 52, 54, 56, 60, 62, 63, 65, 66, 67]
2026-05-16 01:19:22,558 | WARNING | ai.pipeline | Sudden stop detected — track IDs: [42, 47, 52, 54, 56, 60, 62, 63, 65, 66, 67, 68]
2026-05-16 01:19:22,637 | WARNING | ai.pipeline | Sudden stop detected — track IDs: [42, 47, 52, 54, 56, 60, 62, 63, 65, 66, 67, 68]
2026-05-16 01:19:22,712 | WARNING | ai.pipeline | Sudden stop detected — track IDs: [42, 47, 52, 54, 56, 60, 62, 63, 65, 66, 67, 68]
2026-05-16 01:19:22,789 | WARNING | ai.pipeline | Sudden stop detected — track IDs: [42, 47, 52, 54, 56, 60, 62, 63, 65, 66, 68]
2026-05-16 01:19:22,865 | WARNING | ai.pipeline | Sudden stop detected — track IDs: [42, 47, 52, 54, 56, 60, 62, 63, 65, 66, 67, 68]
2026-05-16 01:19:22,944 | WARNING | ai.pipeline | Sudden stop detected — track IDs: [42, 47, 52, 54, 56, 60, 62, 63, 65, 66, 67, 68]
2026-05-16 01:19:23,023 | WARNING | ai.pipeline | Sudden stop detected — track IDs: [42, 47, 52, 54, 56, 60, 62, 63, 65, 66, 68]
2026-05-16 01:19:23,101 | WARNING | ai.pipeline | Sudden stop detected — track IDs: [42, 47, 52, 54, 56, 60, 62, 63, 65, 66, 67, 68]
2026-05-16 01:19:23,175 | WARNING | ai.pipeline | Sudden stop detected — track IDs: [42, 47, 52, 54, 56, 60, 62, 63, 65, 66, 67, 68]
2026-05-16 01:19:23,254 | WARNING | ai.pipeline | Sudden stop detected — track IDs: [42, 47, 52, 54, 56, 60, 62, 63, 65, 66, 68]
2026-05-16 01:19:23,334 | WARNING | ai.pipeline | Sudden stop detected — track IDs: [42, 47, 52, 54, 56, 60, 62, 63, 65, 66, 67, 68]
2026-05-16 01:19:23,411 | WARNING | ai.pipeline | Sudden stop detected — track IDs: [42, 47, 52, 54, 56, 60, 62, 63, 65, 66, 67, 68]
2026-05-16 01:19:23,491 | WARNING | ai.pipeline | Sudden stop detected — track IDs: [42, 47, 52, 54, 56, 60, 62, 63, 65, 66, 67, 68]
2026-05-16 01:19:23,567 | WARNING | ai.pipeline | Sudden stop detected — track IDs: [42, 47, 52, 54, 56, 60, 62, 63, 65, 66, 67, 68]
2026-05-16 01:19:23,642 | WARNING | ai.pipeline | Sudden stop detected — track IDs: [42, 47, 52, 54, 56, 60, 62, 63, 65, 66, 67, 68]
2026-05-16 01:19:23,720 | WARNING | ai.pipeline | Sudden stop detected — track IDs: [42, 47, 52, 54, 56, 60, 62, 63, 65, 66, 67, 68]
2026-05-16 01:19:23,800 | WARNING | ai.pipeline | Sudden stop detected — track IDs: [47, 52, 54, 56, 62, 63, 65, 66, 67, 68]
2026-05-16 01:19:23,876 | WARNING | ai.pipeline | Sudden stop detected — track IDs: [52, 54, 56, 60, 62, 63, 65, 66, 67, 68]
2026-05-16 01:19:23,955 | WARNING | ai.pipeline | Sudden stop detected — track IDs: [52, 54, 56, 62, 63, 65, 66, 67, 68]
2026-05-16 01:19:24,032 | WARNING | ai.pipeline | Sudden stop detected — track IDs: [52, 54, 56, 62, 63, 65, 66, 67, 68]
2026-05-16 01:19:24,106 | WARNING | ai.pipeline | Sudden stop detected — track IDs: [52, 54, 56, 62, 63, 65, 66, 67, 68]
2026-05-16 01:19:24,184 | WARNING | ai.pipeline | Sudden stop detected — track IDs: [52, 54, 56, 62, 63, 65, 66, 67, 68]
2026-05-16 01:19:24,261 | WARNING | ai.pipeline | Sudden stop detected — track IDs: [52, 54, 56, 62, 63, 65, 66, 67, 68]
2026-05-16 01:19:24,338 | WARNING | ai.pipeline | Sudden stop detected — track IDs: [52, 54, 56, 62, 63, 65, 66, 67, 68]
2026-05-16 01:19:24,416 | WARNING | ai.pipeline | Sudden stop detected — track IDs: [52, 54, 56, 62, 63, 65, 67, 68]
2026-05-16 01:19:24,494 | WARNING | ai.pipeline | Sudden stop detected — track IDs: [52, 54, 56, 62, 63, 65, 67, 68]
2026-05-16 01:19:24,572 | WARNING | ai.pipeline | Sudden stop detected — track IDs: [52, 54, 56, 62, 63, 65, 67, 68]
2026-05-16 01:19:24,651 | WARNING | ai.pipeline | Sudden stop detected — track IDs: [52, 54, 56, 62, 63, 65, 67, 68]
2026-05-16 01:19:24,726 | WARNING | ai.pipeline | Sudden stop detected — track IDs: [52, 54, 56, 62, 63, 65, 67, 68]
2026-05-16 01:19:24,807 | WARNING | ai.pipeline | Sudden stop detected — track IDs: [52, 54, 56, 62, 63, 65, 67, 68]
2026-05-16 01:19:24,883 | WARNING | ai.pipeline | Sudden stop detected — track IDs: [52, 54, 56, 62, 63, 65, 67, 68]
2026-05-16 01:19:24,960 | WARNING | ai.pipeline | Sudden stop detected — track IDs: [52, 54, 56, 62, 63, 65, 67, 68]
2026-05-16 01:19:25,038 | WARNING | ai.pipeline | Sudden stop detected — track IDs: [52, 54, 56, 62, 63, 65, 67, 68]
2026-05-16 01:19:25,113 | WARNING | ai.pipeline | Sudden stop detected — track IDs: [52, 54, 56, 62, 63, 65, 67, 68]
2026-05-16 01:19:25,190 | WARNING | ai.pipeline | Sudden stop detected — track IDs: [52, 54, 56, 62, 63, 65, 67, 68]
2026-05-16 01:19:25,266 | WARNING | ai.pipeline | Sudden stop detected — track IDs: [52, 54, 56, 62, 63, 65, 67, 68]
2026-05-16 01:19:25,344 | WARNING | ai.pipeline | Sudden stop detected — track IDs: [52, 54, 56, 62, 63, 65, 67, 68]
2026-05-16 01:19:25,422 | WARNING | ai.pipeline | Sudden stop detected — track IDs: [52, 54, 56, 62, 63, 65, 67, 68]
2026-05-16 01:19:25,499 | WARNING | ai.pipeline | Sudden stop detected — track IDs: [52, 54, 56, 62, 63, 65, 67, 68]
2026-05-16 01:19:25,573 | WARNING | ai.pipeline | Sudden stop detected — track IDs: [52, 54, 56, 62, 63, 65, 67, 68]
2026-05-16 01:19:25,654 | WARNING | ai.pipeline | Sudden stop detected — track IDs: [52, 54, 56, 62, 63, 65, 67, 68]
2026-05-16 01:19:25,729 | WARNING | ai.pipeline | Sudden stop detected — track IDs: [52, 54, 56, 62, 63, 65, 67, 68, 77]
2026-05-16 01:19:25,809 | WARNING | ai.pipeline | Sudden stop detected — track IDs: [52, 54, 56, 62, 63, 65, 67, 68, 77]
2026-05-16 01:19:25,810 | WARNING | ai.pipeline | Wrong-way vehicle — track IDs: [52]
2026-05-16 01:19:25,887 | WARNING | ai.pipeline | Sudden stop detected — track IDs: [52, 54, 56, 62, 63, 65, 67, 68, 77]
2026-05-16 01:19:25,966 | WARNING | ai.pipeline | Sudden stop detected — track IDs: [52, 54, 56, 62, 63, 65, 67, 68, 77]
2026-05-16 01:19:26,044 | WARNING | ai.pipeline | Sudden stop detected — track IDs: [52, 54, 56, 62, 63, 65, 67, 68, 77]
2026-05-16 01:19:26,122 | WARNING | ai.pipeline | Sudden stop detected — track IDs: [52, 54, 56, 62, 63, 65, 67, 68]
2026-05-16 01:19:26,201 | WARNING | ai.pipeline | Sudden stop detected — track IDs: [52, 54, 56, 62, 63, 65, 67, 68, 77]
2026-05-16 01:19:26,276 | WARNING | ai.pipeline | Sudden stop detected — track IDs: [52, 54, 56, 62, 63, 65, 67, 68, 77, 82]
2026-05-16 01:19:26,357 | WARNING | ai.pipeline | Sudden stop detected — track IDs: [52, 54, 56, 62, 63, 65, 67, 68, 77, 82, 83]
2026-05-16 01:19:26,435 | WARNING | ai.pipeline | Sudden stop detected — track IDs: [52, 54, 56, 62, 63, 65, 67, 68, 77, 82, 83]
2026-05-16 01:19:26,510 | WARNING | ai.pipeline | Sudden stop detected — track IDs: [52, 54, 56, 62, 63, 65, 67, 68, 77, 82, 83]
2026-05-16 01:19:26,585 | WARNING | ai.pipeline | Sudden stop detected — track IDs: [52, 54, 56, 62, 63, 65, 67, 68, 77, 82, 83]
2026-05-16 01:19:26,668 | WARNING | ai.pipeline | Sudden stop detected — track IDs: [52, 54, 56, 62, 63, 65, 67, 68, 77, 82, 83, 85]
2026-05-16 01:19:26,740 | WARNING | ai.pipeline | Sudden stop detected — track IDs: [52, 54, 56, 62, 63, 65, 67, 68, 77, 82, 83, 85]
2026-05-16 01:19:26,821 | WARNING | ai.pipeline | Sudden stop detected — track IDs: [52, 54, 56, 62, 63, 65, 67, 68, 77, 82, 83, 85]
2026-05-16 01:19:26,897 | WARNING | ai.pipeline | Sudden stop detected — track IDs: [52, 54, 56, 62, 63, 65, 67, 68, 77, 82, 83, 85]
2026-05-16 01:19:26,973 | WARNING | ai.pipeline | Sudden stop detected — track IDs: [52, 54, 56, 62, 63, 65, 67, 68, 77, 82, 83, 85, 86]
2026-05-16 01:19:27,057 | WARNING | ai.pipeline | Sudden stop detected — track IDs: [52, 54, 56, 62, 63, 65, 67, 68, 77, 82, 83, 85, 86]
2026-05-16 01:19:27,131 | WARNING | ai.pipeline | Sudden stop detected — track IDs: [52, 54, 56, 62, 63, 65, 67, 68, 77, 82, 83, 85, 86]
2026-05-16 01:19:27,208 | WARNING | ai.pipeline | Sudden stop detected — track IDs: [52, 54, 56, 62, 63, 65, 67, 68, 77, 82, 83, 85]
2026-05-16 01:19:27,286 | WARNING | ai.pipeline | Sudden stop detected — track IDs: [52, 54, 56, 62, 63, 65, 67, 68, 77, 82, 83, 85]
2026-05-16 01:19:27,364 | WARNING | ai.pipeline | Sudden stop detected — track IDs: [52, 54, 56, 62, 63, 65, 67, 68, 77, 82, 83, 85]
2026-05-16 01:19:27,442 | WARNING | ai.pipeline | Sudden stop detected — track IDs: [52, 54, 56, 62, 63, 65, 67, 68, 77, 82, 83, 85, 86]
2026-05-16 01:19:27,518 | WARNING | ai.pipeline | Sudden stop detected — track IDs: [52, 54, 56, 62, 63, 65, 67, 68, 77, 82, 83, 85]
2026-05-16 01:19:27,597 | WARNING | ai.pipeline | Sudden stop detected — track IDs: [52, 54, 56, 62, 63, 65, 67, 68, 77, 82, 83, 85]
2026-05-16 01:19:27,675 | WARNING | ai.pipeline | Sudden stop detected — track IDs: [52, 54, 56, 62, 63, 65, 67, 68, 77, 82, 83, 85, 86]
2026-05-16 01:19:27,750 | WARNING | ai.pipeline | Sudden stop detected — track IDs: [52, 54, 56, 62, 63, 65, 67, 68, 77, 82, 83, 85, 86]
2026-05-16 01:19:27,830 | WARNING | ai.pipeline | Sudden stop detected — track IDs: [52, 54, 56, 62, 63, 65, 67, 68, 77, 82, 83, 85, 86]
2026-05-16 01:19:27,906 | WARNING | ai.pipeline | Sudden stop detected — track IDs: [52, 54, 56, 62, 63, 65, 67, 68, 77, 82, 83, 85, 86]
2026-05-16 01:19:27,986 | WARNING | ai.pipeline | Sudden stop detected — track IDs: [52, 54, 56, 62, 63, 65, 67, 68, 77, 82, 83, 85, 86]
2026-05-16 01:19:28,063 | WARNING | ai.pipeline | Sudden stop detected — track IDs: [52, 54, 56, 62, 63, 65, 67, 68, 77, 82, 83, 85]
2026-05-16 01:19:28,138 | WARNING | ai.pipeline | Sudden stop detected — track IDs: [52, 56, 62, 63, 65, 67, 68, 77, 82, 83, 85, 86, 89]
2026-05-16 01:19:28,221 | WARNING | ai.pipeline | Sudden stop detected — track IDs: [52, 56, 62, 63, 65, 67, 68, 77, 82, 83, 85, 86, 89]
2026-05-16 01:19:28,294 | WARNING | ai.pipeline | Sudden stop detected — track IDs: [52, 56, 62, 63, 65, 67, 68, 77, 82, 83, 85, 86, 89]
2026-05-16 01:19:28,371 | WARNING | ai.pipeline | Sudden stop detected — track IDs: [52, 56, 62, 63, 65, 67, 68, 77, 82, 83, 85, 86, 89]
2026-05-16 01:19:28,450 | WARNING | ai.pipeline | Sudden stop detected — track IDs: [56, 62, 63, 65, 67, 68, 77, 82, 83, 85, 86, 89]
2026-05-16 01:19:28,528 | WARNING | ai.pipeline | Sudden stop detected — track IDs: [56, 62, 63, 65, 67, 68, 77, 82, 83, 85, 86]
2026-05-16 01:19:28,601 | WARNING | ai.pipeline | Sudden stop detected — track IDs: [56, 62, 63, 65, 67, 68, 82, 83, 85, 86]
2026-05-16 01:19:28,681 | WARNING | ai.pipeline | Sudden stop detected — track IDs: [56, 62, 63, 65, 67, 68, 82, 83, 85, 86, 89]
2026-05-16 01:19:28,757 | WARNING | ai.pipeline | Sudden stop detected — track IDs: [56, 62, 63, 67, 68, 82, 83, 85, 86]
2026-05-16 01:19:28,836 | WARNING | ai.pipeline | Sudden stop detected — track IDs: [56, 62, 63, 67, 68, 82, 83, 85, 86, 89]
2026-05-16 01:19:28,914 | WARNING | ai.pipeline | Sudden stop detected — track IDs: [56, 62, 63, 67, 68, 82, 83, 85, 86, 89]
2026-05-16 01:19:28,991 | WARNING | ai.pipeline | Sudden stop detected — track IDs: [56, 62, 63, 67, 68, 82, 83, 85, 86, 89]
2026-05-16 01:19:29,070 | WARNING | ai.pipeline | Sudden stop detected — track IDs: [56, 62, 63, 67, 68, 82, 83, 85, 86, 89]
2026-05-16 01:19:29,149 | WARNING | ai.pipeline | Sudden stop detected — track IDs: [56, 62, 63, 67, 68, 82, 83, 85, 86, 89]
2026-05-16 01:19:29,225 | WARNING | ai.pipeline | Sudden stop detected — track IDs: [56, 62, 63, 67, 68, 82, 83, 85, 86, 89]
2026-05-16 01:19:29,300 | WARNING | ai.pipeline | Sudden stop detected — track IDs: [56, 62, 63, 67, 68, 82, 83, 85, 86]
2026-05-16 01:19:29,379 | WARNING | ai.pipeline | Sudden stop detected — track IDs: [62, 63, 67, 68, 82, 83, 85, 86, 89]
2026-05-16 01:19:29,458 | WARNING | ai.pipeline | Sudden stop detected — track IDs: [62, 63, 67, 68, 82, 83, 85, 86, 89, 92]
2026-05-16 01:19:29,531 | WARNING | ai.pipeline | Sudden stop detected — track IDs: [62, 67, 68, 82, 83, 85, 86, 89, 92]
2026-05-16 01:19:29,611 | WARNING | ai.pipeline | Sudden stop detected — track IDs: [62, 67, 68, 82, 83, 85, 86, 89, 92]
2026-05-16 01:19:29,689 | WARNING | ai.pipeline | Sudden stop detected — track IDs: [62, 67, 82, 83, 85, 86, 89, 92]
2026-05-16 01:19:29,770 | WARNING | ai.pipeline | Sudden stop detected — track IDs: [62, 67, 82, 83, 85, 86, 89, 92]
2026-05-16 01:19:29,845 | WARNING | ai.pipeline | Sudden stop detected — track IDs: [62, 67, 82, 83, 85, 86, 89, 92]
2026-05-16 01:19:29,924 | WARNING | ai.pipeline | Sudden stop detected — track IDs: [62, 67, 82, 83, 85, 86, 89, 92]
2026-05-16 01:19:30,005 | WARNING | ai.pipeline | Sudden stop detected — track IDs: [62, 67, 83, 85, 86, 89, 92, 94]
2026-05-16 01:19:30,078 | WARNING | ai.pipeline | Sudden stop detected — track IDs: [62, 67, 83, 85, 86, 89, 92, 94]
2026-05-16 01:19:30,157 | WARNING | ai.pipeline | Sudden stop detected — track IDs: [62, 67, 82, 83, 85, 86, 89, 92, 94]
2026-05-16 01:19:30,234 | WARNING | ai.pipeline | Sudden stop detected — track IDs: [62, 67, 83, 85, 86, 89, 92, 94]
2026-05-16 01:19:30,311 | WARNING | ai.pipeline | Sudden stop detected — track IDs: [62, 67, 83, 85, 86, 89, 92, 94, 96]
2026-05-16 01:19:30,388 | WARNING | ai.pipeline | Sudden stop detected — track IDs: [62, 67, 83, 85, 86, 89, 92, 94, 96]
2026-05-16 01:19:30,468 | WARNING | ai.pipeline | Sudden stop detected — track IDs: [62, 67, 83, 85, 86, 89, 92, 94, 96]
2026-05-16 01:19:30,542 | WARNING | ai.pipeline | Sudden stop detected — track IDs: [62, 67, 83, 85, 86, 89, 92, 94, 96]
2026-05-16 01:19:30,623 | WARNING | ai.pipeline | Sudden stop detected — track IDs: [62, 67, 83, 85, 86, 89, 92, 94, 96]
2026-05-16 01:19:30,698 | WARNING | ai.pipeline | Sudden stop detected — track IDs: [62, 67, 83, 85, 86, 89, 92, 94, 96]
2026-05-16 01:19:30,776 | WARNING | ai.pipeline | Sudden stop detected — track IDs: [62, 67, 83, 85, 86, 89, 92, 94, 96]
2026-05-16 01:19:30,855 | WARNING | ai.pipeline | Sudden stop detected — track IDs: [62, 67, 83, 85, 86, 89, 92, 94, 96]
2026-05-16 01:19:30,933 | WARNING | ai.pipeline | Sudden stop detected — track IDs: [62, 67, 83, 85, 86, 89, 92, 94, 96]
2026-05-16 01:19:31,010 | WARNING | ai.pipeline | Sudden stop detected — track IDs: [62, 67, 83, 85, 86, 89, 92, 94, 96]
2026-05-16 01:19:31,089 | WARNING | ai.pipeline | Sudden stop detected — track IDs: [62, 67, 83, 85, 86, 89, 92, 94, 96]
2026-05-16 01:19:31,167 | WARNING | ai.pipeline | Sudden stop detected — track IDs: [62, 67, 83, 85, 86, 89, 92, 94, 96]
2026-05-16 01:19:31,168 | INFO | ai.analytics.event_logger | Snapshot saved: outputs/snapshot_1778874571.json
2026-05-16 01:19:31,242 | WARNING | ai.pipeline | Sudden stop detected — track IDs: [62, 67, 83, 85, 86, 89, 92, 94, 96]
2026-05-16 01:19:31,318 | WARNING | ai.pipeline | Sudden stop detected — track IDs: [62, 67, 83, 85, 86, 89, 92, 94, 96]
2026-05-16 01:19:31,403 | WARNING | ai.pipeline | Sudden stop detected — track IDs: [62, 67, 83, 85, 86, 89, 92, 94, 96]
2026-05-16 01:19:31,482 | WARNING | ai.pipeline | Sudden stop detected — track IDs: [62, 67, 83, 85, 86, 89, 92, 94, 96]
2026-05-16 01:19:31,559 | WARNING | ai.pipeline | Sudden stop detected — track IDs: [62, 67, 83, 85, 86, 89, 92, 94, 96]
2026-05-16 01:19:31,632 | WARNING | ai.pipeline | Sudden stop detected — track IDs: [62, 67, 83, 85, 86, 89, 92, 94, 96]
2026-05-16 01:19:31,704 | WARNING | ai.pipeline | Sudden stop detected — track IDs: [67, 83, 85, 86, 89, 92, 94, 96]
2026-05-16 01:19:31,782 | WARNING | ai.pipeline | Sudden stop detected — track IDs: [67, 83, 85, 86, 89, 92, 94, 96]
2026-05-16 01:19:31,872 | WARNING | ai.pipeline | Sudden stop detected — track IDs: [67, 83, 85, 86, 89, 92, 94, 96]
2026-05-16 01:19:31,962 | WARNING | ai.pipeline | Sudden stop detected — track IDs: [83, 85, 86, 89, 92, 94, 96]
2026-05-16 01:19:32,032 | WARNING | ai.pipeline | Sudden stop detected — track IDs: [83, 85, 86, 89, 92, 96]
2026-05-16 01:19:32,111 | WARNING | ai.pipeline | Sudden stop detected — track IDs: [83, 85, 86, 89, 92, 94, 96]
2026-05-16 01:19:32,186 | WARNING | ai.pipeline | Sudden stop detected — track IDs: [83, 85, 86, 89, 92, 94, 96]
2026-05-16 01:19:32,265 | WARNING | ai.pipeline | Sudden stop detected — track IDs: [83, 85, 86, 89, 92, 94, 96]
2026-05-16 01:19:32,341 | WARNING | ai.pipeline | Sudden stop detected — track IDs: [83, 85, 86, 89, 96, 98]
2026-05-16 01:19:32,420 | WARNING | ai.pipeline | Sudden stop detected — track IDs: [83, 85, 86, 89, 92, 96, 98]
2026-05-16 01:19:32,494 | WARNING | ai.pipeline | Sudden stop detected — track IDs: [83, 85, 86, 89, 92, 96, 98]
2026-05-16 01:19:32,571 | WARNING | ai.pipeline | Sudden stop detected — track IDs: [83, 85, 86, 89, 92, 96, 98]
2026-05-16 01:19:32,649 | WARNING | ai.pipeline | Sudden stop detected — track IDs: [83, 85, 86, 89, 96, 98]
2026-05-16 01:19:32,728 | WARNING | ai.pipeline | Sudden stop detected — track IDs: [83, 85, 86, 89, 92, 96, 98]
2026-05-16 01:19:32,803 | WARNING | ai.pipeline | Sudden stop detected — track IDs: [83, 85, 86, 89, 96]
2026-05-16 01:19:32,882 | WARNING | ai.pipeline | Sudden stop detected — track IDs: [83, 85, 86, 89, 96, 98]
2026-05-16 01:19:32,957 | WARNING | ai.pipeline | Sudden stop detected — track IDs: [83, 85, 86, 89, 96, 98]
2026-05-16 01:19:33,038 | WARNING | ai.pipeline | Sudden stop detected — track IDs: [83, 85, 86, 89, 96, 98]
2026-05-16 01:19:33,114 | WARNING | ai.pipeline | Sudden stop detected — track IDs: [83, 85, 86, 89, 96, 98]
2026-05-16 01:19:33,191 | WARNING | ai.pipeline | Sudden stop detected — track IDs: [83, 85, 86, 89, 96, 98, 101]
2026-05-16 01:19:33,269 | WARNING | ai.pipeline | Sudden stop detected — track IDs: [83, 85, 86, 89, 96, 98, 101]
2026-05-16 01:19:33,343 | WARNING | ai.pipeline | Sudden stop detected — track IDs: [83, 85, 86, 89, 96, 98, 101]
2026-05-16 01:19:33,423 | WARNING | ai.pipeline | Sudden stop detected — track IDs: [83, 85, 86, 89, 96, 98]
2026-05-16 01:19:33,501 | WARNING | ai.pipeline | Sudden stop detected — track IDs: [83, 85, 86, 89, 96, 98]
2026-05-16 01:19:33,579 | WARNING | ai.pipeline | Sudden stop detected — track IDs: [83, 85, 86, 89, 96, 98, 102]
2026-05-16 01:19:33,652 | WARNING | ai.pipeline | Sudden stop detected — track IDs: [83, 85, 86, 89, 96, 98, 102]
2026-05-16 01:19:33,734 | WARNING | ai.pipeline | Sudden stop detected — track IDs: [83, 85, 86, 89, 96, 98, 101, 102]
2026-05-16 01:19:33,811 | WARNING | ai.pipeline | Sudden stop detected — track IDs: [83, 85, 86, 89, 96, 98, 102]
2026-05-16 01:19:33,889 | WARNING | ai.pipeline | Sudden stop detected — track IDs: [83, 85, 86, 89, 96, 98, 101, 102]
2026-05-16 01:19:33,965 | WARNING | ai.pipeline | Sudden stop detected — track IDs: [83, 85, 86, 89, 96, 98, 102]
2026-05-16 01:19:34,044 | WARNING | ai.pipeline | Sudden stop detected — track IDs: [83, 85, 86, 89, 96, 98, 101, 102]
2026-05-16 01:19:34,125 | WARNING | ai.pipeline | Sudden stop detected — track IDs: [83, 85, 86, 89, 96, 98, 101, 102]
2026-05-16 01:19:34,199 | WARNING | ai.pipeline | Sudden stop detected — track IDs: [83, 85, 86, 89, 96, 98, 101, 102]
2026-05-16 01:19:34,277 | WARNING | ai.pipeline | Sudden stop detected — track IDs: [83, 85, 86, 89, 96, 98, 101, 102]
2026-05-16 01:19:34,354 | WARNING | ai.pipeline | Sudden stop detected — track IDs: [83, 85, 86, 89, 96, 98, 101, 102]
2026-05-16 01:19:34,430 | WARNING | ai.pipeline | Sudden stop detected — track IDs: [83, 85, 86, 89, 96, 98, 101, 102]
2026-05-16 01:19:34,507 | WARNING | ai.pipeline | Sudden stop detected — track IDs: [83, 85, 86, 89, 96, 98, 101, 102]
2026-05-16 01:19:34,587 | WARNING | ai.pipeline | Sudden stop detected — track IDs: [83, 85, 86, 89, 96, 98, 101, 102]
2026-05-16 01:19:34,663 | WARNING | ai.pipeline | Sudden stop detected — track IDs: [83, 85, 86, 89, 96, 98, 101, 102]
2026-05-16 01:19:34,739 | WARNING | ai.pipeline | Sudden stop detected — track IDs: [83, 85, 86, 89, 96, 98, 101, 102]
2026-05-16 01:19:34,815 | WARNING | ai.pipeline | Sudden stop detected — track IDs: [83, 85, 86, 89, 98, 101, 102]
2026-05-16 01:19:34,894 | WARNING | ai.pipeline | Sudden stop detected — track IDs: [83, 85, 86, 89, 96, 98, 101, 102]
2026-05-16 01:19:34,971 | WARNING | ai.pipeline | Sudden stop detected — track IDs: [83, 85, 86, 89, 98, 101, 102]
2026-05-16 01:19:35,050 | WARNING | ai.pipeline | Sudden stop detected — track IDs: [83, 85, 86, 89, 98, 101, 102]
2026-05-16 01:19:35,128 | WARNING | ai.pipeline | Sudden stop detected — track IDs: [83, 85, 86, 89, 98, 101, 102]
2026-05-16 01:19:35,203 | WARNING | ai.pipeline | Sudden stop detected — track IDs: [83, 85, 86, 89, 98, 101, 102]
2026-05-16 01:19:35,279 | WARNING | ai.pipeline | Sudden stop detected — track IDs: [83, 85, 86, 89, 98, 101, 102]
2026-05-16 01:19:35,358 | WARNING | ai.pipeline | Sudden stop detected — track IDs: [83, 85, 86, 89, 98, 101, 102]
2026-05-16 01:19:35,434 | WARNING | ai.pipeline | Sudden stop detected — track IDs: [83, 85, 86, 89, 98, 101, 102]
2026-05-16 01:19:35,512 | WARNING | ai.pipeline | Sudden stop detected — track IDs: [83, 85, 86, 89, 98, 101, 102]
2026-05-16 01:19:35,590 | WARNING | ai.pipeline | Sudden stop detected — track IDs: [83, 85, 86, 89, 98, 101, 102]
2026-05-16 01:19:35,665 | WARNING | ai.pipeline | Sudden stop detected — track IDs: [83, 85, 86, 89, 98, 101, 102]
2026-05-16 01:19:35,744 | WARNING | ai.pipeline | Sudden stop detected — track IDs: [83, 85, 86, 89, 98, 101, 102]
2026-05-16 01:19:35,820 | WARNING | ai.pipeline | Sudden stop detected — track IDs: [83, 85, 86, 89, 98, 101, 102]
2026-05-16 01:19:35,900 | WARNING | ai.pipeline | Sudden stop detected — track IDs: [83, 86, 89, 98, 101, 102, 104]
2026-05-16 01:19:35,980 | WARNING | ai.pipeline | Sudden stop detected — track IDs: [83, 86, 89, 98, 101, 102, 104]
2026-05-16 01:19:36,057 | WARNING | ai.pipeline | Sudden stop detected — track IDs: [83, 86, 89, 98, 101, 102, 104, 105]
2026-05-16 01:19:36,135 | WARNING | ai.pipeline | Sudden stop detected — track IDs: [83, 86, 89, 98, 101, 102, 104, 105]
2026-05-16 01:19:36,212 | WARNING | ai.pipeline | Sudden stop detected — track IDs: [83, 86, 89, 98, 101, 102, 104, 105, 106]
2026-05-16 01:19:36,287 | WARNING | ai.pipeline | Sudden stop detected — track IDs: [83, 86, 89, 98, 101, 102, 104, 105, 106]
2026-05-16 01:19:36,365 | WARNING | ai.pipeline | Sudden stop detected — track IDs: [83, 86, 89, 98, 101, 102, 104, 105, 106]
2026-05-16 01:19:36,441 | WARNING | ai.pipeline | Sudden stop detected — track IDs: [86, 89, 98, 101, 102, 104, 105, 106]
2026-05-16 01:19:36,519 | WARNING | ai.pipeline | Sudden stop detected — track IDs: [86, 89, 98, 101, 102, 104, 105, 106]
2026-05-16 01:19:36,599 | WARNING | ai.pipeline | Sudden stop detected — track IDs: [86, 89, 98, 101, 102, 104, 105, 106]
2026-05-16 01:19:36,677 | WARNING | ai.pipeline | Sudden stop detected — track IDs: [86, 89, 98, 101, 102, 104, 105, 106]
2026-05-16 01:19:36,753 | WARNING | ai.pipeline | Sudden stop detected — track IDs: [86, 89, 98, 101, 102, 104, 105, 106, 108, 110]
2026-05-16 01:19:36,830 | WARNING | ai.pipeline | Sudden stop detected — track IDs: [86, 89, 98, 101, 102, 104, 105, 106, 108, 109, 110]
2026-05-16 01:19:36,908 | WARNING | ai.pipeline | Sudden stop detected — track IDs: [86, 89, 98, 101, 102, 104, 105, 106, 108]
2026-05-16 01:19:36,982 | WARNING | ai.pipeline | Sudden stop detected — track IDs: [86, 89, 98, 101, 102, 104, 105, 106, 108]
2026-05-16 01:19:37,061 | WARNING | ai.pipeline | Sudden stop detected — track IDs: [86, 89, 98, 101, 102, 104, 105, 106, 108, 110]
2026-05-16 01:19:37,137 | WARNING | ai.pipeline | Sudden stop detected — track IDs: [86, 89, 98, 101, 102, 104, 105, 106, 108, 109, 110]
2026-05-16 01:19:37,217 | WARNING | ai.pipeline | Sudden stop detected — track IDs: [86, 89, 98, 101, 102, 104, 105, 106, 108, 110, 111]
2026-05-16 01:19:37,291 | WARNING | ai.pipeline | Sudden stop detected — track IDs: [86, 89, 98, 101, 102, 104, 105, 108, 109, 110, 111]
2026-05-16 01:19:37,367 | WARNING | ai.pipeline | Sudden stop detected — track IDs: [86, 89, 98, 101, 104, 105, 108, 109, 110, 111]
2026-05-16 01:19:37,446 | WARNING | ai.pipeline | Sudden stop detected — track IDs: [86, 89, 98, 101, 102, 104, 105, 108, 109, 110, 111]
2026-05-16 01:19:37,522 | WARNING | ai.pipeline | Sudden stop detected — track IDs: [86, 89, 98, 101, 102, 104, 105, 108, 109, 110, 111]
2026-05-16 01:19:37,602 | WARNING | ai.pipeline | Sudden stop detected — track IDs: [86, 89, 98, 101, 104, 105, 108, 109, 110, 111]
2026-05-16 01:19:37,677 | WARNING | ai.pipeline | Sudden stop detected — track IDs: [86, 89, 98, 101, 104, 105, 108, 109, 110, 111]
2026-05-16 01:19:37,759 | WARNING | ai.pipeline | Sudden stop detected — track IDs: [86, 89, 98, 101, 102, 104, 105, 108, 109, 110, 111]
2026-05-16 01:19:37,834 | WARNING | ai.pipeline | Sudden stop detected — track IDs: [86, 89, 98, 101, 104, 105, 108, 109, 110, 111, 114]
2026-05-16 01:19:37,912 | WARNING | ai.pipeline | Sudden stop detected — track IDs: [86, 89, 98, 101, 104, 105, 108, 109, 110, 111, 114]
2026-05-16 01:19:37,990 | WARNING | ai.pipeline | Sudden stop detected — track IDs: [86, 89, 98, 101, 104, 105, 108, 109, 110, 111, 114]
2026-05-16 01:19:38,067 | WARNING | ai.pipeline | Sudden stop detected — track IDs: [86, 89, 98, 101, 104, 105, 108, 109, 110, 111, 114]
2026-05-16 01:19:38,144 | WARNING | ai.pipeline | Sudden stop detected — track IDs: [86, 89, 98, 101, 104, 105, 108, 109, 110, 111, 114]
2026-05-16 01:19:38,225 | WARNING | ai.pipeline | Sudden stop detected — track IDs: [86, 89, 98, 101, 104, 105, 108, 109, 110, 111, 114]
2026-05-16 01:19:38,298 | WARNING | ai.pipeline | Sudden stop detected — track IDs: [86, 89, 98, 101, 104, 105, 108, 109, 110, 111, 114]
2026-05-16 01:19:38,378 | WARNING | ai.pipeline | Sudden stop detected — track IDs: [86, 89, 98, 101, 104, 105, 108, 109, 110, 111, 114]
2026-05-16 01:19:38,456 | WARNING | ai.pipeline | Sudden stop detected — track IDs: [86, 89, 98, 101, 104, 105, 108, 109, 110, 111, 114]
2026-05-16 01:19:38,531 | WARNING | ai.pipeline | Sudden stop detected — track IDs: [86, 89, 98, 101, 104, 105, 108, 109, 110, 111, 114]
2026-05-16 01:19:38,610 | WARNING | ai.pipeline | Sudden stop detected — track IDs: [86, 89, 98, 101, 104, 105, 108, 109, 110, 111, 114]
2026-05-16 01:19:38,687 | WARNING | ai.pipeline | Sudden stop detected — track IDs: [86, 89, 98, 101, 104, 108, 109, 110, 111, 114]
2026-05-16 01:19:38,763 | WARNING | ai.pipeline | Sudden stop detected — track IDs: [86, 89, 98, 101, 104, 108, 109, 110, 111, 114]
2026-05-16 01:19:38,844 | WARNING | ai.pipeline | Sudden stop detected — track IDs: [86, 89, 98, 101, 104, 108, 109, 110, 111, 114]
2026-05-16 01:19:38,919 | WARNING | ai.pipeline | Sudden stop detected — track IDs: [86, 89, 98, 101, 104, 108, 109, 110, 111, 114]
2026-05-16 01:19:38,998 | WARNING | ai.pipeline | Sudden stop detected — track IDs: [86, 89, 98, 101, 104, 108, 109, 110, 111, 114]
2026-05-16 01:19:39,075 | WARNING | ai.pipeline | Sudden stop detected — track IDs: [86, 89, 98, 101, 104, 108, 109, 110, 114]
2026-05-16 01:19:39,155 | WARNING | ai.pipeline | Sudden stop detected — track IDs: [86, 89, 98, 101, 104, 108, 109, 110, 111, 114]
2026-05-16 01:19:39,231 | WARNING | ai.pipeline | Sudden stop detected — track IDs: [86, 89, 98, 101, 104, 108, 109, 110, 114]
2026-05-16 01:19:39,307 | WARNING | ai.pipeline | Sudden stop detected — track IDs: [86, 89, 98, 101, 108, 109, 110, 114]
2026-05-16 01:19:39,387 | WARNING | ai.pipeline | Sudden stop detected — track IDs: [89, 98, 101, 104, 108, 109, 110, 114]
2026-05-16 01:19:39,463 | WARNING | ai.pipeline | Sudden stop detected — track IDs: [89, 98, 101, 108, 109, 110, 114]
2026-05-16 01:19:39,540 | WARNING | ai.pipeline | Sudden stop detected — track IDs: [89, 98, 101, 108, 109, 110, 114]
2026-05-16 01:19:39,619 | WARNING | ai.pipeline | Sudden stop detected — track IDs: [89, 98, 101, 108, 109, 110, 114, 123]
2026-05-16 01:19:39,696 | WARNING | ai.pipeline | Sudden stop detected — track IDs: [89, 98, 101, 108, 109, 110, 114]
2026-05-16 01:19:39,773 | WARNING | ai.pipeline | Sudden stop detected — track IDs: [89, 98, 101, 108, 109, 110, 114, 118]
2026-05-16 01:19:39,851 | WARNING | ai.pipeline | Sudden stop detected — track IDs: [89, 98, 101, 109, 110, 114, 118]
2026-05-16 01:19:39,927 | WARNING | ai.pipeline | Sudden stop detected — track IDs: [89, 98, 101, 109, 110, 114, 118]
2026-05-16 01:19:40,003 | WARNING | ai.pipeline | Sudden stop detected — track IDs: [89, 98, 101, 109, 110, 114, 118]
2026-05-16 01:19:40,083 | WARNING | ai.pipeline | Sudden stop detected — track IDs: [89, 98, 101, 109, 110, 114, 118]
2026-05-16 01:19:40,163 | WARNING | ai.pipeline | Sudden stop detected — track IDs: [89, 98, 101, 109, 110, 114, 118, 123]
2026-05-16 01:19:40,236 | WARNING | ai.pipeline | Sudden stop detected — track IDs: [89, 98, 101, 109, 110, 114, 118]
2026-05-16 01:19:40,313 | WARNING | ai.pipeline | Sudden stop detected — track IDs: [89, 98, 101, 109, 110, 114, 118, 123]
2026-05-16 01:19:40,394 | WARNING | ai.pipeline | Sudden stop detected — track IDs: [89, 98, 101, 109, 110, 114, 118, 123]
2026-05-16 01:19:40,470 | WARNING | ai.pipeline | Sudden stop detected — track IDs: [89, 98, 101, 109, 110, 114, 118, 123, 124, 125]
2026-05-16 01:19:40,546 | WARNING | ai.pipeline | Sudden stop detected — track IDs: [89, 98, 101, 109, 110, 114, 118, 123, 124, 125]
2026-05-16 01:19:40,621 | WARNING | ai.pipeline | Sudden stop detected — track IDs: [89, 98, 101, 109, 110, 114, 118, 123, 124, 125]
2026-05-16 01:19:40,705 | WARNING | ai.pipeline | Sudden stop detected — track IDs: [89, 98, 101, 109, 110, 114, 118, 123, 124, 125]
2026-05-16 01:19:40,780 | WARNING | ai.pipeline | Sudden stop detected — track IDs: [89, 98, 101, 109, 110, 114, 118, 123, 124, 125]
2026-05-16 01:19:40,856 | WARNING | ai.pipeline | Sudden stop detected — track IDs: [89, 98, 101, 109, 110, 114, 118, 123, 124, 125]
2026-05-16 01:19:40,936 | WARNING | ai.pipeline | Sudden stop detected — track IDs: [89, 98, 101, 109, 110, 114, 118, 123, 124, 125]
2026-05-16 01:19:41,013 | WARNING | ai.pipeline | Sudden stop detected — track IDs: [89, 98, 101, 109, 110, 114, 118, 123, 124, 125]
2026-05-16 01:19:41,093 | WARNING | ai.pipeline | Sudden stop detected — track IDs: [89, 98, 101, 109, 110, 114, 118, 123, 124, 125, 127]
2026-05-16 01:19:41,169 | WARNING | ai.pipeline | Sudden stop detected — track IDs: [89, 98, 101, 109, 110, 114, 118, 123, 124, 125, 127]
2026-05-16 01:19:41,170 | INFO | ai.analytics.event_logger | Snapshot saved: outputs/snapshot_1778874581.json
2026-05-16 01:19:41,248 | WARNING | ai.pipeline | Sudden stop detected — track IDs: [89, 98, 101, 109, 110, 114, 118, 123, 124, 127]
2026-05-16 01:19:41,325 | WARNING | ai.pipeline | Sudden stop detected — track IDs: [89, 98, 101, 109, 110, 114, 118, 123, 124, 125, 127, 129]
2026-05-16 01:19:41,406 | WARNING | ai.pipeline | Sudden stop detected — track IDs: [89, 98, 101, 109, 110, 114, 118, 123, 124, 125, 127, 129]
2026-05-16 01:19:41,480 | WARNING | ai.pipeline | Sudden stop detected — track IDs: [89, 98, 101, 109, 110, 114, 118, 123, 124, 125, 127, 129]
2026-05-16 01:19:41,556 | WARNING | ai.pipeline | Sudden stop detected — track IDs: [89, 98, 101, 109, 110, 118, 123, 124, 125, 127, 129]
2026-05-16 01:19:41,644 | WARNING | ai.pipeline | Sudden stop detected — track IDs: [98, 101, 109, 110, 114, 118, 123, 124, 125, 127, 129]
2026-05-16 01:19:41,725 | WARNING | ai.pipeline | Sudden stop detected — track IDs: [98, 101, 109, 110, 114, 118, 123, 124, 125, 127, 129]
2026-05-16 01:19:41,808 | WARNING | ai.pipeline | Sudden stop detected — track IDs: [98, 101, 109, 110, 118, 123, 124, 125, 127, 129]
2026-05-16 01:19:41,887 | WARNING | ai.pipeline | Sudden stop detected — track IDs: [98, 101, 109, 110, 114, 118, 123, 124, 125, 127, 129]
2026-05-16 01:19:41,965 | WARNING | ai.pipeline | Sudden stop detected — track IDs: [98, 101, 109, 110, 118, 123, 124, 125, 127, 129]
2026-05-16 01:19:42,039 | WARNING | ai.pipeline | Sudden stop detected — track IDs: [98, 101, 109, 110, 118, 123, 124, 125, 127, 129]
2026-05-16 01:19:42,114 | WARNING | ai.pipeline | Sudden stop detected — track IDs: [98, 101, 109, 110, 118, 123, 124, 125, 127, 129]
2026-05-16 01:19:42,192 | WARNING | ai.pipeline | Sudden stop detected — track IDs: [98, 101, 109, 110, 118, 123, 124, 125, 127, 129]
2026-05-16 01:19:42,274 | WARNING | ai.pipeline | Sudden stop detected — track IDs: [98, 101, 109, 110, 118, 123, 124, 125, 127, 129]
2026-05-16 01:19:42,348 | WARNING | ai.pipeline | Sudden stop detected — track IDs: [98, 101, 109, 110, 118, 123, 124, 125, 127, 129]
2026-05-16 01:19:42,428 | WARNING | ai.pipeline | Sudden stop detected — track IDs: [98, 101, 109, 110, 118, 123, 124, 125, 127, 129]
2026-05-16 01:19:42,506 | WARNING | ai.pipeline | Sudden stop detected — track IDs: [98, 101, 109, 110, 118, 123, 124, 125, 127, 129]
2026-05-16 01:19:42,583 | WARNING | ai.pipeline | Sudden stop detected — track IDs: [98, 101, 109, 110, 118, 123, 124, 125, 127, 129]
2026-05-16 01:19:42,660 | WARNING | ai.pipeline | Sudden stop detected — track IDs: [98, 101, 109, 110, 118, 123, 124, 125, 127, 129]
2026-05-16 01:19:42,739 | WARNING | ai.pipeline | Sudden stop detected — track IDs: [98, 101, 109, 110, 118, 123, 124, 125, 129]
2026-05-16 01:19:42,816 | WARNING | ai.pipeline | Sudden stop detected — track IDs: [98, 101, 109, 110, 118, 123, 124, 125, 129, 131]
2026-05-16 01:19:42,895 | WARNING | ai.pipeline | Sudden stop detected — track IDs: [98, 101, 109, 110, 118, 123, 124, 125, 129, 131]
2026-05-16 01:19:42,972 | WARNING | ai.pipeline | Sudden stop detected — track IDs: [98, 101, 109, 110, 118, 123, 124, 125, 129, 131]
2026-05-16 01:19:43,051 | WARNING | ai.pipeline | Sudden stop detected — track IDs: [98, 101, 109, 110, 118, 123, 124, 125, 129, 131]
2026-05-16 01:19:43,126 | WARNING | ai.pipeline | Sudden stop detected — track IDs: [98, 101, 109, 110, 118, 123, 124, 125, 129, 131]
2026-05-16 01:19:43,205 | WARNING | ai.pipeline | Sudden stop detected — track IDs: [98, 101, 109, 110, 118, 123, 124, 125, 129, 131]
2026-05-16 01:19:43,283 | WARNING | ai.pipeline | Sudden stop detected — track IDs: [98, 101, 109, 110, 118, 123, 124, 125, 129, 131]
2026-05-16 01:19:43,358 | WARNING | ai.pipeline | Sudden stop detected — track IDs: [98, 101, 109, 110, 118, 123, 124, 125, 129, 131]
2026-05-16 01:19:43,436 | WARNING | ai.pipeline | Sudden stop detected — track IDs: [98, 101, 109, 110, 118, 123, 124, 125, 129, 131]
2026-05-16 01:19:43,513 | WARNING | ai.pipeline | Sudden stop detected — track IDs: [98, 101, 109, 110, 118, 123, 124, 125, 129, 131]
2026-05-16 01:19:43,591 | WARNING | ai.pipeline | Sudden stop detected — track IDs: [98, 101, 109, 110, 118, 123, 124, 125, 129, 131]
2026-05-16 01:19:43,669 | WARNING | ai.pipeline | Sudden stop detected — track IDs: [98, 101, 109, 110, 118, 123, 124, 125, 129, 131]
2026-05-16 01:19:43,747 | WARNING | ai.pipeline | Sudden stop detected — track IDs: [98, 101, 109, 110, 118, 123, 124, 125, 129, 131]
2026-05-16 01:19:43,822 | WARNING | ai.pipeline | Sudden stop detected — track IDs: [98, 101, 109, 110, 118, 123, 125, 129, 131]
2026-05-16 01:19:43,902 | WARNING | ai.pipeline | Sudden stop detected — track IDs: [98, 101, 109, 110, 118, 123, 125, 129, 131, 135, 136]
2026-05-16 01:19:43,979 | WARNING | ai.pipeline | Sudden stop detected — track IDs: [98, 101, 109, 110, 118, 123, 125, 129, 131, 135, 136]
2026-05-16 01:19:44,057 | WARNING | ai.pipeline | Sudden stop detected — track IDs: [98, 101, 109, 110, 118, 123, 125, 129, 131, 135, 136]
2026-05-16 01:19:44,138 | WARNING | ai.pipeline | Sudden stop detected — track IDs: [98, 109, 110, 118, 123, 125, 129, 131, 135, 136]
2026-05-16 01:19:44,214 | WARNING | ai.pipeline | Sudden stop detected — track IDs: [98, 109, 110, 118, 123, 125, 129, 131, 135]
2026-05-16 01:19:44,291 | WARNING | ai.pipeline | Sudden stop detected — track IDs: [98, 109, 110, 118, 123, 125, 129, 131, 135]
2026-05-16 01:19:44,367 | WARNING | ai.pipeline | Sudden stop detected — track IDs: [98, 109, 110, 118, 123, 125, 129, 131, 135]
2026-05-16 01:19:44,450 | WARNING | ai.pipeline | Sudden stop detected — track IDs: [98, 109, 110, 118, 123, 125, 129, 131, 135, 136, 137]
2026-05-16 01:19:44,524 | WARNING | ai.pipeline | Sudden stop detected — track IDs: [98, 109, 110, 118, 123, 125, 129, 131, 135, 137]
2026-05-16 01:19:44,601 | WARNING | ai.pipeline | Sudden stop detected — track IDs: [98, 109, 110, 118, 123, 125, 129, 131, 135, 136, 137]
2026-05-16 01:19:44,676 | WARNING | ai.pipeline | Sudden stop detected — track IDs: [98, 109, 110, 118, 123, 125, 129, 131, 135, 137]
2026-05-16 01:19:44,755 | WARNING | ai.pipeline | Sudden stop detected — track IDs: [98, 109, 110, 118, 123, 125, 129, 131, 135, 136, 137]
2026-05-16 01:19:44,833 | WARNING | ai.pipeline | Sudden stop detected — track IDs: [98, 109, 110, 118, 123, 125, 129, 131, 135, 136, 137]
2026-05-16 01:19:44,834 | WARNING | ai.pipeline | Wrong-way vehicle — track IDs: [110]
2026-05-16 01:19:44,911 | WARNING | ai.pipeline | Sudden stop detected — track IDs: [98, 109, 110, 118, 123, 125, 129, 131, 135, 136, 137]
2026-05-16 01:19:44,989 | WARNING | ai.pipeline | Sudden stop detected — track IDs: [98, 109, 110, 118, 123, 125, 129, 131, 135, 136, 137]
2026-05-16 01:19:45,068 | WARNING | ai.pipeline | Sudden stop detected — track IDs: [98, 109, 110, 118, 123, 125, 129, 131, 135, 136, 137]
2026-05-16 01:19:45,143 | WARNING | ai.pipeline | Sudden stop detected — track IDs: [98, 109, 110, 118, 123, 125, 129, 131, 135, 136, 137]
2026-05-16 01:19:45,221 | WARNING | ai.pipeline | Sudden stop detected — track IDs: [98, 109, 110, 118, 123, 125, 129, 131, 135, 136, 137]
2026-05-16 01:19:45,296 | WARNING | ai.pipeline | Sudden stop detected — track IDs: [98, 109, 110, 118, 123, 125, 129, 131, 135, 136, 137]
2026-05-16 01:19:45,375 | WARNING | ai.pipeline | Sudden stop detected — track IDs: [98, 109, 110, 118, 123, 125, 129, 131, 135, 136, 137]
2026-05-16 01:19:45,452 | WARNING | ai.pipeline | Sudden stop detected — track IDs: [98, 109, 110, 118, 123, 125, 129, 131, 135, 136, 137]
2026-05-16 01:19:45,530 | WARNING | ai.pipeline | Sudden stop detected — track IDs: [98, 109, 110, 118, 123, 125, 129, 131, 135, 136, 137, 139, 140]
2026-05-16 01:19:45,605 | WARNING | ai.pipeline | Sudden stop detected — track IDs: [98, 109, 110, 118, 123, 125, 129, 131, 135, 136, 137, 139, 140]
2026-05-16 01:19:45,606 | WARNING | ai.pipeline | Wrong-way vehicle — track IDs: [110]
2026-05-16 01:19:45,681 | WARNING | ai.pipeline | Sudden stop detected — track IDs: [98, 109, 110, 118, 123, 125, 129, 131, 135, 136, 137, 139, 140]
2026-05-16 01:19:45,761 | WARNING | ai.pipeline | Sudden stop detected — track IDs: [98, 109, 110, 118, 123, 125, 129, 131, 135, 136, 137, 139, 140]
2026-05-16 01:19:45,841 | WARNING | ai.pipeline | Sudden stop detected — track IDs: [98, 109, 110, 118, 123, 125, 129, 131, 135, 136, 137, 139, 140, 141]
2026-05-16 01:19:45,917 | WARNING | ai.pipeline | Sudden stop detected — track IDs: [98, 109, 110, 118, 123, 125, 129, 135, 136, 137, 139, 140, 141]
2026-05-16 01:19:45,994 | WARNING | ai.pipeline | Sudden stop detected — track IDs: [98, 109, 110, 118, 123, 125, 129, 135, 136, 137, 139, 140, 141]
2026-05-16 01:19:46,069 | WARNING | ai.pipeline | Sudden stop detected — track IDs: [98, 109, 110, 118, 123, 125, 129, 135, 136, 137, 139, 140, 141]
2026-05-16 01:19:46,147 | WARNING | ai.pipeline | Sudden stop detected — track IDs: [98, 109, 110, 118, 123, 125, 129, 135, 136, 137, 139, 140, 141]
2026-05-16 01:19:46,226 | WARNING | ai.pipeline | Sudden stop detected — track IDs: [98, 109, 110, 118, 123, 125, 129, 135, 136, 137, 139, 140, 141]
2026-05-16 01:19:46,304 | WARNING | ai.pipeline | Sudden stop detected — track IDs: [98, 109, 110, 118, 123, 125, 129, 135, 136, 137, 140, 141]
2026-05-16 01:19:46,379 | WARNING | ai.pipeline | Sudden stop detected — track IDs: [98, 109, 110, 118, 123, 125, 129, 135, 136, 137, 139, 140, 141]
2026-05-16 01:19:46,460 | WARNING | ai.pipeline | Sudden stop detected — track IDs: [98, 109, 110, 118, 123, 125, 129, 135, 136, 137, 139, 140, 141]
2026-05-16 01:19:46,537 | WARNING | ai.pipeline | Sudden stop detected — track IDs: [98, 109, 110, 118, 123, 125, 129, 135, 136, 137, 139, 140, 141]
2026-05-16 01:19:46,609 | WARNING | ai.pipeline | Sudden stop detected — track IDs: [98, 109, 110, 118, 123, 125, 129, 135, 136, 137, 139, 140, 141]
2026-05-16 01:19:46,689 | WARNING | ai.pipeline | Sudden stop detected — track IDs: [98, 109, 110, 118, 123, 125, 129, 135, 136, 137, 139, 140, 141]
2026-05-16 01:19:46,765 | WARNING | ai.pipeline | Sudden stop detected — track IDs: [98, 109, 110, 118, 123, 125, 129, 135, 136, 137, 139, 140, 141]
2026-05-16 01:19:46,847 | WARNING | ai.pipeline | Sudden stop detected — track IDs: [110, 118, 123, 125, 129, 135, 136, 137, 139, 140, 141, 142]
2026-05-16 01:19:46,925 | WARNING | ai.pipeline | Sudden stop detected — track IDs: [110, 118, 123, 125, 129, 135, 136, 137, 139, 140, 141, 142]
2026-05-16 01:19:47,003 | WARNING | ai.pipeline | Sudden stop detected — track IDs: [110, 118, 123, 125, 129, 135, 136, 137, 139, 140, 141, 142]
2026-05-16 01:19:47,083 | WARNING | ai.pipeline | Sudden stop detected — track IDs: [110, 118, 123, 125, 129, 135, 136, 137, 139, 140, 141, 142]
2026-05-16 01:19:47,162 | WARNING | ai.pipeline | Sudden stop detected — track IDs: [110, 118, 123, 125, 129, 135, 136, 137, 139, 140, 141, 142]
2026-05-16 01:19:47,234 | WARNING | ai.pipeline | Sudden stop detected — track IDs: [110, 118, 123, 125, 129, 135, 136, 137, 139, 140, 141, 142]
2026-05-16 01:19:47,306 | WARNING | ai.pipeline | Sudden stop detected — track IDs: [110, 118, 123, 125, 129, 135, 136, 137, 139, 140, 141, 142]
2026-05-16 01:19:47,389 | WARNING | ai.pipeline | Sudden stop detected — track IDs: [110, 118, 123, 125, 129, 135, 136, 137, 139, 140, 141, 142]
2026-05-16 01:19:47,463 | WARNING | ai.pipeline | Sudden stop detected — track IDs: [110, 118, 123, 125, 129, 135, 136, 137, 139, 140, 141, 142]
2026-05-16 01:19:47,541 | WARNING | ai.pipeline | Sudden stop detected — track IDs: [110, 118, 123, 125, 129, 135, 136, 137, 139, 140, 141, 142]
2026-05-16 01:19:47,619 | WARNING | ai.pipeline | Sudden stop detected — track IDs: [110, 118, 123, 125, 129, 136, 137, 139, 140, 141, 142]
2026-05-16 01:19:47,693 | WARNING | ai.pipeline | Sudden stop detected — track IDs: [110, 118, 123, 125, 129, 136, 137, 139, 140, 141, 142]
2026-05-16 01:19:47,777 | WARNING | ai.pipeline | Sudden stop detected — track IDs: [110, 118, 123, 125, 129, 136, 137, 139, 141, 142]
2026-05-16 01:19:47,855 | WARNING | ai.pipeline | Sudden stop detected — track IDs: [110, 123, 125, 129, 136, 137, 139, 140, 141, 142]
2026-05-16 01:19:47,933 | WARNING | ai.pipeline | Sudden stop detected — track IDs: [110, 123, 125, 129, 136, 137, 139, 141, 142]
2026-05-16 01:19:48,012 | WARNING | ai.pipeline | Sudden stop detected — track IDs: [110, 123, 125, 129, 136, 137, 139, 140, 141, 142]
2026-05-16 01:19:48,086 | WARNING | ai.pipeline | Sudden stop detected — track IDs: [110, 123, 125, 129, 136, 137, 139, 141, 142]
2026-05-16 01:19:48,161 | WARNING | ai.pipeline | Sudden stop detected — track IDs: [110, 123, 125, 129, 136, 137, 139, 141, 142]
2026-05-16 01:19:48,238 | WARNING | ai.pipeline | Sudden stop detected — track IDs: [110, 123, 125, 129, 136, 137, 139, 141, 142]
2026-05-16 01:19:48,319 | WARNING | ai.pipeline | Sudden stop detected — track IDs: [110, 123, 125, 129, 136, 137, 139, 141, 142, 144]
2026-05-16 01:19:48,393 | WARNING | ai.pipeline | Sudden stop detected — track IDs: [110, 123, 125, 129, 136, 137, 139, 141, 142, 144]
2026-05-16 01:19:48,470 | WARNING | ai.pipeline | Sudden stop detected — track IDs: [110, 123, 125, 129, 136, 137, 139, 141, 142, 144]
2026-05-16 01:19:48,548 | WARNING | ai.pipeline | Sudden stop detected — track IDs: [110, 123, 125, 129, 136, 137, 139, 141, 142, 144]
2026-05-16 01:19:48,627 | WARNING | ai.pipeline | Sudden stop detected — track IDs: [110, 123, 125, 129, 136, 137, 139, 141, 142, 144]
2026-05-16 01:19:48,704 | WARNING | ai.pipeline | Sudden stop detected — track IDs: [110, 123, 125, 129, 136, 137, 139, 141, 142, 144]
2026-05-16 01:19:48,779 | WARNING | ai.pipeline | Sudden stop detected — track IDs: [110, 123, 125, 129, 136, 137, 139, 141, 142, 144]
2026-05-16 01:19:48,859 | WARNING | ai.pipeline | Sudden stop detected — track IDs: [123, 125, 129, 136, 137, 139, 141, 142, 144]
2026-05-16 01:19:48,936 | WARNING | ai.pipeline | Sudden stop detected — track IDs: [123, 125, 129, 136, 137, 139, 141, 142, 144]
2026-05-16 01:19:49,012 | WARNING | ai.pipeline | Sudden stop detected — track IDs: [123, 125, 129, 136, 137, 139, 141, 142, 144]
2026-05-16 01:19:49,091 | WARNING | ai.pipeline | Sudden stop detected — track IDs: [123, 125, 129, 136, 137, 139, 140, 141, 142, 144]
2026-05-16 01:19:49,168 | WARNING | ai.pipeline | Sudden stop detected — track IDs: [123, 125, 129, 136, 137, 139, 141, 142, 144]
2026-05-16 01:19:49,247 | WARNING | ai.pipeline | Sudden stop detected — track IDs: [123, 125, 129, 136, 137, 139, 141, 142, 144]
2026-05-16 01:19:49,325 | WARNING | ai.pipeline | Sudden stop detected — track IDs: [123, 125, 129, 136, 137, 139, 141, 142, 144]
2026-05-16 01:19:49,402 | WARNING | ai.pipeline | Sudden stop detected — track IDs: [123, 125, 129, 136, 137, 139, 141, 142, 144, 146, 147]
2026-05-16 01:19:49,478 | WARNING | ai.pipeline | Sudden stop detected — track IDs: [123, 125, 136, 137, 139, 141, 142, 144, 146, 147]
2026-05-16 01:19:49,556 | WARNING | ai.pipeline | Sudden stop detected — track IDs: [123, 125, 136, 137, 139, 141, 142, 144, 146, 147]
2026-05-16 01:19:49,634 | WARNING | ai.pipeline | Sudden stop detected — track IDs: [123, 125, 136, 137, 139, 141, 142, 144, 146, 147]
2026-05-16 01:19:49,711 | WARNING | ai.pipeline | Sudden stop detected — track IDs: [123, 125, 136, 137, 139, 142, 144, 146, 147]
2026-05-16 01:19:49,788 | WARNING | ai.pipeline | Sudden stop detected — track IDs: [123, 125, 136, 137, 139, 142, 144, 146, 147]
2026-05-16 01:19:49,864 | WARNING | ai.pipeline | Sudden stop detected — track IDs: [123, 125, 136, 137, 139, 142, 144, 146, 147]
2026-05-16 01:19:49,945 | WARNING | ai.pipeline | Sudden stop detected — track IDs: [123, 125, 136, 137, 139, 142, 144, 146, 147]
2026-05-16 01:19:50,020 | WARNING | ai.pipeline | Sudden stop detected — track IDs: [123, 125, 136, 137, 139, 142, 144, 146, 147]
2026-05-16 01:19:50,098 | WARNING | ai.pipeline | Sudden stop detected — track IDs: [123, 125, 136, 137, 139, 144, 146, 147]
2026-05-16 01:19:50,175 | WARNING | ai.pipeline | Sudden stop detected — track IDs: [123, 125, 136, 137, 139, 144, 146, 147]
2026-05-16 01:19:50,253 | WARNING | ai.pipeline | Sudden stop detected — track IDs: [123, 125, 136, 137, 139, 144, 146, 147]
2026-05-16 01:19:50,330 | WARNING | ai.pipeline | Sudden stop detected — track IDs: [123, 125, 136, 137, 139, 144, 146, 147, 150]
2026-05-16 01:19:50,409 | WARNING | ai.pipeline | Sudden stop detected — track IDs: [123, 125, 136, 137, 139, 144, 146, 147, 150]
2026-05-16 01:19:50,489 | WARNING | ai.pipeline | Sudden stop detected — track IDs: [123, 125, 136, 137, 139, 144, 146, 147, 150]
2026-05-16 01:19:50,565 | WARNING | ai.pipeline | Sudden stop detected — track IDs: [123, 125, 136, 137, 139, 144, 146, 147]
2026-05-16 01:19:50,643 | WARNING | ai.pipeline | Sudden stop detected — track IDs: [123, 125, 136, 137, 139, 144, 146, 147, 150]
2026-05-16 01:19:50,718 | WARNING | ai.pipeline | Sudden stop detected — track IDs: [123, 125, 136, 137, 139, 144, 146, 147, 150]
2026-05-16 01:19:50,718 | WARNING | ai.pipeline | Wrong-way vehicle — track IDs: [150]
2026-05-16 01:19:50,799 | WARNING | ai.pipeline | Sudden stop detected — track IDs: [123, 125, 136, 137, 139, 144, 146, 147]
2026-05-16 01:19:50,876 | WARNING | ai.pipeline | Sudden stop detected — track IDs: [123, 125, 136, 137, 139, 144, 146, 147]
2026-05-16 01:19:50,953 | WARNING | ai.pipeline | Sudden stop detected — track IDs: [123, 125, 136, 137, 139, 144, 146, 147, 150]
2026-05-16 01:19:51,032 | WARNING | ai.pipeline | Sudden stop detected — track IDs: [123, 136, 137, 139, 144, 146, 147, 150]
2026-05-16 01:19:51,107 | WARNING | ai.pipeline | Sudden stop detected — track IDs: [123, 136, 137, 139, 144, 146, 147, 150]
2026-05-16 01:19:51,184 | WARNING | ai.pipeline | Sudden stop detected — track IDs: [123, 136, 137, 139, 144, 146, 147, 150]
2026-05-16 01:19:51,185 | INFO | ai.analytics.event_logger | Snapshot saved: outputs/snapshot_1778874591.json
2026-05-16 01:19:51,264 | WARNING | ai.pipeline | Sudden stop detected — track IDs: [123, 136, 137, 139, 144, 146, 147, 150]
2026-05-16 01:19:51,341 | WARNING | ai.pipeline | Sudden stop detected — track IDs: [123, 136, 137, 139, 144, 146, 147, 150]
2026-05-16 01:19:51,415 | WARNING | ai.pipeline | Sudden stop detected — track IDs: [123, 136, 137, 139, 144, 146, 147, 150]
2026-05-16 01:19:51,495 | WARNING | ai.pipeline | Sudden stop detected — track IDs: [123, 136, 137, 139, 144, 146, 147, 150]
2026-05-16 01:19:51,574 | WARNING | ai.pipeline | Sudden stop detected — track IDs: [123, 136, 137, 139, 144, 146, 147, 150]
2026-05-16 01:19:51,649 | WARNING | ai.pipeline | Sudden stop detected — track IDs: [123, 136, 137, 139, 144, 146, 147, 150, 156]
2026-05-16 01:19:51,726 | WARNING | ai.pipeline | Sudden stop detected — track IDs: [123, 136, 137, 139, 144, 146, 147, 150, 156]
2026-05-16 01:19:51,726 | WARNING | ai.pipeline | Wrong-way vehicle — track IDs: [150]
2026-05-16 01:19:51,804 | WARNING | ai.pipeline | Sudden stop detected — track IDs: [123, 136, 137, 139, 144, 146, 147, 150, 156]
2026-05-16 01:19:51,889 | WARNING | ai.pipeline | Sudden stop detected — track IDs: [123, 136, 137, 139, 144, 146, 147, 156]
2026-05-16 01:19:51,967 | WARNING | ai.pipeline | Sudden stop detected — track IDs: [123, 136, 137, 139, 144, 146, 150, 156]
2026-05-16 01:19:52,041 | WARNING | ai.pipeline | Sudden stop detected — track IDs: [123, 136, 137, 139, 144, 146, 150]
2026-05-16 01:19:52,113 | WARNING | ai.pipeline | Sudden stop detected — track IDs: [123, 136, 137, 139, 144, 146, 150, 159]
2026-05-16 01:19:52,192 | WARNING | ai.pipeline | Sudden stop detected — track IDs: [136, 137, 139, 144, 146, 150, 156, 159]
2026-05-16 01:19:52,275 | WARNING | ai.pipeline | Sudden stop detected — track IDs: [136, 137, 139, 144, 146, 150, 159]
2026-05-16 01:19:52,350 | WARNING | ai.pipeline | Sudden stop detected — track IDs: [136, 137, 139, 144, 146, 150, 159]
2026-05-16 01:19:52,350 | WARNING | ai.pipeline | Wrong-way vehicle — track IDs: [139, 150]
2026-05-16 01:19:52,360 | INFO | ai.pipeline | Shutdown requested.
2026-05-16 01:19:52,383 | INFO | ai.pipeline | Session ended | frames=655 | duration=51.3s | avg_fps=12.8
